<?xml version="1.0" encoding="ISO-8859-1" ?>
<link_info>
   <banner>TI ARM Linker PC v20.2.1.LTS</banner>
   <copyright>Copyright (c) 1996-2018 Texas Instruments Incorporated</copyright>
   <link_time>0x60476ae5</link_time>
   <link_errors>0x0</link_errors>
   <output_file>KIT21_LVBMS_Code.out</output_file>
   <entry_point>
      <name>_c_int00_noargs</name>
      <address>0x2ed5</address>
   </entry_point>
   <input_file_list>
      <input_file id="fl-2">
         <path>.\</path>
         <kind>object</kind>
         <file>main.obj</file>
         <name>main.obj</name>
      </input_file>
      <input_file id="fl-3">
         <path>.\</path>
         <kind>object</kind>
         <file>tm4c123gh6pm_startup_ccs.obj</file>
         <name>tm4c123gh6pm_startup_ccs.obj</name>
      </input_file>
      <input_file id="fl-4">
         <path>.\src\</path>
         <kind>object</kind>
         <file>ADC.obj</file>
         <name>ADC.obj</name>
      </input_file>
      <input_file id="fl-5">
         <path>.\src\</path>
         <kind>object</kind>
         <file>CANDriver.obj</file>
         <name>CANDriver.obj</name>
      </input_file>
      <input_file id="fl-6">
         <path>.\src\</path>
         <kind>object</kind>
         <file>GPIO.obj</file>
         <name>GPIO.obj</name>
      </input_file>
      <input_file id="fl-7">
         <path>.\src\</path>
         <kind>object</kind>
         <file>I2C.obj</file>
         <name>I2C.obj</name>
      </input_file>
      <input_file id="fl-8">
         <path>.\src\</path>
         <kind>object</kind>
         <file>Timer.obj</file>
         <name>Timer.obj</name>
      </input_file>
      <input_file id="fl-e">
         <kind>object</kind>
         <file>&lt;internal&gt;</file>
         <name>&lt;internal&gt;</name>
      </input_file>
      <input_file id="fl-f">
         <path>..\</path>
         <kind>archive</kind>
         <file>driverlib.lib</file>
         <name>timer.obj</name>
      </input_file>
      <input_file id="fl-10">
         <path>..\</path>
         <kind>archive</kind>
         <file>driverlib.lib</file>
         <name>sysctl.obj</name>
      </input_file>
      <input_file id="fl-11">
         <path>..\</path>
         <kind>archive</kind>
         <file>driverlib.lib</file>
         <name>interrupt.obj</name>
      </input_file>
      <input_file id="fl-12">
         <path>..\</path>
         <kind>archive</kind>
         <file>driverlib.lib</file>
         <name>i2c.obj</name>
      </input_file>
      <input_file id="fl-13">
         <path>..\</path>
         <kind>archive</kind>
         <file>driverlib.lib</file>
         <name>gpio.obj</name>
      </input_file>
      <input_file id="fl-14">
         <path>..\</path>
         <kind>archive</kind>
         <file>driverlib.lib</file>
         <name>cpu.obj</name>
      </input_file>
      <input_file id="fl-15">
         <path>..\</path>
         <kind>archive</kind>
         <file>driverlib.lib</file>
         <name>adc.obj</name>
      </input_file>
      <input_file id="fl-cb">
         <path>D:\Backup\CCS\ccs\tools\compiler\ti-cgt-arm_20.2.1.LTS\lib\</path>
         <kind>archive</kind>
         <file>rtsv7M4_T_le_v4SPD16_eabi.lib</file>
         <name>e_logf.c.obj</name>
      </input_file>
      <input_file id="fl-cc">
         <path>D:\Backup\CCS\ccs\tools\compiler\ti-cgt-arm_20.2.1.LTS\lib\</path>
         <kind>archive</kind>
         <file>rtsv7M4_T_le_v4SPD16_eabi.lib</file>
         <name>e_log.c.obj</name>
      </input_file>
      <input_file id="fl-cd">
         <path>D:\Backup\CCS\ccs\tools\compiler\ti-cgt-arm_20.2.1.LTS\lib\</path>
         <kind>archive</kind>
         <file>rtsv7M4_T_le_v4SPD16_eabi.lib</file>
         <name>memset_t2.asm.obj</name>
      </input_file>
      <input_file id="fl-ce">
         <path>D:\Backup\CCS\ccs\tools\compiler\ti-cgt-arm_20.2.1.LTS\lib\</path>
         <kind>archive</kind>
         <file>rtsv7M4_T_le_v4SPD16_eabi.lib</file>
         <name>fd_add_t2.asm.obj</name>
      </input_file>
      <input_file id="fl-cf">
         <path>D:\Backup\CCS\ccs\tools\compiler\ti-cgt-arm_20.2.1.LTS\lib\</path>
         <kind>archive</kind>
         <file>rtsv7M4_T_le_v4SPD16_eabi.lib</file>
         <name>fd_cmp_t2.asm.obj</name>
      </input_file>
      <input_file id="fl-d0">
         <path>D:\Backup\CCS\ccs\tools\compiler\ti-cgt-arm_20.2.1.LTS\lib\</path>
         <kind>archive</kind>
         <file>rtsv7M4_T_le_v4SPD16_eabi.lib</file>
         <name>fd_div_t2.asm.obj</name>
      </input_file>
      <input_file id="fl-d1">
         <path>D:\Backup\CCS\ccs\tools\compiler\ti-cgt-arm_20.2.1.LTS\lib\</path>
         <kind>archive</kind>
         <file>rtsv7M4_T_le_v4SPD16_eabi.lib</file>
         <name>fd_mul_t2.asm.obj</name>
      </input_file>
      <input_file id="fl-d2">
         <path>D:\Backup\CCS\ccs\tools\compiler\ti-cgt-arm_20.2.1.LTS\lib\</path>
         <kind>archive</kind>
         <file>rtsv7M4_T_le_v4SPD16_eabi.lib</file>
         <name>fd_toi_t2.asm.obj</name>
      </input_file>
      <input_file id="fl-d3">
         <path>D:\Backup\CCS\ccs\tools\compiler\ti-cgt-arm_20.2.1.LTS\lib\</path>
         <kind>archive</kind>
         <file>rtsv7M4_T_le_v4SPD16_eabi.lib</file>
         <name>fd_tos_t2.asm.obj</name>
      </input_file>
      <input_file id="fl-d4">
         <path>D:\Backup\CCS\ccs\tools\compiler\ti-cgt-arm_20.2.1.LTS\lib\</path>
         <kind>archive</kind>
         <file>rtsv7M4_T_le_v4SPD16_eabi.lib</file>
         <name>fd_tou_t2.asm.obj</name>
      </input_file>
      <input_file id="fl-d5">
         <path>D:\Backup\CCS\ccs\tools\compiler\ti-cgt-arm_20.2.1.LTS\lib\</path>
         <kind>archive</kind>
         <file>rtsv7M4_T_le_v4SPD16_eabi.lib</file>
         <name>fs_tod_t2.asm.obj</name>
      </input_file>
      <input_file id="fl-d6">
         <path>D:\Backup\CCS\ccs\tools\compiler\ti-cgt-arm_20.2.1.LTS\lib\</path>
         <kind>archive</kind>
         <file>rtsv7M4_T_le_v4SPD16_eabi.lib</file>
         <name>i_tofd_t2.asm.obj</name>
      </input_file>
      <input_file id="fl-d7">
         <path>D:\Backup\CCS\ccs\tools\compiler\ti-cgt-arm_20.2.1.LTS\lib\</path>
         <kind>archive</kind>
         <file>rtsv7M4_T_le_v4SPD16_eabi.lib</file>
         <name>u_tofd_t2.asm.obj</name>
      </input_file>
      <input_file id="fl-d8">
         <path>D:\Backup\CCS\ccs\tools\compiler\ti-cgt-arm_20.2.1.LTS\lib\</path>
         <kind>archive</kind>
         <file>rtsv7M4_T_le_v4SPD16_eabi.lib</file>
         <name>copy_zero_init.c.obj</name>
      </input_file>
      <input_file id="fl-d9">
         <path>D:\Backup\CCS\ccs\tools\compiler\ti-cgt-arm_20.2.1.LTS\lib\</path>
         <kind>archive</kind>
         <file>rtsv7M4_T_le_v4SPD16_eabi.lib</file>
         <name>copy_decompress_none.c.obj</name>
      </input_file>
      <input_file id="fl-da">
         <path>D:\Backup\CCS\ccs\tools\compiler\ti-cgt-arm_20.2.1.LTS\lib\</path>
         <kind>archive</kind>
         <file>rtsv7M4_T_le_v4SPD16_eabi.lib</file>
         <name>copy_decompress_lzss.c.obj</name>
      </input_file>
      <input_file id="fl-db">
         <path>D:\Backup\CCS\ccs\tools\compiler\ti-cgt-arm_20.2.1.LTS\lib\</path>
         <kind>archive</kind>
         <file>rtsv7M4_T_le_v4SPD16_eabi.lib</file>
         <name>errno.c.obj</name>
      </input_file>
      <input_file id="fl-dc">
         <path>D:\Backup\CCS\ccs\tools\compiler\ti-cgt-arm_20.2.1.LTS\lib\</path>
         <kind>archive</kind>
         <file>rtsv7M4_T_le_v4SPD16_eabi.lib</file>
         <name>boot_cortex_m.c.obj</name>
      </input_file>
      <input_file id="fl-dd">
         <path>D:\Backup\CCS\ccs\tools\compiler\ti-cgt-arm_20.2.1.LTS\lib\</path>
         <kind>archive</kind>
         <file>rtsv7M4_T_le_v4SPD16_eabi.lib</file>
         <name>memcpy_t2.asm.obj</name>
      </input_file>
      <input_file id="fl-de">
         <path>D:\Backup\CCS\ccs\tools\compiler\ti-cgt-arm_20.2.1.LTS\lib\</path>
         <kind>archive</kind>
         <file>rtsv7M4_T_le_v4SPD16_eabi.lib</file>
         <name>autoinit.c.obj</name>
      </input_file>
      <input_file id="fl-df">
         <path>D:\Backup\CCS\ccs\tools\compiler\ti-cgt-arm_20.2.1.LTS\lib\</path>
         <kind>archive</kind>
         <file>rtsv7M4_T_le_v4SPD16_eabi.lib</file>
         <name>pre_init.c.obj</name>
      </input_file>
      <input_file id="fl-e0">
         <path>D:\Backup\CCS\ccs\tools\compiler\ti-cgt-arm_20.2.1.LTS\lib\</path>
         <kind>archive</kind>
         <file>rtsv7M4_T_le_v4SPD16_eabi.lib</file>
         <name>cpy_tbl.c.obj</name>
      </input_file>
      <input_file id="fl-e1">
         <path>D:\Backup\CCS\ccs\tools\compiler\ti-cgt-arm_20.2.1.LTS\lib\</path>
         <kind>archive</kind>
         <file>rtsv7M4_T_le_v4SPD16_eabi.lib</file>
         <name>exit.c.obj</name>
      </input_file>
      <input_file id="fl-e2">
         <path>D:\Backup\CCS\ccs\tools\compiler\ti-cgt-arm_20.2.1.LTS\lib\</path>
         <kind>archive</kind>
         <file>rtsv7M4_T_le_v4SPD16_eabi.lib</file>
         <name>_lock.c.obj</name>
      </input_file>
      <input_file id="fl-e3">
         <path>D:\Backup\CCS\ccs\tools\compiler\ti-cgt-arm_20.2.1.LTS\lib\</path>
         <kind>archive</kind>
         <file>rtsv7M4_T_le_v4SPD16_eabi.lib</file>
         <name>args_main.c.obj</name>
      </input_file>
   </input_file_list>
   <object_component_list>
      <object_component id="oc-12">
         <name>.intvecs</name>
         <load_address>0x0</load_address>
         <run_address>0x0</run_address>
         <size>0x26c</size>
         <input_file_ref idref="fl-3"/>
      </object_component>
      <object_component id="oc-f8">
         <name>.text</name>
         <load_address>0x26c</load_address>
         <run_address>0x26c</run_address>
         <size>0x116c</size>
         <input_file_ref idref="fl-7"/>
      </object_component>
      <object_component id="oc-f2">
         <name>.text</name>
         <load_address>0x13d8</load_address>
         <run_address>0x13d8</run_address>
         <size>0x7ec</size>
         <input_file_ref idref="fl-4"/>
      </object_component>
      <object_component id="oc-1fe">
         <name>.text:log</name>
         <load_address>0x1bc4</load_address>
         <run_address>0x1bc4</run_address>
         <size>0x3c4</size>
         <input_file_ref idref="fl-cc"/>
      </object_component>
      <object_component id="oc-277">
         <name>.text:logf</name>
         <load_address>0x1f88</load_address>
         <run_address>0x1f88</run_address>
         <size>0x1f0</size>
         <input_file_ref idref="fl-cb"/>
      </object_component>
      <object_component id="oc-9b">
         <name>.text</name>
         <load_address>0x2178</load_address>
         <run_address>0x2178</run_address>
         <size>0x1d0</size>
         <input_file_ref idref="fl-2"/>
      </object_component>
      <object_component id="oc-1e7">
         <name>.text</name>
         <load_address>0x2348</load_address>
         <run_address>0x2348</run_address>
         <size>0x1b6</size>
         <input_file_ref idref="fl-ce"/>
      </object_component>
      <object_component id="oc-1cc">
         <name>.text</name>
         <load_address>0x24fe</load_address>
         <run_address>0x24fe</run_address>
         <size>0x136</size>
         <input_file_ref idref="fl-d0"/>
      </object_component>
      <object_component id="oc-23b">
         <name>.text:GPIOPadConfigSet</name>
         <load_address>0x2634</load_address>
         <run_address>0x2634</run_address>
         <size>0x130</size>
         <input_file_ref idref="fl-13"/>
      </object_component>
      <object_component id="oc-ec">
         <name>.text</name>
         <load_address>0x2764</load_address>
         <run_address>0x2764</run_address>
         <size>0x11c</size>
         <input_file_ref idref="fl-6"/>
      </object_component>
      <object_component id="oc-e6">
         <name>.text:SysCtlClockSet</name>
         <load_address>0x2880</load_address>
         <run_address>0x2880</run_address>
         <size>0x104</size>
         <input_file_ref idref="fl-10"/>
      </object_component>
      <object_component id="oc-1d6">
         <name>.text</name>
         <load_address>0x2984</load_address>
         <run_address>0x2984</run_address>
         <size>0xfc</size>
         <input_file_ref idref="fl-d1"/>
      </object_component>
      <object_component id="oc-3b">
         <name>.text</name>
         <load_address>0x2a80</load_address>
         <run_address>0x2a80</run_address>
         <size>0x9c</size>
         <input_file_ref idref="fl-dd"/>
      </object_component>
      <object_component id="oc-28e">
         <name>.text:__aeabi_cdcmple</name>
         <load_address>0x2b1c</load_address>
         <run_address>0x2b1c</run_address>
         <size>0x86</size>
         <input_file_ref idref="fl-cf"/>
      </object_component>
      <object_component id="oc-8f">
         <name>.text</name>
         <load_address>0x2ba2</load_address>
         <run_address>0x2ba2</run_address>
         <size>0x7a</size>
         <input_file_ref idref="fl-cd"/>
      </object_component>
      <object_component id="oc-1a3">
         <name>.text:ADCSequenceStepConfigure</name>
         <load_address>0x2c1c</load_address>
         <run_address>0x2c1c</run_address>
         <size>0x70</size>
         <input_file_ref idref="fl-15"/>
      </object_component>
      <object_component id="oc-1db">
         <name>.text</name>
         <load_address>0x2c8c</load_address>
         <run_address>0x2c8c</run_address>
         <size>0x6e</size>
         <input_file_ref idref="fl-d3"/>
      </object_component>
      <object_component id="oc-15">
         <name>.text:decompress:lzss:__TI_decompress_lzss</name>
         <load_address>0x2cfa</load_address>
         <run_address>0x2cfa</run_address>
         <size>0x68</size>
         <input_file_ref idref="fl-da"/>
      </object_component>
      <object_component id="oc-1f4">
         <name>.text</name>
         <load_address>0x2d62</load_address>
         <run_address>0x2d62</run_address>
         <size>0x48</size>
         <input_file_ref idref="fl-d2"/>
      </object_component>
      <object_component id="oc-125">
         <name>.text:__TI_auto_init_nobinit_nopinit:__TI_auto_init_nobinit_nopinit</name>
         <load_address>0x2dac</load_address>
         <run_address>0x2dac</run_address>
         <size>0x44</size>
         <input_file_ref idref="fl-de"/>
      </object_component>
      <object_component id="oc-1f9">
         <name>.text</name>
         <load_address>0x2df0</load_address>
         <run_address>0x2df0</run_address>
         <size>0x44</size>
         <input_file_ref idref="fl-d4"/>
      </object_component>
      <object_component id="oc-1d1">
         <name>.text</name>
         <load_address>0x2e34</load_address>
         <run_address>0x2e34</run_address>
         <size>0x38</size>
         <input_file_ref idref="fl-d5"/>
      </object_component>
      <object_component id="oc-16a">
         <name>.text:SysCtlPeripheralEnable</name>
         <load_address>0x2e6c</load_address>
         <run_address>0x2e6c</run_address>
         <size>0x34</size>
         <input_file_ref idref="fl-10"/>
      </object_component>
      <object_component id="oc-17f">
         <name>.text:SysCtlPeripheralReady</name>
         <load_address>0x2ea0</load_address>
         <run_address>0x2ea0</run_address>
         <size>0x34</size>
         <input_file_ref idref="fl-10"/>
      </object_component>
      <object_component id="oc-59">
         <name>.text:_c_int00_noargs:_c_int00_noargs</name>
         <load_address>0x2ed4</load_address>
         <run_address>0x2ed4</run_address>
         <size>0x34</size>
         <input_file_ref idref="fl-dc"/>
      </object_component>
      <object_component id="oc-1bb">
         <name>.text:ADCIntStatus</name>
         <load_address>0x2f08</load_address>
         <run_address>0x2f08</run_address>
         <size>0x2e</size>
         <input_file_ref idref="fl-15"/>
      </object_component>
      <object_component id="oc-1ef">
         <name>.text</name>
         <load_address>0x2f36</load_address>
         <run_address>0x2f36</run_address>
         <size>0x2e</size>
         <input_file_ref idref="fl-d6"/>
      </object_component>
      <object_component id="oc-191">
         <name>.text:ADCSequenceConfigure</name>
         <load_address>0x2f64</load_address>
         <run_address>0x2f64</run_address>
         <size>0x2c</size>
         <input_file_ref idref="fl-15"/>
      </object_component>
      <object_component id="oc-241">
         <name>.text:GPIODirModeSet</name>
         <load_address>0x2f90</load_address>
         <run_address>0x2f90</run_address>
         <size>0x2a</size>
         <input_file_ref idref="fl-13"/>
      </object_component>
      <object_component id="oc-1c7">
         <name>.text</name>
         <load_address>0x2fba</load_address>
         <run_address>0x2fba</run_address>
         <size>0x20</size>
         <input_file_ref idref="fl-d7"/>
      </object_component>
      <object_component id="oc-1c1">
         <name>.text:ADCSequenceDataGet</name>
         <load_address>0x2fda</load_address>
         <run_address>0x2fda</run_address>
         <size>0x1e</size>
         <input_file_ref idref="fl-15"/>
      </object_component>
      <object_component id="oc-170">
         <name>.text:GPIOPinTypeGPIOOutput</name>
         <load_address>0x2ff8</load_address>
         <run_address>0x2ff8</run_address>
         <size>0x18</size>
         <input_file_ref idref="fl-13"/>
      </object_component>
      <object_component id="oc-1b5">
         <name>.text:ADCProcessorTrigger</name>
         <load_address>0x3010</load_address>
         <run_address>0x3010</run_address>
         <size>0x16</size>
         <input_file_ref idref="fl-15"/>
      </object_component>
      <object_component id="oc-19d">
         <name>.text:ADCHardwareOversampleConfigure</name>
         <load_address>0x3026</load_address>
         <run_address>0x3026</run_address>
         <size>0x12</size>
         <input_file_ref idref="fl-15"/>
      </object_component>
      <object_component id="oc-185">
         <name>.text:GPIOPinTypeADC</name>
         <load_address>0x3038</load_address>
         <run_address>0x3038</run_address>
         <size>0x12</size>
         <input_file_ref idref="fl-13"/>
      </object_component>
      <object_component id="oc-1e0">
         <name>.text:_Z3logf</name>
         <load_address>0x304a</load_address>
         <run_address>0x304a</run_address>
         <size>0x10</size>
         <input_file_ref idref="fl-4"/>
      </object_component>
      <object_component id="oc-18b">
         <name>.text:ADCSequenceDisable</name>
         <load_address>0x305a</load_address>
         <run_address>0x305a</run_address>
         <size>0xe</size>
         <input_file_ref idref="fl-15"/>
      </object_component>
      <object_component id="oc-1a9">
         <name>.text:ADCSequenceEnable</name>
         <load_address>0x3068</load_address>
         <run_address>0x3068</run_address>
         <size>0xe</size>
         <input_file_ref idref="fl-15"/>
      </object_component>
      <object_component id="oc-1b">
         <name>.text:decompress:none:__TI_decompress_none</name>
         <load_address>0x3076</load_address>
         <run_address>0x3076</run_address>
         <size>0xe</size>
         <input_file_ref idref="fl-d9"/>
      </object_component>
      <object_component id="oc-197">
         <name>.text:ADCReferenceSet</name>
         <load_address>0x3084</load_address>
         <run_address>0x3084</run_address>
         <size>0xc</size>
         <input_file_ref idref="fl-15"/>
      </object_component>
      <object_component id="oc-27">
         <name>.text</name>
         <load_address>0x3090</load_address>
         <run_address>0x3090</run_address>
         <size>0xc</size>
         <input_file_ref idref="fl-3"/>
      </object_component>
      <object_component id="oc-1af">
         <name>.text:ADCIntClear</name>
         <load_address>0x309c</load_address>
         <run_address>0x309c</run_address>
         <size>0xa</size>
         <input_file_ref idref="fl-15"/>
      </object_component>
      <object_component id="oc-ce">
         <name>.text:I2CMasterBusBusy</name>
         <load_address>0x30a6</load_address>
         <run_address>0x30a6</run_address>
         <size>0x8</size>
         <input_file_ref idref="fl-12"/>
      </object_component>
      <object_component id="oc-da">
         <name>.text:I2CMasterBusy</name>
         <load_address>0x30ae</load_address>
         <run_address>0x30ae</run_address>
         <size>0x8</size>
         <input_file_ref idref="fl-12"/>
      </object_component>
      <object_component id="oc-c2">
         <name>.text:I2CMasterSlaveAddrSet</name>
         <load_address>0x30b6</load_address>
         <run_address>0x30b6</run_address>
         <size>0x8</size>
         <input_file_ref idref="fl-12"/>
      </object_component>
      <object_component id="oc-288">
         <name>.text:__aeabi_errno_addr</name>
         <load_address>0x30c0</load_address>
         <run_address>0x30c0</run_address>
         <size>0x8</size>
         <input_file_ref idref="fl-db"/>
      </object_component>
      <object_component id="oc-176">
         <name>.text:GPIOPinWrite</name>
         <load_address>0x30c8</load_address>
         <run_address>0x30c8</run_address>
         <size>0x6</size>
         <input_file_ref idref="fl-13"/>
      </object_component>
      <object_component id="oc-fe">
         <name>.text:SysCtlDelay</name>
         <load_address>0x30ce</load_address>
         <run_address>0x30ce</run_address>
         <size>0x6</size>
         <input_file_ref idref="fl-10"/>
      </object_component>
      <object_component id="oc-d4">
         <name>.text:I2CMasterControl</name>
         <load_address>0x30d4</load_address>
         <run_address>0x30d4</run_address>
         <size>0x4</size>
         <input_file_ref idref="fl-12"/>
      </object_component>
      <object_component id="oc-e0">
         <name>.text:I2CMasterDataGet</name>
         <load_address>0x30d8</load_address>
         <run_address>0x30d8</run_address>
         <size>0x4</size>
         <input_file_ref idref="fl-12"/>
      </object_component>
      <object_component id="oc-c8">
         <name>.text:I2CMasterDataPut</name>
         <load_address>0x30dc</load_address>
         <run_address>0x30dc</run_address>
         <size>0x4</size>
         <input_file_ref idref="fl-12"/>
      </object_component>
      <object_component id="oc-95">
         <name>.text:_system_pre_init</name>
         <load_address>0x30e0</load_address>
         <run_address>0x30e0</run_address>
         <size>0x4</size>
         <input_file_ref idref="fl-df"/>
      </object_component>
      <object_component id="oc-119">
         <name>.text:abort:abort</name>
         <load_address>0x30e4</load_address>
         <run_address>0x30e4</run_address>
         <size>0x4</size>
         <input_file_ref idref="fl-e1"/>
      </object_component>
      <object_component id="oc-322">
         <name>__TI_handler_table</name>
         <load_address>0x30e8</load_address>
         <run_address>0x30e8</run_address>
         <size>0x8</size>
      </object_component>
      <object_component id="oc-324">
         <name>.cinit..data.load</name>
         <load_address>0x30f0</load_address>
         <run_address>0x30f0</run_address>
         <size>0x7</size>
      </object_component>
      <object_component id="oc-323">
         <name>__TI_cinit_table</name>
         <load_address>0x30f8</load_address>
         <run_address>0x30f8</run_address>
         <size>0x8</size>
      </object_component>
      <object_component id="oc-204">
         <name>.data</name>
         <load_address>0x20000200</load_address>
         <run_address>0x20000200</run_address>
         <size>0x4</size>
         <input_file_ref idref="fl-7"/>
      </object_component>
      <object_component id="oc-2d6">
         <name>.data</name>
         <load_address>0x20000204</load_address>
         <run_address>0x20000204</run_address>
         <size>0x4</size>
         <input_file_ref idref="fl-db"/>
      </object_component>
      <object_component id="oc-24">
         <name>.stack</name>
         <uninitialized>true</uninitialized>
         <run_address>0x20000000</run_address>
         <size>0x4</size>
         <input_file_ref idref="fl-dc"/>
      </object_component>
      <object_component id="oc-326">
         <name>.stack</name>
         <uninitialized>true</uninitialized>
         <run_address>0x20000000</run_address>
         <size>0x0</size>
      </object_component>
      <object_component id="oc-20f">
         <name>.debug_info</name>
         <load_address>0x0</load_address>
         <run_address>0x0</run_address>
         <size>0x279c</size>
         <input_file_ref idref="fl-2"/>
      </object_component>
      <object_component id="oc-9d">
         <name>.debug_info</name>
         <load_address>0x279c</load_address>
         <run_address>0x279c</run_address>
         <size>0x9ab</size>
         <input_file_ref idref="fl-2"/>
      </object_component>
      <object_component id="oc-10a">
         <name>.debug_info</name>
         <load_address>0x3147</load_address>
         <run_address>0x3147</run_address>
         <size>0x27c5</size>
         <input_file_ref idref="fl-2"/>
      </object_component>
      <object_component id="oc-10f">
         <name>.debug_info</name>
         <load_address>0x590c</load_address>
         <run_address>0x590c</run_address>
         <size>0x34b</size>
         <input_file_ref idref="fl-2"/>
      </object_component>
      <object_component id="oc-114">
         <name>.debug_info</name>
         <load_address>0x5c57</load_address>
         <run_address>0x5c57</run_address>
         <size>0xe1</size>
         <input_file_ref idref="fl-2"/>
      </object_component>
      <object_component id="oc-2a4">
         <name>.debug_info</name>
         <load_address>0x5d38</load_address>
         <run_address>0x5d38</run_address>
         <size>0xa8</size>
         <input_file_ref idref="fl-2"/>
      </object_component>
      <object_component id="oc-24c">
         <name>.debug_info</name>
         <load_address>0x5de0</load_address>
         <run_address>0x5de0</run_address>
         <size>0x151c</size>
         <input_file_ref idref="fl-2"/>
      </object_component>
      <object_component id="oc-100">
         <name>.debug_info</name>
         <load_address>0x72fc</load_address>
         <run_address>0x72fc</run_address>
         <size>0x8b</size>
         <input_file_ref idref="fl-2"/>
      </object_component>
      <object_component id="oc-251">
         <name>.debug_info</name>
         <load_address>0x7387</load_address>
         <run_address>0x7387</run_address>
         <size>0xa0a</size>
         <input_file_ref idref="fl-2"/>
      </object_component>
      <object_component id="oc-20a">
         <name>.debug_info</name>
         <load_address>0x7d91</load_address>
         <run_address>0x7d91</run_address>
         <size>0x2d6</size>
         <input_file_ref idref="fl-2"/>
      </object_component>
      <object_component id="oc-105">
         <name>.debug_info</name>
         <load_address>0x8067</load_address>
         <run_address>0x8067</run_address>
         <size>0xbb</size>
         <input_file_ref idref="fl-2"/>
      </object_component>
      <object_component id="oc-25b">
         <name>.debug_info</name>
         <load_address>0x8122</load_address>
         <run_address>0x8122</run_address>
         <size>0x2a1</size>
         <input_file_ref idref="fl-2"/>
      </object_component>
      <object_component id="oc-256">
         <name>.debug_info</name>
         <load_address>0x83c3</load_address>
         <run_address>0x83c3</run_address>
         <size>0xfe</size>
         <input_file_ref idref="fl-2"/>
      </object_component>
      <object_component id="oc-260">
         <name>.debug_info</name>
         <load_address>0x84c1</load_address>
         <run_address>0x84c1</run_address>
         <size>0x22b</size>
         <input_file_ref idref="fl-2"/>
      </object_component>
      <object_component id="oc-2f">
         <name>.debug_info</name>
         <load_address>0x86ec</load_address>
         <run_address>0x86ec</run_address>
         <size>0x2c7</size>
         <input_file_ref idref="fl-3"/>
      </object_component>
      <object_component id="oc-13">
         <name>.debug_info</name>
         <load_address>0x89b3</load_address>
         <run_address>0x89b3</run_address>
         <size>0x106</size>
         <input_file_ref idref="fl-3"/>
      </object_component>
      <object_component id="oc-2b">
         <name>.debug_info</name>
         <load_address>0x8ab9</load_address>
         <run_address>0x8ab9</run_address>
         <size>0x282</size>
         <input_file_ref idref="fl-3"/>
      </object_component>
      <object_component id="oc-70">
         <name>.debug_info</name>
         <load_address>0x8d3b</load_address>
         <run_address>0x8d3b</run_address>
         <size>0x26b</size>
         <input_file_ref idref="fl-3"/>
      </object_component>
      <object_component id="oc-36">
         <name>.debug_info</name>
         <load_address>0x8fa6</load_address>
         <run_address>0x8fa6</run_address>
         <size>0x84</size>
         <input_file_ref idref="fl-3"/>
      </object_component>
      <object_component id="oc-ad">
         <name>.debug_info</name>
         <load_address>0x902a</load_address>
         <run_address>0x902a</run_address>
         <size>0x2a4</size>
         <input_file_ref idref="fl-3"/>
      </object_component>
      <object_component id="oc-75">
         <name>.debug_info</name>
         <load_address>0x92ce</load_address>
         <run_address>0x92ce</run_address>
         <size>0xbb</size>
         <input_file_ref idref="fl-3"/>
      </object_component>
      <object_component id="oc-1ed">
         <name>.debug_info</name>
         <load_address>0x9389</load_address>
         <run_address>0x9389</run_address>
         <size>0x16f8</size>
         <input_file_ref idref="fl-4"/>
      </object_component>
      <object_component id="oc-1e2">
         <name>.debug_info</name>
         <load_address>0xaa81</load_address>
         <run_address>0xaa81</run_address>
         <size>0x1df</size>
         <input_file_ref idref="fl-4"/>
      </object_component>
      <object_component id="oc-f3">
         <name>.debug_info</name>
         <load_address>0xac60</load_address>
         <run_address>0xac60</run_address>
         <size>0x1460</size>
         <input_file_ref idref="fl-4"/>
      </object_component>
      <object_component id="oc-280">
         <name>.debug_info</name>
         <load_address>0xc0c0</load_address>
         <run_address>0xc0c0</run_address>
         <size>0x16e0</size>
         <input_file_ref idref="fl-4"/>
      </object_component>
      <object_component id="oc-17d">
         <name>.debug_info</name>
         <load_address>0xd7a0</load_address>
         <run_address>0xd7a0</run_address>
         <size>0x1258</size>
         <input_file_ref idref="fl-6"/>
      </object_component>
      <object_component id="oc-ed">
         <name>.debug_info</name>
         <load_address>0xe9f8</load_address>
         <run_address>0xe9f8</run_address>
         <size>0x588</size>
         <input_file_ref idref="fl-6"/>
      </object_component>
      <object_component id="oc-208">
         <name>.debug_info</name>
         <load_address>0xef80</load_address>
         <run_address>0xef80</run_address>
         <size>0x21e3</size>
         <input_file_ref idref="fl-7"/>
      </object_component>
      <object_component id="oc-205">
         <name>.debug_info</name>
         <load_address>0x11163</load_address>
         <run_address>0x11163</run_address>
         <size>0x118</size>
         <input_file_ref idref="fl-7"/>
      </object_component>
      <object_component id="oc-f9">
         <name>.debug_info</name>
         <load_address>0x1127b</load_address>
         <run_address>0x1127b</run_address>
         <size>0x3062</size>
         <input_file_ref idref="fl-7"/>
      </object_component>
      <object_component id="oc-29d">
         <name>.debug_info</name>
         <load_address>0x142dd</load_address>
         <run_address>0x142dd</run_address>
         <size>0x16e0</size>
         <input_file_ref idref="fl-7"/>
      </object_component>
      <object_component id="oc-15d">
         <name>.debug_info</name>
         <load_address>0x159bd</load_address>
         <run_address>0x159bd</run_address>
         <size>0x90</size>
         <input_file_ref idref="fl-f"/>
      </object_component>
      <object_component id="oc-158">
         <name>.debug_info</name>
         <load_address>0x15a4d</load_address>
         <run_address>0x15a4d</run_address>
         <size>0x18b</size>
         <input_file_ref idref="fl-f"/>
      </object_component>
      <object_component id="oc-169">
         <name>.debug_info</name>
         <load_address>0x15bd8</load_address>
         <run_address>0x15bd8</run_address>
         <size>0x226</size>
         <input_file_ref idref="fl-10"/>
      </object_component>
      <object_component id="oc-180">
         <name>.debug_info</name>
         <load_address>0x15dfe</load_address>
         <run_address>0x15dfe</run_address>
         <size>0x1e3</size>
         <input_file_ref idref="fl-10"/>
      </object_component>
      <object_component id="oc-16b">
         <name>.debug_info</name>
         <load_address>0x15fe1</load_address>
         <run_address>0x15fe1</run_address>
         <size>0x1e1</size>
         <input_file_ref idref="fl-10"/>
      </object_component>
      <object_component id="oc-e8">
         <name>.debug_info</name>
         <load_address>0x161c2</load_address>
         <run_address>0x161c2</run_address>
         <size>0x2d4</size>
         <input_file_ref idref="fl-10"/>
      </object_component>
      <object_component id="oc-235">
         <name>.debug_info</name>
         <load_address>0x16496</load_address>
         <run_address>0x16496</run_address>
         <size>0x5f</size>
         <input_file_ref idref="fl-10"/>
      </object_component>
      <object_component id="oc-162">
         <name>.debug_info</name>
         <load_address>0x164f5</load_address>
         <run_address>0x164f5</run_address>
         <size>0x1d8</size>
         <input_file_ref idref="fl-12"/>
      </object_component>
      <object_component id="oc-c3">
         <name>.debug_info</name>
         <load_address>0x166cd</load_address>
         <run_address>0x166cd</run_address>
         <size>0x232</size>
         <input_file_ref idref="fl-12"/>
      </object_component>
      <object_component id="oc-ca">
         <name>.debug_info</name>
         <load_address>0x168ff</load_address>
         <run_address>0x168ff</run_address>
         <size>0x1e2</size>
         <input_file_ref idref="fl-12"/>
      </object_component>
      <object_component id="oc-e2">
         <name>.debug_info</name>
         <load_address>0x16ae1</load_address>
         <run_address>0x16ae1</run_address>
         <size>0x1b8</size>
         <input_file_ref idref="fl-12"/>
      </object_component>
      <object_component id="oc-d6">
         <name>.debug_info</name>
         <load_address>0x16c99</load_address>
         <run_address>0x16c99</run_address>
         <size>0x1e2</size>
         <input_file_ref idref="fl-12"/>
      </object_component>
      <object_component id="oc-dc">
         <name>.debug_info</name>
         <load_address>0x16e7b</load_address>
         <run_address>0x16e7b</run_address>
         <size>0x1b2</size>
         <input_file_ref idref="fl-12"/>
      </object_component>
      <object_component id="oc-d0">
         <name>.debug_info</name>
         <load_address>0x1702d</load_address>
         <run_address>0x1702d</run_address>
         <size>0x1b8</size>
         <input_file_ref idref="fl-12"/>
      </object_component>
      <object_component id="oc-249">
         <name>.debug_info</name>
         <load_address>0x171e5</load_address>
         <run_address>0x171e5</run_address>
         <size>0x1d7</size>
         <input_file_ref idref="fl-13"/>
      </object_component>
      <object_component id="oc-177">
         <name>.debug_info</name>
         <load_address>0x173bc</load_address>
         <run_address>0x173bc</run_address>
         <size>0x207</size>
         <input_file_ref idref="fl-13"/>
      </object_component>
      <object_component id="oc-242">
         <name>.debug_info</name>
         <load_address>0x175c3</load_address>
         <run_address>0x175c3</run_address>
         <size>0x217</size>
         <input_file_ref idref="fl-13"/>
      </object_component>
      <object_component id="oc-23c">
         <name>.debug_info</name>
         <load_address>0x177da</load_address>
         <run_address>0x177da</run_address>
         <size>0x312</size>
         <input_file_ref idref="fl-13"/>
      </object_component>
      <object_component id="oc-171">
         <name>.debug_info</name>
         <load_address>0x17aec</load_address>
         <run_address>0x17aec</run_address>
         <size>0x1eb</size>
         <input_file_ref idref="fl-13"/>
      </object_component>
      <object_component id="oc-186">
         <name>.debug_info</name>
         <load_address>0x17cd7</load_address>
         <run_address>0x17cd7</run_address>
         <size>0x1dd</size>
         <input_file_ref idref="fl-13"/>
      </object_component>
      <object_component id="oc-268">
         <name>.debug_info</name>
         <load_address>0x17eb4</load_address>
         <run_address>0x17eb4</run_address>
         <size>0x1a3</size>
         <input_file_ref idref="fl-15"/>
      </object_component>
      <object_component id="oc-1a4">
         <name>.debug_info</name>
         <load_address>0x18057</load_address>
         <run_address>0x18057</run_address>
         <size>0x297</size>
         <input_file_ref idref="fl-15"/>
      </object_component>
      <object_component id="oc-1aa">
         <name>.debug_info</name>
         <load_address>0x182ee</load_address>
         <run_address>0x182ee</run_address>
         <size>0x204</size>
         <input_file_ref idref="fl-15"/>
      </object_component>
      <object_component id="oc-18c">
         <name>.debug_info</name>
         <load_address>0x184f2</load_address>
         <run_address>0x184f2</run_address>
         <size>0x206</size>
         <input_file_ref idref="fl-15"/>
      </object_component>
      <object_component id="oc-1c2">
         <name>.debug_info</name>
         <load_address>0x186f8</load_address>
         <run_address>0x186f8</run_address>
         <size>0x2fb</size>
         <input_file_ref idref="fl-15"/>
      </object_component>
      <object_component id="oc-192">
         <name>.debug_info</name>
         <load_address>0x189f3</load_address>
         <run_address>0x189f3</run_address>
         <size>0x28a</size>
         <input_file_ref idref="fl-15"/>
      </object_component>
      <object_component id="oc-198">
         <name>.debug_info</name>
         <load_address>0x18c7d</load_address>
         <run_address>0x18c7d</run_address>
         <size>0x1e0</size>
         <input_file_ref idref="fl-15"/>
      </object_component>
      <object_component id="oc-1b6">
         <name>.debug_info</name>
         <load_address>0x18e5d</load_address>
         <run_address>0x18e5d</run_address>
         <size>0x208</size>
         <input_file_ref idref="fl-15"/>
      </object_component>
      <object_component id="oc-1bc">
         <name>.debug_info</name>
         <load_address>0x19065</load_address>
         <run_address>0x19065</run_address>
         <size>0x245</size>
         <input_file_ref idref="fl-15"/>
      </object_component>
      <object_component id="oc-1b0">
         <name>.debug_info</name>
         <load_address>0x192aa</load_address>
         <run_address>0x192aa</run_address>
         <size>0x1f8</size>
         <input_file_ref idref="fl-15"/>
      </object_component>
      <object_component id="oc-19e">
         <name>.debug_info</name>
         <load_address>0x194a2</load_address>
         <run_address>0x194a2</run_address>
         <size>0x2b4</size>
         <input_file_ref idref="fl-15"/>
      </object_component>
      <object_component id="oc-278">
         <name>.debug_info</name>
         <load_address>0x19756</load_address>
         <run_address>0x19756</run_address>
         <size>0x215</size>
         <input_file_ref idref="fl-cb"/>
      </object_component>
      <object_component id="oc-2f0">
         <name>.debug_info</name>
         <load_address>0x1996b</load_address>
         <run_address>0x1996b</run_address>
         <size>0x39</size>
         <input_file_ref idref="fl-cb"/>
      </object_component>
      <object_component id="oc-2d1">
         <name>.debug_info</name>
         <load_address>0x199a4</load_address>
         <run_address>0x199a4</run_address>
         <size>0x2c</size>
         <input_file_ref idref="fl-cb"/>
      </object_component>
      <object_component id="oc-1ff">
         <name>.debug_info</name>
         <load_address>0x199d0</load_address>
         <run_address>0x199d0</run_address>
         <size>0x5d6</size>
         <input_file_ref idref="fl-cc"/>
      </object_component>
      <object_component id="oc-2dc">
         <name>.debug_info</name>
         <load_address>0x19fa6</load_address>
         <run_address>0x19fa6</run_address>
         <size>0x46</size>
         <input_file_ref idref="fl-cc"/>
      </object_component>
      <object_component id="oc-294">
         <name>.debug_info</name>
         <load_address>0x19fec</load_address>
         <run_address>0x19fec</run_address>
         <size>0x39</size>
         <input_file_ref idref="fl-cc"/>
      </object_component>
      <object_component id="oc-91">
         <name>.debug_info</name>
         <load_address>0x1a025</load_address>
         <run_address>0x1a025</run_address>
         <size>0x147</size>
         <input_file_ref idref="fl-cd"/>
      </object_component>
      <object_component id="oc-1e9">
         <name>.debug_info</name>
         <load_address>0x1a16c</load_address>
         <run_address>0x1a16c</run_address>
         <size>0x14c</size>
         <input_file_ref idref="fl-ce"/>
      </object_component>
      <object_component id="oc-28f">
         <name>.debug_info</name>
         <load_address>0x1a2b8</load_address>
         <run_address>0x1a2b8</run_address>
         <size>0x128</size>
         <input_file_ref idref="fl-cf"/>
      </object_component>
      <object_component id="oc-1cf">
         <name>.debug_info</name>
         <load_address>0x1a3e0</load_address>
         <run_address>0x1a3e0</run_address>
         <size>0x13a</size>
         <input_file_ref idref="fl-d0"/>
      </object_component>
      <object_component id="oc-1d7">
         <name>.debug_info</name>
         <load_address>0x1a51a</load_address>
         <run_address>0x1a51a</run_address>
         <size>0x13a</size>
         <input_file_ref idref="fl-d1"/>
      </object_component>
      <object_component id="oc-1f7">
         <name>.debug_info</name>
         <load_address>0x1a654</load_address>
         <run_address>0x1a654</run_address>
         <size>0x12e</size>
         <input_file_ref idref="fl-d2"/>
      </object_component>
      <object_component id="oc-1dd">
         <name>.debug_info</name>
         <load_address>0x1a782</load_address>
         <run_address>0x1a782</run_address>
         <size>0x13e</size>
         <input_file_ref idref="fl-d3"/>
      </object_component>
      <object_component id="oc-1fa">
         <name>.debug_info</name>
         <load_address>0x1a8c0</load_address>
         <run_address>0x1a8c0</run_address>
         <size>0x139</size>
         <input_file_ref idref="fl-d4"/>
      </object_component>
      <object_component id="oc-1d3">
         <name>.debug_info</name>
         <load_address>0x1a9f9</load_address>
         <run_address>0x1a9f9</run_address>
         <size>0x12c</size>
         <input_file_ref idref="fl-d5"/>
      </object_component>
      <object_component id="oc-1f0">
         <name>.debug_info</name>
         <load_address>0x1ab25</load_address>
         <run_address>0x1ab25</run_address>
         <size>0x12c</size>
         <input_file_ref idref="fl-d6"/>
      </object_component>
      <object_component id="oc-1c8">
         <name>.debug_info</name>
         <load_address>0x1ac51</load_address>
         <run_address>0x1ac51</run_address>
         <size>0x12e</size>
         <input_file_ref idref="fl-d7"/>
      </object_component>
      <object_component id="oc-46">
         <name>.debug_info</name>
         <load_address>0x1ad7f</load_address>
         <run_address>0x1ad7f</run_address>
         <size>0x2a8</size>
         <input_file_ref idref="fl-d9"/>
      </object_component>
      <object_component id="oc-1c">
         <name>.debug_info</name>
         <load_address>0x1b027</load_address>
         <run_address>0x1b027</run_address>
         <size>0x1ea</size>
         <input_file_ref idref="fl-d9"/>
      </object_component>
      <object_component id="oc-41">
         <name>.debug_info</name>
         <load_address>0x1b211</load_address>
         <run_address>0x1b211</run_address>
         <size>0x46</size>
         <input_file_ref idref="fl-d9"/>
      </object_component>
      <object_component id="oc-81">
         <name>.debug_info</name>
         <load_address>0x1b257</load_address>
         <run_address>0x1b257</run_address>
         <size>0x2c</size>
         <input_file_ref idref="fl-d9"/>
      </object_component>
      <object_component id="oc-7f">
         <name>.debug_info</name>
         <load_address>0x1b283</load_address>
         <run_address>0x1b283</run_address>
         <size>0x29e</size>
         <input_file_ref idref="fl-da"/>
      </object_component>
      <object_component id="oc-16">
         <name>.debug_info</name>
         <load_address>0x1b521</load_address>
         <run_address>0x1b521</run_address>
         <size>0x250</size>
         <input_file_ref idref="fl-da"/>
      </object_component>
      <object_component id="oc-31">
         <name>.debug_info</name>
         <load_address>0x1b771</load_address>
         <run_address>0x1b771</run_address>
         <size>0x60</size>
         <input_file_ref idref="fl-da"/>
      </object_component>
      <object_component id="oc-b2">
         <name>.debug_info</name>
         <load_address>0x1b7d1</load_address>
         <run_address>0x1b7d1</run_address>
         <size>0x46</size>
         <input_file_ref idref="fl-da"/>
      </object_component>
      <object_component id="oc-7a">
         <name>.debug_info</name>
         <load_address>0x1b817</load_address>
         <run_address>0x1b817</run_address>
         <size>0x39</size>
         <input_file_ref idref="fl-da"/>
      </object_component>
      <object_component id="oc-2da">
         <name>.debug_info</name>
         <load_address>0x1b850</load_address>
         <run_address>0x1b850</run_address>
         <size>0x289</size>
         <input_file_ref idref="fl-db"/>
      </object_component>
      <object_component id="oc-2d7">
         <name>.debug_info</name>
         <load_address>0x1bad9</load_address>
         <run_address>0x1bad9</run_address>
         <size>0x10e</size>
         <input_file_ref idref="fl-db"/>
      </object_component>
      <object_component id="oc-289">
         <name>.debug_info</name>
         <load_address>0x1bbe7</load_address>
         <run_address>0x1bbe7</run_address>
         <size>0x14e</size>
         <input_file_ref idref="fl-db"/>
      </object_component>
      <object_component id="oc-25">
         <name>.debug_info</name>
         <load_address>0x1bd35</load_address>
         <run_address>0x1bd35</run_address>
         <size>0x10b</size>
         <input_file_ref idref="fl-dc"/>
      </object_component>
      <object_component id="oc-5a">
         <name>.debug_info</name>
         <load_address>0x1be40</load_address>
         <run_address>0x1be40</run_address>
         <size>0x1a9</size>
         <input_file_ref idref="fl-dc"/>
      </object_component>
      <object_component id="oc-3c">
         <name>.debug_info</name>
         <load_address>0x1bfe9</load_address>
         <run_address>0x1bfe9</run_address>
         <size>0x119</size>
         <input_file_ref idref="fl-dd"/>
      </object_component>
      <object_component id="oc-21c">
         <name>.debug_info</name>
         <load_address>0x1c102</load_address>
         <run_address>0x1c102</run_address>
         <size>0x4b3</size>
         <input_file_ref idref="fl-de"/>
      </object_component>
      <object_component id="oc-126">
         <name>.debug_info</name>
         <load_address>0x1c5b5</load_address>
         <run_address>0x1c5b5</run_address>
         <size>0x1a6</size>
         <input_file_ref idref="fl-de"/>
      </object_component>
      <object_component id="oc-2b9">
         <name>.debug_info</name>
         <load_address>0x1c75b</load_address>
         <run_address>0x1c75b</run_address>
         <size>0x39</size>
         <input_file_ref idref="fl-de"/>
      </object_component>
      <object_component id="oc-2e4">
         <name>.debug_info</name>
         <load_address>0x1c794</load_address>
         <run_address>0x1c794</run_address>
         <size>0x39</size>
         <input_file_ref idref="fl-de"/>
      </object_component>
      <object_component id="oc-2be">
         <name>.debug_info</name>
         <load_address>0x1c7cd</load_address>
         <run_address>0x1c7cd</run_address>
         <size>0x39</size>
         <input_file_ref idref="fl-de"/>
      </object_component>
      <object_component id="oc-2c3">
         <name>.debug_info</name>
         <load_address>0x1c806</load_address>
         <run_address>0x1c806</run_address>
         <size>0xcd</size>
         <input_file_ref idref="fl-de"/>
      </object_component>
      <object_component id="oc-96">
         <name>.debug_info</name>
         <load_address>0x1c8d3</load_address>
         <run_address>0x1c8d3</run_address>
         <size>0x153</size>
         <input_file_ref idref="fl-df"/>
      </object_component>
      <object_component id="oc-11a">
         <name>.debug_info</name>
         <load_address>0x1ca26</load_address>
         <run_address>0x1ca26</run_address>
         <size>0x122</size>
         <input_file_ref idref="fl-e1"/>
      </object_component>
      <object_component id="oc-327">
         <name>.debug_info</name>
         <load_address>0x1cb48</load_address>
         <run_address>0x1cb48</run_address>
         <size>0xb9</size>
      </object_component>
      <object_component id="oc-2a3">
         <name>.debug_line</name>
         <load_address>0x0</load_address>
         <run_address>0x0</run_address>
         <size>0x1ea</size>
         <input_file_ref idref="fl-2"/>
      </object_component>
      <object_component id="oc-9c">
         <name>.debug_line</name>
         <load_address>0x1ea</load_address>
         <run_address>0x1ea</run_address>
         <size>0xfc</size>
         <input_file_ref idref="fl-2"/>
      </object_component>
      <object_component id="oc-10d">
         <name>.debug_line</name>
         <load_address>0x2e6</load_address>
         <run_address>0x2e6</run_address>
         <size>0x78</size>
         <input_file_ref idref="fl-2"/>
      </object_component>
      <object_component id="oc-112">
         <name>.debug_line</name>
         <load_address>0x35e</load_address>
         <run_address>0x35e</run_address>
         <size>0x78</size>
         <input_file_ref idref="fl-2"/>
      </object_component>
      <object_component id="oc-117">
         <name>.debug_line</name>
         <load_address>0x3d6</load_address>
         <run_address>0x3d6</run_address>
         <size>0x79</size>
         <input_file_ref idref="fl-2"/>
      </object_component>
      <object_component id="oc-2a7">
         <name>.debug_line</name>
         <load_address>0x44f</load_address>
         <run_address>0x44f</run_address>
         <size>0x7a</size>
         <input_file_ref idref="fl-2"/>
      </object_component>
      <object_component id="oc-24f">
         <name>.debug_line</name>
         <load_address>0x4c9</load_address>
         <run_address>0x4c9</run_address>
         <size>0x75</size>
         <input_file_ref idref="fl-2"/>
      </object_component>
      <object_component id="oc-103">
         <name>.debug_line</name>
         <load_address>0x53e</load_address>
         <run_address>0x53e</run_address>
         <size>0x20</size>
         <input_file_ref idref="fl-2"/>
      </object_component>
      <object_component id="oc-254">
         <name>.debug_line</name>
         <load_address>0x55e</load_address>
         <run_address>0x55e</run_address>
         <size>0x70</size>
         <input_file_ref idref="fl-2"/>
      </object_component>
      <object_component id="oc-20d">
         <name>.debug_line</name>
         <load_address>0x5ce</load_address>
         <run_address>0x5ce</run_address>
         <size>0x73</size>
         <input_file_ref idref="fl-2"/>
      </object_component>
      <object_component id="oc-108">
         <name>.debug_line</name>
         <load_address>0x641</load_address>
         <run_address>0x641</run_address>
         <size>0x70</size>
         <input_file_ref idref="fl-2"/>
      </object_component>
      <object_component id="oc-25e">
         <name>.debug_line</name>
         <load_address>0x6b1</load_address>
         <run_address>0x6b1</run_address>
         <size>0x6f</size>
         <input_file_ref idref="fl-2"/>
      </object_component>
      <object_component id="oc-259">
         <name>.debug_line</name>
         <load_address>0x720</load_address>
         <run_address>0x720</run_address>
         <size>0x6a</size>
         <input_file_ref idref="fl-2"/>
      </object_component>
      <object_component id="oc-263">
         <name>.debug_line</name>
         <load_address>0x78a</load_address>
         <run_address>0x78a</run_address>
         <size>0x7f</size>
         <input_file_ref idref="fl-2"/>
      </object_component>
      <object_component id="oc-6f">
         <name>.debug_line</name>
         <load_address>0x809</load_address>
         <run_address>0x809</run_address>
         <size>0x41</size>
         <input_file_ref idref="fl-3"/>
      </object_component>
      <object_component id="oc-2e">
         <name>.debug_line</name>
         <load_address>0x84a</load_address>
         <run_address>0x84a</run_address>
         <size>0x41</size>
         <input_file_ref idref="fl-3"/>
      </object_component>
      <object_component id="oc-2a">
         <name>.debug_line</name>
         <load_address>0x88b</load_address>
         <run_address>0x88b</run_address>
         <size>0xa1</size>
         <input_file_ref idref="fl-3"/>
      </object_component>
      <object_component id="oc-73">
         <name>.debug_line</name>
         <load_address>0x92c</load_address>
         <run_address>0x92c</run_address>
         <size>0x6f</size>
         <input_file_ref idref="fl-3"/>
      </object_component>
      <object_component id="oc-39">
         <name>.debug_line</name>
         <load_address>0x99b</load_address>
         <run_address>0x99b</run_address>
         <size>0x20</size>
         <input_file_ref idref="fl-3"/>
      </object_component>
      <object_component id="oc-b0">
         <name>.debug_line</name>
         <load_address>0x9bb</load_address>
         <run_address>0x9bb</run_address>
         <size>0x73</size>
         <input_file_ref idref="fl-3"/>
      </object_component>
      <object_component id="oc-78">
         <name>.debug_line</name>
         <load_address>0xa2e</load_address>
         <run_address>0xa2e</run_address>
         <size>0x70</size>
         <input_file_ref idref="fl-3"/>
      </object_component>
      <object_component id="oc-27f">
         <name>.debug_line</name>
         <load_address>0xa9e</load_address>
         <run_address>0xa9e</run_address>
         <size>0x18a</size>
         <input_file_ref idref="fl-4"/>
      </object_component>
      <object_component id="oc-1e1">
         <name>.debug_line</name>
         <load_address>0xc28</load_address>
         <run_address>0xc28</run_address>
         <size>0x88</size>
         <input_file_ref idref="fl-4"/>
      </object_component>
      <object_component id="oc-f7">
         <name>.debug_line</name>
         <load_address>0xcb0</load_address>
         <run_address>0xcb0</run_address>
         <size>0x27b</size>
         <input_file_ref idref="fl-4"/>
      </object_component>
      <object_component id="oc-283">
         <name>.debug_line</name>
         <load_address>0xf2b</load_address>
         <run_address>0xf2b</run_address>
         <size>0x75</size>
         <input_file_ref idref="fl-4"/>
      </object_component>
      <object_component id="oc-24b">
         <name>.debug_line</name>
         <load_address>0xfa0</load_address>
         <run_address>0xfa0</run_address>
         <size>0xe2</size>
         <input_file_ref idref="fl-6"/>
      </object_component>
      <object_component id="oc-f1">
         <name>.debug_line</name>
         <load_address>0x1082</load_address>
         <run_address>0x1082</run_address>
         <size>0xaa</size>
         <input_file_ref idref="fl-6"/>
      </object_component>
      <object_component id="oc-29c">
         <name>.debug_line</name>
         <load_address>0x112c</load_address>
         <run_address>0x112c</run_address>
         <size>0x12a</size>
         <input_file_ref idref="fl-7"/>
      </object_component>
      <object_component id="oc-29a">
         <name>.debug_line</name>
         <load_address>0x1256</load_address>
         <run_address>0x1256</run_address>
         <size>0x32</size>
         <input_file_ref idref="fl-7"/>
      </object_component>
      <object_component id="oc-fd">
         <name>.debug_line</name>
         <load_address>0x1288</load_address>
         <run_address>0x1288</run_address>
         <size>0x74c</size>
         <input_file_ref idref="fl-7"/>
      </object_component>
      <object_component id="oc-2a0">
         <name>.debug_line</name>
         <load_address>0x19d4</load_address>
         <run_address>0x19d4</run_address>
         <size>0x75</size>
         <input_file_ref idref="fl-7"/>
      </object_component>
      <object_component id="oc-160">
         <name>.debug_line</name>
         <load_address>0x1a49</load_address>
         <run_address>0x1a49</run_address>
         <size>0x20</size>
         <input_file_ref idref="fl-f"/>
      </object_component>
      <object_component id="oc-15b">
         <name>.debug_line</name>
         <load_address>0x1a69</load_address>
         <run_address>0x1a69</run_address>
         <size>0x5e</size>
         <input_file_ref idref="fl-f"/>
      </object_component>
      <object_component id="oc-234">
         <name>.debug_line</name>
         <load_address>0x1ac7</load_address>
         <run_address>0x1ac7</run_address>
         <size>0xc8</size>
         <input_file_ref idref="fl-10"/>
      </object_component>
      <object_component id="oc-184">
         <name>.debug_line</name>
         <load_address>0x1b8f</load_address>
         <run_address>0x1b8f</run_address>
         <size>0x6d</size>
         <input_file_ref idref="fl-10"/>
      </object_component>
      <object_component id="oc-16f">
         <name>.debug_line</name>
         <load_address>0x1bfc</load_address>
         <run_address>0x1bfc</run_address>
         <size>0x6d</size>
         <input_file_ref idref="fl-10"/>
      </object_component>
      <object_component id="oc-e7">
         <name>.debug_line</name>
         <load_address>0x1c69</load_address>
         <run_address>0x1c69</run_address>
         <size>0xd2</size>
         <input_file_ref idref="fl-10"/>
      </object_component>
      <object_component id="oc-238">
         <name>.debug_line</name>
         <load_address>0x1d3b</load_address>
         <run_address>0x1d3b</run_address>
         <size>0x58</size>
         <input_file_ref idref="fl-10"/>
      </object_component>
      <object_component id="oc-232">
         <name>.debug_line</name>
         <load_address>0x1d93</load_address>
         <run_address>0x1d93</run_address>
         <size>0x5b</size>
         <input_file_ref idref="fl-12"/>
      </object_component>
      <object_component id="oc-c6">
         <name>.debug_line</name>
         <load_address>0x1dee</load_address>
         <run_address>0x1dee</run_address>
         <size>0x6a</size>
         <input_file_ref idref="fl-12"/>
      </object_component>
      <object_component id="oc-cd">
         <name>.debug_line</name>
         <load_address>0x1e58</load_address>
         <run_address>0x1e58</run_address>
         <size>0x6a</size>
         <input_file_ref idref="fl-12"/>
      </object_component>
      <object_component id="oc-e5">
         <name>.debug_line</name>
         <load_address>0x1ec2</load_address>
         <run_address>0x1ec2</run_address>
         <size>0x6a</size>
         <input_file_ref idref="fl-12"/>
      </object_component>
      <object_component id="oc-d9">
         <name>.debug_line</name>
         <load_address>0x1f2c</load_address>
         <run_address>0x1f2c</run_address>
         <size>0x6a</size>
         <input_file_ref idref="fl-12"/>
      </object_component>
      <object_component id="oc-df">
         <name>.debug_line</name>
         <load_address>0x1f96</load_address>
         <run_address>0x1f96</run_address>
         <size>0x6a</size>
         <input_file_ref idref="fl-12"/>
      </object_component>
      <object_component id="oc-d3">
         <name>.debug_line</name>
         <load_address>0x2000</load_address>
         <run_address>0x2000</run_address>
         <size>0x6a</size>
         <input_file_ref idref="fl-12"/>
      </object_component>
      <object_component id="oc-2cd">
         <name>.debug_line</name>
         <load_address>0x206a</load_address>
         <run_address>0x206a</run_address>
         <size>0x5b</size>
         <input_file_ref idref="fl-13"/>
      </object_component>
      <object_component id="oc-17a">
         <name>.debug_line</name>
         <load_address>0x20c5</load_address>
         <run_address>0x20c5</run_address>
         <size>0x6b</size>
         <input_file_ref idref="fl-13"/>
      </object_component>
      <object_component id="oc-245">
         <name>.debug_line</name>
         <load_address>0x2130</load_address>
         <run_address>0x2130</run_address>
         <size>0x6e</size>
         <input_file_ref idref="fl-13"/>
      </object_component>
      <object_component id="oc-23f">
         <name>.debug_line</name>
         <load_address>0x219e</load_address>
         <run_address>0x219e</run_address>
         <size>0xb0</size>
         <input_file_ref idref="fl-13"/>
      </object_component>
      <object_component id="oc-174">
         <name>.debug_line</name>
         <load_address>0x224e</load_address>
         <run_address>0x224e</run_address>
         <size>0x72</size>
         <input_file_ref idref="fl-13"/>
      </object_component>
      <object_component id="oc-189">
         <name>.debug_line</name>
         <load_address>0x22c0</load_address>
         <run_address>0x22c0</run_address>
         <size>0x6c</size>
         <input_file_ref idref="fl-13"/>
      </object_component>
      <object_component id="oc-2cf">
         <name>.debug_line</name>
         <load_address>0x232c</load_address>
         <run_address>0x232c</run_address>
         <size>0x5b</size>
         <input_file_ref idref="fl-15"/>
      </object_component>
      <object_component id="oc-1a8">
         <name>.debug_line</name>
         <load_address>0x2387</load_address>
         <run_address>0x2387</run_address>
         <size>0x83</size>
         <input_file_ref idref="fl-15"/>
      </object_component>
      <object_component id="oc-1ad">
         <name>.debug_line</name>
         <load_address>0x240a</load_address>
         <run_address>0x240a</run_address>
         <size>0x6a</size>
         <input_file_ref idref="fl-15"/>
      </object_component>
      <object_component id="oc-18f">
         <name>.debug_line</name>
         <load_address>0x2474</load_address>
         <run_address>0x2474</run_address>
         <size>0x6a</size>
         <input_file_ref idref="fl-15"/>
      </object_component>
      <object_component id="oc-1c5">
         <name>.debug_line</name>
         <load_address>0x24de</load_address>
         <run_address>0x24de</run_address>
         <size>0x78</size>
         <input_file_ref idref="fl-15"/>
      </object_component>
      <object_component id="oc-195">
         <name>.debug_line</name>
         <load_address>0x2556</load_address>
         <run_address>0x2556</run_address>
         <size>0x6f</size>
         <input_file_ref idref="fl-15"/>
      </object_component>
      <object_component id="oc-19b">
         <name>.debug_line</name>
         <load_address>0x25c5</load_address>
         <run_address>0x25c5</run_address>
         <size>0x6a</size>
         <input_file_ref idref="fl-15"/>
      </object_component>
      <object_component id="oc-1b9">
         <name>.debug_line</name>
         <load_address>0x262f</load_address>
         <run_address>0x262f</run_address>
         <size>0x6a</size>
         <input_file_ref idref="fl-15"/>
      </object_component>
      <object_component id="oc-1bf">
         <name>.debug_line</name>
         <load_address>0x2699</load_address>
         <run_address>0x2699</run_address>
         <size>0x7a</size>
         <input_file_ref idref="fl-15"/>
      </object_component>
      <object_component id="oc-1b3">
         <name>.debug_line</name>
         <load_address>0x2713</load_address>
         <run_address>0x2713</run_address>
         <size>0x6a</size>
         <input_file_ref idref="fl-15"/>
      </object_component>
      <object_component id="oc-1a1">
         <name>.debug_line</name>
         <load_address>0x277d</load_address>
         <run_address>0x277d</run_address>
         <size>0x74</size>
         <input_file_ref idref="fl-15"/>
      </object_component>
      <object_component id="oc-27b">
         <name>.debug_line</name>
         <load_address>0x27f1</load_address>
         <run_address>0x27f1</run_address>
         <size>0xda</size>
         <input_file_ref idref="fl-cb"/>
      </object_component>
      <object_component id="oc-2f3">
         <name>.debug_line</name>
         <load_address>0x28cb</load_address>
         <run_address>0x28cb</run_address>
         <size>0x9a</size>
         <input_file_ref idref="fl-cb"/>
      </object_component>
      <object_component id="oc-2d4">
         <name>.debug_line</name>
         <load_address>0x2965</load_address>
         <run_address>0x2965</run_address>
         <size>0x97</size>
         <input_file_ref idref="fl-cb"/>
      </object_component>
      <object_component id="oc-202">
         <name>.debug_line</name>
         <load_address>0x29fc</load_address>
         <run_address>0x29fc</run_address>
         <size>0xcf</size>
         <input_file_ref idref="fl-cc"/>
      </object_component>
      <object_component id="oc-2df">
         <name>.debug_line</name>
         <load_address>0x2acb</load_address>
         <run_address>0x2acb</run_address>
         <size>0x9a</size>
         <input_file_ref idref="fl-cc"/>
      </object_component>
      <object_component id="oc-297">
         <name>.debug_line</name>
         <load_address>0x2b65</load_address>
         <run_address>0x2b65</run_address>
         <size>0x97</size>
         <input_file_ref idref="fl-cc"/>
      </object_component>
      <object_component id="oc-90">
         <name>.debug_line</name>
         <load_address>0x2bfc</load_address>
         <run_address>0x2bfc</run_address>
         <size>0x79</size>
         <input_file_ref idref="fl-cd"/>
      </object_component>
      <object_component id="oc-1e8">
         <name>.debug_line</name>
         <load_address>0x2c75</load_address>
         <run_address>0x2c75</run_address>
         <size>0xd2</size>
         <input_file_ref idref="fl-ce"/>
      </object_component>
      <object_component id="oc-292">
         <name>.debug_line</name>
         <load_address>0x2d47</load_address>
         <run_address>0x2d47</run_address>
         <size>0x77</size>
         <input_file_ref idref="fl-cf"/>
      </object_component>
      <object_component id="oc-1ce">
         <name>.debug_line</name>
         <load_address>0x2dbe</load_address>
         <run_address>0x2dbe</run_address>
         <size>0xa8</size>
         <input_file_ref idref="fl-d0"/>
      </object_component>
      <object_component id="oc-1da">
         <name>.debug_line</name>
         <load_address>0x2e66</load_address>
         <run_address>0x2e66</run_address>
         <size>0x8e</size>
         <input_file_ref idref="fl-d1"/>
      </object_component>
      <object_component id="oc-1f6">
         <name>.debug_line</name>
         <load_address>0x2ef4</load_address>
         <run_address>0x2ef4</run_address>
         <size>0x5a</size>
         <input_file_ref idref="fl-d2"/>
      </object_component>
      <object_component id="oc-1df">
         <name>.debug_line</name>
         <load_address>0x2f4e</load_address>
         <run_address>0x2f4e</run_address>
         <size>0x67</size>
         <input_file_ref idref="fl-d3"/>
      </object_component>
      <object_component id="oc-1fd">
         <name>.debug_line</name>
         <load_address>0x2fb5</load_address>
         <run_address>0x2fb5</run_address>
         <size>0x59</size>
         <input_file_ref idref="fl-d4"/>
      </object_component>
      <object_component id="oc-1d2">
         <name>.debug_line</name>
         <load_address>0x300e</load_address>
         <run_address>0x300e</run_address>
         <size>0x57</size>
         <input_file_ref idref="fl-d5"/>
      </object_component>
      <object_component id="oc-1f3">
         <name>.debug_line</name>
         <load_address>0x3065</load_address>
         <run_address>0x3065</run_address>
         <size>0x50</size>
         <input_file_ref idref="fl-d6"/>
      </object_component>
      <object_component id="oc-1cb">
         <name>.debug_line</name>
         <load_address>0x30b5</load_address>
         <run_address>0x30b5</run_address>
         <size>0x4c</size>
         <input_file_ref idref="fl-d7"/>
      </object_component>
      <object_component id="oc-87">
         <name>.debug_line</name>
         <load_address>0x3101</load_address>
         <run_address>0x3101</run_address>
         <size>0x20</size>
         <input_file_ref idref="fl-d9"/>
      </object_component>
      <object_component id="oc-20">
         <name>.debug_line</name>
         <load_address>0x3121</load_address>
         <run_address>0x3121</run_address>
         <size>0x55</size>
         <input_file_ref idref="fl-d9"/>
      </object_component>
      <object_component id="oc-44">
         <name>.debug_line</name>
         <load_address>0x3176</load_address>
         <run_address>0x3176</run_address>
         <size>0x3a</size>
         <input_file_ref idref="fl-d9"/>
      </object_component>
      <object_component id="oc-84">
         <name>.debug_line</name>
         <load_address>0x31b0</load_address>
         <run_address>0x31b0</run_address>
         <size>0x92</size>
         <input_file_ref idref="fl-d9"/>
      </object_component>
      <object_component id="oc-b8">
         <name>.debug_line</name>
         <load_address>0x3242</load_address>
         <run_address>0x3242</run_address>
         <size>0x20</size>
         <input_file_ref idref="fl-da"/>
      </object_component>
      <object_component id="oc-19">
         <name>.debug_line</name>
         <load_address>0x3262</load_address>
         <run_address>0x3262</run_address>
         <size>0xa9</size>
         <input_file_ref idref="fl-da"/>
      </object_component>
      <object_component id="oc-34">
         <name>.debug_line</name>
         <load_address>0x330b</load_address>
         <run_address>0x330b</run_address>
         <size>0x3a</size>
         <input_file_ref idref="fl-da"/>
      </object_component>
      <object_component id="oc-b5">
         <name>.debug_line</name>
         <load_address>0x3345</load_address>
         <run_address>0x3345</run_address>
         <size>0x9a</size>
         <input_file_ref idref="fl-da"/>
      </object_component>
      <object_component id="oc-7d">
         <name>.debug_line</name>
         <load_address>0x33df</load_address>
         <run_address>0x33df</run_address>
         <size>0x96</size>
         <input_file_ref idref="fl-da"/>
      </object_component>
      <object_component id="oc-2f8">
         <name>.debug_line</name>
         <load_address>0x3475</load_address>
         <run_address>0x3475</run_address>
         <size>0x20</size>
         <input_file_ref idref="fl-db"/>
      </object_component>
      <object_component id="oc-2f6">
         <name>.debug_line</name>
         <load_address>0x3495</load_address>
         <run_address>0x3495</run_address>
         <size>0x2b</size>
         <input_file_ref idref="fl-db"/>
      </object_component>
      <object_component id="oc-28c">
         <name>.debug_line</name>
         <load_address>0x34c0</load_address>
         <run_address>0x34c0</run_address>
         <size>0x40</size>
         <input_file_ref idref="fl-db"/>
      </object_component>
      <object_component id="oc-6c">
         <name>.debug_line</name>
         <load_address>0x3500</load_address>
         <run_address>0x3500</run_address>
         <size>0x33</size>
         <input_file_ref idref="fl-dc"/>
      </object_component>
      <object_component id="oc-5e">
         <name>.debug_line</name>
         <load_address>0x3533</load_address>
         <run_address>0x3533</run_address>
         <size>0x45</size>
         <input_file_ref idref="fl-dc"/>
      </object_component>
      <object_component id="oc-3f">
         <name>.debug_line</name>
         <load_address>0x3578</load_address>
         <run_address>0x3578</run_address>
         <size>0x88</size>
         <input_file_ref idref="fl-dd"/>
      </object_component>
      <object_component id="oc-2b8">
         <name>.debug_line</name>
         <load_address>0x3600</load_address>
         <run_address>0x3600</run_address>
         <size>0xbf</size>
         <input_file_ref idref="fl-de"/>
      </object_component>
      <object_component id="oc-12a">
         <name>.debug_line</name>
         <load_address>0x36bf</load_address>
         <run_address>0x36bf</run_address>
         <size>0x6f</size>
         <input_file_ref idref="fl-de"/>
      </object_component>
      <object_component id="oc-2bc">
         <name>.debug_line</name>
         <load_address>0x372e</load_address>
         <run_address>0x372e</run_address>
         <size>0x2e</size>
         <input_file_ref idref="fl-de"/>
      </object_component>
      <object_component id="oc-2e7">
         <name>.debug_line</name>
         <load_address>0x375c</load_address>
         <run_address>0x375c</run_address>
         <size>0x9a</size>
         <input_file_ref idref="fl-de"/>
      </object_component>
      <object_component id="oc-2c1">
         <name>.debug_line</name>
         <load_address>0x37f6</load_address>
         <run_address>0x37f6</run_address>
         <size>0x97</size>
         <input_file_ref idref="fl-de"/>
      </object_component>
      <object_component id="oc-2c6">
         <name>.debug_line</name>
         <load_address>0x388d</load_address>
         <run_address>0x388d</run_address>
         <size>0x93</size>
         <input_file_ref idref="fl-de"/>
      </object_component>
      <object_component id="oc-9a">
         <name>.debug_line</name>
         <load_address>0x3920</load_address>
         <run_address>0x3920</run_address>
         <size>0x40</size>
         <input_file_ref idref="fl-df"/>
      </object_component>
      <object_component id="oc-11d">
         <name>.debug_line</name>
         <load_address>0x3960</load_address>
         <run_address>0x3960</run_address>
         <size>0x3c</size>
         <input_file_ref idref="fl-e1"/>
      </object_component>
      <object_component id="oc-a0">
         <name>.debug_frame</name>
         <load_address>0x0</load_address>
         <run_address>0x0</run_address>
         <size>0x94</size>
         <input_file_ref idref="fl-2"/>
      </object_component>
      <object_component id="oc-29">
         <name>.debug_frame</name>
         <load_address>0x94</load_address>
         <run_address>0x94</run_address>
         <size>0x90</size>
         <input_file_ref idref="fl-3"/>
      </object_component>
      <object_component id="oc-1e5">
         <name>.debug_frame</name>
         <load_address>0x124</load_address>
         <run_address>0x124</run_address>
         <size>0x58</size>
         <input_file_ref idref="fl-4"/>
      </object_component>
      <object_component id="oc-f6">
         <name>.debug_frame</name>
         <load_address>0x17c</load_address>
         <run_address>0x17c</run_address>
         <size>0x168</size>
         <input_file_ref idref="fl-4"/>
      </object_component>
      <object_component id="oc-f0">
         <name>.debug_frame</name>
         <load_address>0x2e4</load_address>
         <run_address>0x2e4</run_address>
         <size>0xa8</size>
         <input_file_ref idref="fl-6"/>
      </object_component>
      <object_component id="oc-fc">
         <name>.debug_frame</name>
         <load_address>0x38c</load_address>
         <run_address>0x38c</run_address>
         <size>0x43c</size>
         <input_file_ref idref="fl-7"/>
      </object_component>
      <object_component id="oc-183">
         <name>.debug_frame</name>
         <load_address>0xb18</load_address>
         <run_address>0xb18</run_address>
         <size>0x7f</size>
         <input_file_ref idref="fl-10"/>
      </object_component>
      <object_component id="oc-16e">
         <name>.debug_frame</name>
         <load_address>0xb97</load_address>
         <run_address>0xb97</run_address>
         <size>0x7f</size>
         <input_file_ref idref="fl-10"/>
      </object_component>
      <object_component id="oc-eb">
         <name>.debug_frame</name>
         <load_address>0xc16</load_address>
         <run_address>0xc16</run_address>
         <size>0x90</size>
         <input_file_ref idref="fl-10"/>
      </object_component>
      <object_component id="oc-c7">
         <name>.debug_frame</name>
         <load_address>0xca6</load_address>
         <run_address>0xca6</run_address>
         <size>0x7f</size>
         <input_file_ref idref="fl-12"/>
      </object_component>
      <object_component id="oc-c9">
         <name>.debug_frame</name>
         <load_address>0xd25</load_address>
         <run_address>0xd25</run_address>
         <size>0x7f</size>
         <input_file_ref idref="fl-12"/>
      </object_component>
      <object_component id="oc-e1">
         <name>.debug_frame</name>
         <load_address>0xda4</load_address>
         <run_address>0xda4</run_address>
         <size>0x7f</size>
         <input_file_ref idref="fl-12"/>
      </object_component>
      <object_component id="oc-d5">
         <name>.debug_frame</name>
         <load_address>0xe23</load_address>
         <run_address>0xe23</run_address>
         <size>0x7f</size>
         <input_file_ref idref="fl-12"/>
      </object_component>
      <object_component id="oc-db">
         <name>.debug_frame</name>
[...]
         <value>0x0</value>
         <object_component_ref idref="oc-12"/>
      </symbol>
      <symbol id="sm-10a">
         <name>_ZN3ADC14readMosfetTempEv</name>
         <value>0x1725</value>
         <object_component_ref idref="oc-f2"/>
      </symbol>
      <symbol id="sm-10b">
         <name>_ZN3ADC4InitEv</name>
         <value>0x13e5</value>
         <object_component_ref idref="oc-f2"/>
      </symbol>
      <symbol id="sm-10c">
         <name>_ZN3ADC20getMosfetTemperatureEv</name>
         <value>0x1a15</value>
         <object_component_ref idref="oc-f2"/>
      </symbol>
      <symbol id="sm-10d">
         <name>_ZN3ADCC2Ev</name>
         <value>0x13d9</value>
         <object_component_ref idref="oc-f2"/>
      </symbol>
      <symbol id="sm-10e">
         <name>_ZN3ADC26getBatteryStackTemperatureEv</name>
         <value>0x1a03</value>
         <object_component_ref idref="oc-f2"/>
      </symbol>
      <symbol id="sm-10f">
         <name>_ZN3ADCC1Ev</name>
         <value>0x13d9</value>
         <object_component_ref idref="oc-f2"/>
      </symbol>
      <symbol id="sm-110">
         <name>_Z3logf</name>
         <value>0x304b</value>
         <object_component_ref idref="oc-1e0"/>
      </symbol>
      <symbol id="sm-111">
         <name>_ZN3ADC21getVoltageMeasurementEv</name>
         <value>0x1a29</value>
         <object_component_ref idref="oc-f2"/>
      </symbol>
      <symbol id="sm-112">
         <name>_ZN3ADC11readVoltageEv</name>
         <value>0x17e1</value>
         <object_component_ref idref="oc-f2"/>
      </symbol>
      <symbol id="sm-113">
         <name>_ZN3ADC13readStackTempEv</name>
         <value>0x1631</value>
         <object_component_ref idref="oc-f2"/>
      </symbol>
      <symbol id="sm-114">
         <name>_ZN3ADC14convertVoltageEjfif</name>
         <value>0x1b25</value>
         <object_component_ref idref="oc-f2"/>
      </symbol>
      <symbol id="sm-115">
         <name>_ZN3ADC17convertTempIndegCEjfffiff</name>
         <value>0x1a3d</value>
         <object_component_ref idref="oc-f2"/>
      </symbol>
      <symbol id="sm-133">
         <name>_ZN4GPIO8LEDBlinkEjj</name>
         <value>0x2813</value>
         <object_component_ref idref="oc-ec"/>
      </symbol>
      <symbol id="sm-134">
         <name>_ZN4GPIOC2Ev</name>
         <value>0x2765</value>
         <object_component_ref idref="oc-ec"/>
      </symbol>
      <symbol id="sm-135">
         <name>_ZN4GPIO4InitEv</name>
         <value>0x2771</value>
         <object_component_ref idref="oc-ec"/>
      </symbol>
      <symbol id="sm-136">
         <name>_ZN4GPIO9pinEnableEjjb</name>
         <value>0x27dd</value>
         <object_component_ref idref="oc-ec"/>
      </symbol>
      <symbol id="sm-137">
         <name>_ZN4GPIOC1Ev</name>
         <value>0x2765</value>
         <object_component_ref idref="oc-ec"/>
      </symbol>
      <symbol id="sm-1fc">
         <name>_ZN7bq769x029setCellUndervoltageProtectionEP15_Register_Groupii</name>
         <value>0x90b</value>
         <object_component_ref idref="oc-f8"/>
      </symbol>
      <symbol id="sm-1fd">
         <name>_ZN7bq769x033setOvercurrentDischargeProtectionEP15_Register_Groupli</name>
         <value>0x651</value>
         <object_component_ref idref="oc-f8"/>
      </symbol>
      <symbol id="sm-1fe">
         <name>_ZN7bq769x023updateBalancingSwitchesEP15_Register_Group</name>
         <value>0x117d</value>
         <object_component_ref idref="oc-f8"/>
      </symbol>
      <symbol id="sm-1ff">
         <name>_ZN7bq769x022setThermistorBetaValueEi</name>
         <value>0x443</value>
         <object_component_ref idref="oc-f8"/>
      </symbol>
      <symbol id="sm-200">
         <name>_ZN7bq769x017enableDischargingEP15_Register_Group</name>
         <value>0xd9f</value>
         <object_component_ref idref="oc-f8"/>
      </symbol>
      <symbol id="sm-201">
         <name>_ZN7bq769x014updateVoltagesEv</name>
         <value>0xe85</value>
         <object_component_ref idref="oc-f8"/>
      </symbol>
      <symbol id="sm-202">
         <name>_ZN7bq769x020disableAutoBalancingEv</name>
         <value>0xe2f</value>
         <object_component_ref idref="oc-f8"/>
      </symbol>
      <symbol id="sm-203">
         <name>_ZN7bq769x017getMaxCellVoltageEv</name>
         <value>0xb4f</value>
         <object_component_ref idref="oc-f8"/>
      </symbol>
      <symbol id="sm-204">
         <name>_ZN7bq769x0C2Ehi</name>
         <value>0x26d</value>
         <object_component_ref idref="oc-f8"/>
      </symbol>
      <symbol id="sm-205">
         <name>_ZN7bq769x018getTemperatureDegCEh</name>
         <value>0xb65</value>
         <object_component_ref idref="oc-f8"/>
      </symbol>
      <symbol id="sm-206">
         <name>_ZN7bq769x028setCellOvervoltageProtectionEP15_Register_Groupii</name>
         <value>0x9e7</value>
         <object_component_ref idref="oc-f8"/>
      </symbol>
      <symbol id="sm-207">
         <name>_ZN7bq769x08shutdownEv</name>
         <value>0xd0f</value>
         <object_component_ref idref="oc-f8"/>
      </symbol>
      <symbol id="sm-208">
         <name>_ZN7bq769x017getBatteryVoltageEv</name>
         <value>0xb0f</value>
         <object_component_ref idref="oc-f8"/>
      </symbol>
      <symbol id="sm-209">
         <name>_ZN7bq769x08alertISREv</name>
         <value>0x12cd</value>
         <object_component_ref idref="oc-f8"/>
      </symbol>
      <symbol id="sm-20a">
         <name>_ZN7bq769x011checkStatusEP15_Register_Group</name>
         <value>0xbdd</value>
         <object_component_ref idref="oc-f8"/>
      </symbol>
      <symbol id="sm-20b">
         <name>_ZN7bq769x022setBalancingThresholdsEiih</name>
         <value>0xabb</value>
         <object_component_ref idref="oc-f8"/>
      </symbol>
      <symbol id="sm-20c">
         <name>_ZN7bq769x0C1Ehi</name>
         <value>0x26d</value>
         <object_component_ref idref="oc-f8"/>
      </symbol>
      <symbol id="sm-20d">
         <name>_ZN7bq769x018getTemperatureDegFEh</name>
         <value>0xba9</value>
         <object_component_ref idref="oc-f8"/>
      </symbol>
      <symbol id="sm-20e">
         <name>_ZN7bq769x015disableChargingEv</name>
         <value>0xd7b</value>
         <object_component_ref idref="oc-f8"/>
      </symbol>
      <symbol id="sm-20f">
         <name>_ZN7bq769x018updateTemperaturesEv</name>
         <value>0x104f</value>
         <object_component_ref idref="oc-f8"/>
      </symbol>
      <symbol id="sm-210">
         <name>_ZN7bq769x021setAlertInterruptFlagEv</name>
         <value>0xe41</value>
         <object_component_ref idref="oc-f8"/>
      </symbol>
      <symbol id="sm-211">
         <name>_ZN7bq769x023setIdleCurrentThresholdEi</name>
         <value>0xaed</value>
         <object_component_ref idref="oc-f8"/>
      </symbol>
      <symbol id="sm-212">
         <name>_ZN7bq769x015I2CReadRegisterEj</name>
         <value>0x134d</value>
         <object_component_ref idref="oc-f8"/>
      </symbol>
      <symbol id="sm-213">
         <name>_ZN7bq769x017getBatteryCurrentEv</name>
         <value>0xb01</value>
         <object_component_ref idref="oc-f8"/>
      </symbol>
      <symbol id="sm-214">
         <name>_ZN7bq769x019enableAutoBalancingEv</name>
         <value>0xe1d</value>
         <object_component_ref idref="oc-f8"/>
      </symbol>
      <symbol id="sm-215">
         <name>_ZN7bq769x04InitEhh</name>
         <value>0x327</value>
         <object_component_ref idref="oc-f8"/>
      </symbol>
      <symbol id="sm-216">
         <name>_ZN7bq769x017getMinCellVoltageEv</name>
         <value>0xb39</value>
         <object_component_ref idref="oc-f8"/>
      </symbol>
      <symbol id="sm-217">
         <name>_ZN7bq769x016I2CWriteRegisterEjh</name>
         <value>0x12df</value>
         <object_component_ref idref="oc-f8"/>
      </symbol>
      <symbol id="sm-218">
         <name>_ZN7bq769x021setShuntResistorValueEf</name>
         <value>0x42f</value>
         <object_component_ref idref="oc-f8"/>
      </symbol>
      <symbol id="sm-219">
         <name>_ZN7bq769x013updateCurrentEP15_Register_Groupb</name>
         <value>0xfa1</value>
         <object_component_ref idref="oc-f8"/>
      </symbol>
      <symbol id="sm-21a">
         <name>_ZN7bq769x06updateEP15_Register_Group</name>
         <value>0xce1</value>
         <object_component_ref idref="oc-f8"/>
      </symbol>
      <symbol id="sm-21b">
         <name>_ZN7bq769x018disableDischargingEv</name>
         <value>0xdf9</value>
         <object_component_ref idref="oc-f8"/>
      </symbol>
      <symbol id="sm-21c">
         <name>_ZN7bq769x012getADCOffsetEv</name>
         <value>0xe61</value>
         <object_component_ref idref="oc-f8"/>
      </symbol>
      <symbol id="sm-21d">
         <name>_ZN7bq769x020setTemperatureLimitsEiiii</name>
         <value>0x455</value>
         <object_component_ref idref="oc-f8"/>
      </symbol>
      <symbol id="sm-21e">
         <name>_ZN7bq769x014enableChargingEP15_Register_Group</name>
         <value>0xd33</value>
         <object_component_ref idref="oc-f8"/>
      </symbol>
      <symbol id="sm-21f">
         <name>_ZN7bq769x015instancePointerE</name>
         <value>0x20000200</value>
         <object_component_ref idref="oc-204"/>
      </symbol>
      <symbol id="sm-220">
         <name>_ZN7bq769x010getADCGainEv</name>
         <value>0xe53</value>
         <object_component_ref idref="oc-f8"/>
      </symbol>
      <symbol id="sm-221">
         <name>_ZN7bq769x014getCellVoltageEh</name>
         <value>0xb1d</value>
         <object_component_ref idref="oc-f8"/>
      </symbol>
      <symbol id="sm-222">
         <name>_ZN7bq769x034setShortCircuitDischargeProtectionEP15_Register_Groupli</name>
         <value>0x4ad</value>
         <object_component_ref idref="oc-f8"/>
      </symbol>
      <symbol id="sm-269">
         <name>SysCtlClockSet</name>
         <value>0x2881</value>
         <object_component_ref idref="oc-e6"/>
      </symbol>
      <symbol id="sm-26a">
         <name>SysCtlDelay</name>
         <value>0x30cf</value>
         <object_component_ref idref="oc-fe"/>
      </symbol>
      <symbol id="sm-26b">
         <name>SysCtlPeripheralEnable</name>
         <value>0x2e6d</value>
         <object_component_ref idref="oc-16a"/>
      </symbol>
      <symbol id="sm-26c">
         <name>SysCtlPeripheralReady</name>
         <value>0x2ea1</value>
         <object_component_ref idref="oc-17f"/>
      </symbol>
      <symbol id="sm-2a2">
         <name>I2CMasterBusBusy</name>
         <value>0x30a7</value>
         <object_component_ref idref="oc-ce"/>
      </symbol>
      <symbol id="sm-2a3">
         <name>I2CMasterDataPut</name>
         <value>0x30dd</value>
         <object_component_ref idref="oc-c8"/>
      </symbol>
      <symbol id="sm-2a4">
         <name>I2CMasterSlaveAddrSet</name>
         <value>0x30b7</value>
         <object_component_ref idref="oc-c2"/>
      </symbol>
      <symbol id="sm-2a5">
         <name>I2CMasterDataGet</name>
         <value>0x30d9</value>
         <object_component_ref idref="oc-e0"/>
      </symbol>
      <symbol id="sm-2a6">
         <name>I2CMasterControl</name>
         <value>0x30d5</value>
         <object_component_ref idref="oc-d4"/>
      </symbol>
      <symbol id="sm-2a7">
         <name>I2CMasterBusy</name>
         <value>0x30af</value>
         <object_component_ref idref="oc-da"/>
      </symbol>
      <symbol id="sm-2dc">
         <name>GPIOPinTypeADC</name>
         <value>0x3039</value>
         <object_component_ref idref="oc-185"/>
      </symbol>
      <symbol id="sm-2dd">
         <name>GPIOPinTypeGPIOOutput</name>
         <value>0x2ff9</value>
         <object_component_ref idref="oc-170"/>
      </symbol>
      <symbol id="sm-2de">
         <name>GPIODirModeSet</name>
         <value>0x2f91</value>
         <object_component_ref idref="oc-241"/>
      </symbol>
      <symbol id="sm-2df">
         <name>GPIOPinWrite</name>
         <value>0x30c9</value>
         <object_component_ref idref="oc-176"/>
      </symbol>
      <symbol id="sm-2e0">
         <name>GPIOPadConfigSet</name>
         <value>0x2635</value>
         <object_component_ref idref="oc-23b"/>
      </symbol>
      <symbol id="sm-349">
         <name>ADCProcessorTrigger</name>
         <value>0x3011</value>
         <object_component_ref idref="oc-1b5"/>
      </symbol>
      <symbol id="sm-34a">
         <name>ADCSequenceEnable</name>
         <value>0x3069</value>
         <object_component_ref idref="oc-1a9"/>
      </symbol>
      <symbol id="sm-34b">
         <name>ADCSequenceConfigure</name>
         <value>0x2f65</value>
         <object_component_ref idref="oc-191"/>
      </symbol>
      <symbol id="sm-34c">
         <name>ADCReferenceSet</name>
         <value>0x3085</value>
         <object_component_ref idref="oc-197"/>
      </symbol>
      <symbol id="sm-34d">
         <name>ADCSequenceStepConfigure</name>
         <value>0x2c1d</value>
         <object_component_ref idref="oc-1a3"/>
      </symbol>
      <symbol id="sm-34e">
         <name>ADCIntClear</name>
         <value>0x309d</value>
         <object_component_ref idref="oc-1af"/>
      </symbol>
      <symbol id="sm-34f">
         <name>ADCHardwareOversampleConfigure</name>
         <value>0x3027</value>
         <object_component_ref idref="oc-19d"/>
      </symbol>
      <symbol id="sm-350">
         <name>ADCIntStatus</name>
         <value>0x2f09</value>
         <object_component_ref idref="oc-1bb"/>
      </symbol>
      <symbol id="sm-351">
         <name>ADCSequenceDisable</name>
         <value>0x305b</value>
         <object_component_ref idref="oc-18b"/>
      </symbol>
      <symbol id="sm-352">
         <name>ADCSequenceDataGet</name>
         <value>0x2fdb</value>
         <object_component_ref idref="oc-1c1"/>
      </symbol>
      <symbol id="sm-382">
         <name>logf</name>
         <value>0x1f89</value>
         <object_component_ref idref="oc-277"/>
      </symbol>
      <symbol id="sm-3be">
         <name>log</name>
         <value>0x1bc5</value>
         <object_component_ref idref="oc-1fe"/>
      </symbol>
      <symbol id="sm-3bf">
         <name>logl</name>
         <value>0x1bc5</value>
         <object_component_ref idref="oc-1fe"/>
      </symbol>
      <symbol id="sm-3ce">
         <name>__aeabi_memset</name>
         <value>0x2ba5</value>
         <object_component_ref idref="oc-8f"/>
      </symbol>
      <symbol id="sm-3cf">
         <name>memset</name>
         <value>0x2bab</value>
         <object_component_ref idref="oc-8f"/>
      </symbol>
      <symbol id="sm-3d0">
         <name>__aeabi_memset8</name>
         <value>0x2ba5</value>
         <object_component_ref idref="oc-8f"/>
      </symbol>
      <symbol id="sm-3d1">
         <name>__aeabi_memset4</name>
         <value>0x2ba5</value>
         <object_component_ref idref="oc-8f"/>
      </symbol>
      <symbol id="sm-3d2">
         <name>__aeabi_memclr8</name>
         <value>0x2ba3</value>
         <object_component_ref idref="oc-8f"/>
      </symbol>
      <symbol id="sm-3d3">
         <name>__aeabi_memclr4</name>
         <value>0x2ba3</value>
         <object_component_ref idref="oc-8f"/>
      </symbol>
      <symbol id="sm-3d4">
         <name>__aeabi_memclr</name>
         <value>0x2ba3</value>
         <object_component_ref idref="oc-8f"/>
      </symbol>
      <symbol id="sm-3eb">
         <name>__aeabi_dsub</name>
         <value>0x2349</value>
         <object_component_ref idref="oc-1e7"/>
      </symbol>
      <symbol id="sm-3ec">
         <name>__aeabi_dadd</name>
         <value>0x2353</value>
         <object_component_ref idref="oc-1e7"/>
      </symbol>
      <symbol id="sm-3fe">
         <name>__aeabi_cdcmpeq</name>
         <value>0x2b1d</value>
         <object_component_ref idref="oc-28e"/>
      </symbol>
      <symbol id="sm-3ff">
         <name>__aeabi_cdcmple</name>
         <value>0x2b1d</value>
         <object_component_ref idref="oc-28e"/>
      </symbol>
      <symbol id="sm-413">
         <name>__aeabi_ddiv</name>
         <value>0x24ff</value>
         <object_component_ref idref="oc-1cc"/>
      </symbol>
      <symbol id="sm-41e">
         <name>__aeabi_dmul</name>
         <value>0x2985</value>
         <object_component_ref idref="oc-1d6"/>
      </symbol>
      <symbol id="sm-428">
         <name>__aeabi_d2iz</name>
         <value>0x2d63</value>
         <object_component_ref idref="oc-1f4"/>
      </symbol>
      <symbol id="sm-434">
         <name>__aeabi_d2f</name>
         <value>0x2c8d</value>
         <object_component_ref idref="oc-1db"/>
      </symbol>
      <symbol id="sm-43e">
         <name>__aeabi_d2uiz</name>
         <value>0x2df1</value>
         <object_component_ref idref="oc-1f9"/>
      </symbol>
      <symbol id="sm-449">
         <name>__aeabi_f2d</name>
         <value>0x2e35</value>
         <object_component_ref idref="oc-1d1"/>
      </symbol>
      <symbol id="sm-453">
         <name>__aeabi_i2d</name>
         <value>0x2f37</value>
         <object_component_ref idref="oc-1ef"/>
      </symbol>
      <symbol id="sm-45d">
         <name>__aeabi_ui2d</name>
         <value>0x2fbb</value>
         <object_component_ref idref="oc-1c7"/>
      </symbol>
      <symbol id="sm-475">
         <name>__TI_decompress_none</name>
         <value>0x3077</value>
         <object_component_ref idref="oc-1b"/>
      </symbol>
      <symbol id="sm-498">
         <name>__TI_decompress_lzss</name>
         <value>0x2cfb</value>
         <object_component_ref idref="oc-15"/>
      </symbol>
      <symbol id="sm-4ae">
         <name>__aeabi_errno_addr</name>
         <value>0x30c1</value>
         <object_component_ref idref="oc-288"/>
      </symbol>
      <symbol id="sm-4af">
         <name>errno</name>
         <value>0x20000204</value>
         <object_component_ref idref="oc-2d6"/>
      </symbol>
      <symbol id="sm-4c2">
         <name>__stack</name>
         <value>0x20000000</value>
         <object_component_ref idref="oc-24"/>
      </symbol>
      <symbol id="sm-4c3">
         <name>_c_int00_noargs</name>
         <value>0x2ed5</value>
         <object_component_ref idref="oc-59"/>
      </symbol>
      <symbol id="sm-4de">
         <name>memcpy</name>
         <value>0x2a81</value>
         <object_component_ref idref="oc-3b"/>
      </symbol>
      <symbol id="sm-4df">
         <name>__aeabi_memcpy</name>
         <value>0x2a81</value>
         <object_component_ref idref="oc-3b"/>
      </symbol>
      <symbol id="sm-4e0">
         <name>__aeabi_memcpy8</name>
         <value>0x2a81</value>
         <object_component_ref idref="oc-3b"/>
      </symbol>
      <symbol id="sm-4e1">
         <name>__aeabi_memcpy4</name>
         <value>0x2a81</value>
         <object_component_ref idref="oc-3b"/>
      </symbol>
      <symbol id="sm-509">
         <name>__TI_auto_init_nobinit_nopinit</name>
         <value>0x2dad</value>
         <object_component_ref idref="oc-125"/>
      </symbol>
      <symbol id="sm-513">
         <name>_system_pre_init</name>
         <value>0x30e1</value>
         <object_component_ref idref="oc-95"/>
      </symbol>
      <symbol id="sm-51f">
         <name>C$$EXIT</name>
         <value>0x30e5</value>
         <object_component_ref idref="oc-119"/>
      </symbol>
      <symbol id="sm-520">
         <name>abort</name>
         <value>0x30e5</value>
         <object_component_ref idref="oc-119"/>
      </symbol>
      <symbol id="sm-523">
         <name>__TI_static_base__</name>
         <value>0x0</value>
      </symbol>
      <symbol id="sm-526">
         <name>__mpu_init</name>
         <value>0x0</value>
      </symbol>
      <symbol id="sm-527">
         <name>_system_post_cinit</name>
         <value>0x0</value>
      </symbol>
   </symbol_table>
   <title>Link successful</title>
</link_info>
