<?xml version="1.0" encoding="ISO-8859-1" ?>
<link_info>
   <banner>TI ARM Linker PC v20.2.1.LTS</banner>
   <copyright>Copyright (c) 1996-2018 Texas Instruments Incorporated</copyright>
   <link_time>0x610edde6</link_time>
   <link_errors>0x0</link_errors>
   <output_file>KIT21_LVBMS_Code.out</output_file>
   <entry_point>
      <name>_c_int00_noargs</name>
      <address>0x3fb9</address>
   </entry_point>
   <input_file_list>
      <input_file id="fl-2">
         <path>.\</path>
         <kind>object</kind>
         <file>main.obj</file>
         <name>main.obj</name>
      </input_file>
      <input_file id="fl-3">
         <path>.\</path>
         <kind>object</kind>
         <file>tm4c123gh6pm_startup_ccs.obj</file>
         <name>tm4c123gh6pm_startup_ccs.obj</name>
      </input_file>
      <input_file id="fl-4">
         <path>.\src\</path>
         <kind>object</kind>
         <file>ADC.obj</file>
         <name>ADC.obj</name>
      </input_file>
      <input_file id="fl-5">
         <path>.\src\</path>
         <kind>object</kind>
         <file>CANDriver.obj</file>
         <name>CANDriver.obj</name>
      </input_file>
      <input_file id="fl-6">
         <path>.\src\</path>
         <kind>object</kind>
         <file>GPIO.obj</file>
         <name>GPIO.obj</name>
      </input_file>
      <input_file id="fl-7">
         <path>.\src\</path>
         <kind>object</kind>
         <file>I2C.obj</file>
         <name>I2C.obj</name>
      </input_file>
      <input_file id="fl-8">
         <path>.\src\</path>
         <kind>object</kind>
         <file>TestCAN.obj</file>
         <name>TestCAN.obj</name>
      </input_file>
      <input_file id="fl-9">
         <path>.\src\</path>
         <kind>object</kind>
         <file>Timer.obj</file>
         <name>Timer.obj</name>
      </input_file>
      <input_file id="fl-f">
         <kind>object</kind>
         <file>&lt;internal&gt;</file>
         <name>&lt;internal&gt;</name>
      </input_file>
      <input_file id="fl-10">
         <path>..\</path>
         <kind>archive</kind>
         <file>driverlib.lib</file>
         <name>timer.obj</name>
      </input_file>
      <input_file id="fl-11">
         <path>..\</path>
         <kind>archive</kind>
         <file>driverlib.lib</file>
         <name>sysctl.obj</name>
      </input_file>
      <input_file id="fl-12">
         <path>..\</path>
         <kind>archive</kind>
         <file>driverlib.lib</file>
         <name>interrupt.obj</name>
      </input_file>
      <input_file id="fl-13">
         <path>..\</path>
         <kind>archive</kind>
         <file>driverlib.lib</file>
         <name>i2c.obj</name>
      </input_file>
      <input_file id="fl-14">
         <path>..\</path>
         <kind>archive</kind>
         <file>driverlib.lib</file>
         <name>gpio.obj</name>
      </input_file>
      <input_file id="fl-15">
         <path>..\</path>
         <kind>archive</kind>
         <file>driverlib.lib</file>
         <name>cpu.obj</name>
      </input_file>
      <input_file id="fl-16">
         <path>..\</path>
         <kind>archive</kind>
         <file>driverlib.lib</file>
         <name>can.obj</name>
      </input_file>
      <input_file id="fl-17">
         <path>..\</path>
         <kind>archive</kind>
         <file>driverlib.lib</file>
         <name>adc.obj</name>
      </input_file>
      <input_file id="fl-cd">
         <path>D:\Backup\CCS\ccs\tools\compiler\ti-cgt-arm_20.2.1.LTS\lib\</path>
         <kind>archive</kind>
         <file>rtsv7M4_T_le_v4SPD16_eabi.lib</file>
         <name>e_logf.c.obj</name>
      </input_file>
      <input_file id="fl-ce">
         <path>D:\Backup\CCS\ccs\tools\compiler\ti-cgt-arm_20.2.1.LTS\lib\</path>
         <kind>archive</kind>
         <file>rtsv7M4_T_le_v4SPD16_eabi.lib</file>
         <name>e_log.c.obj</name>
      </input_file>
      <input_file id="fl-cf">
         <path>D:\Backup\CCS\ccs\tools\compiler\ti-cgt-arm_20.2.1.LTS\lib\</path>
         <kind>archive</kind>
         <file>rtsv7M4_T_le_v4SPD16_eabi.lib</file>
         <name>memset_t2.asm.obj</name>
      </input_file>
      <input_file id="fl-d0">
         <path>D:\Backup\CCS\ccs\tools\compiler\ti-cgt-arm_20.2.1.LTS\lib\</path>
         <kind>archive</kind>
         <file>rtsv7M4_T_le_v4SPD16_eabi.lib</file>
         <name>fd_add_t2.asm.obj</name>
      </input_file>
      <input_file id="fl-d1">
         <path>D:\Backup\CCS\ccs\tools\compiler\ti-cgt-arm_20.2.1.LTS\lib\</path>
         <kind>archive</kind>
         <file>rtsv7M4_T_le_v4SPD16_eabi.lib</file>
         <name>fd_cmp_t2.asm.obj</name>
      </input_file>
      <input_file id="fl-d2">
         <path>D:\Backup\CCS\ccs\tools\compiler\ti-cgt-arm_20.2.1.LTS\lib\</path>
         <kind>archive</kind>
         <file>rtsv7M4_T_le_v4SPD16_eabi.lib</file>
         <name>fd_div_t2.asm.obj</name>
      </input_file>
      <input_file id="fl-d3">
         <path>D:\Backup\CCS\ccs\tools\compiler\ti-cgt-arm_20.2.1.LTS\lib\</path>
         <kind>archive</kind>
         <file>rtsv7M4_T_le_v4SPD16_eabi.lib</file>
         <name>fd_mul_t2.asm.obj</name>
      </input_file>
      <input_file id="fl-d4">
         <path>D:\Backup\CCS\ccs\tools\compiler\ti-cgt-arm_20.2.1.LTS\lib\</path>
         <kind>archive</kind>
         <file>rtsv7M4_T_le_v4SPD16_eabi.lib</file>
         <name>fd_toi_t2.asm.obj</name>
      </input_file>
      <input_file id="fl-d5">
         <path>D:\Backup\CCS\ccs\tools\compiler\ti-cgt-arm_20.2.1.LTS\lib\</path>
         <kind>archive</kind>
         <file>rtsv7M4_T_le_v4SPD16_eabi.lib</file>
         <name>fd_tos_t2.asm.obj</name>
      </input_file>
      <input_file id="fl-d6">
         <path>D:\Backup\CCS\ccs\tools\compiler\ti-cgt-arm_20.2.1.LTS\lib\</path>
         <kind>archive</kind>
         <file>rtsv7M4_T_le_v4SPD16_eabi.lib</file>
         <name>fd_tou_t2.asm.obj</name>
      </input_file>
      <input_file id="fl-d7">
         <path>D:\Backup\CCS\ccs\tools\compiler\ti-cgt-arm_20.2.1.LTS\lib\</path>
         <kind>archive</kind>
         <file>rtsv7M4_T_le_v4SPD16_eabi.lib</file>
         <name>fs_tod_t2.asm.obj</name>
      </input_file>
      <input_file id="fl-d8">
         <path>D:\Backup\CCS\ccs\tools\compiler\ti-cgt-arm_20.2.1.LTS\lib\</path>
         <kind>archive</kind>
         <file>rtsv7M4_T_le_v4SPD16_eabi.lib</file>
         <name>i_tofd_t2.asm.obj</name>
      </input_file>
      <input_file id="fl-d9">
         <path>D:\Backup\CCS\ccs\tools\compiler\ti-cgt-arm_20.2.1.LTS\lib\</path>
         <kind>archive</kind>
         <file>rtsv7M4_T_le_v4SPD16_eabi.lib</file>
         <name>u_tofd_t2.asm.obj</name>
      </input_file>
      <input_file id="fl-da">
         <path>D:\Backup\CCS\ccs\tools\compiler\ti-cgt-arm_20.2.1.LTS\lib\</path>
         <kind>archive</kind>
         <file>rtsv7M4_T_le_v4SPD16_eabi.lib</file>
         <name>copy_zero_init.c.obj</name>
      </input_file>
      <input_file id="fl-db">
         <path>D:\Backup\CCS\ccs\tools\compiler\ti-cgt-arm_20.2.1.LTS\lib\</path>
         <kind>archive</kind>
         <file>rtsv7M4_T_le_v4SPD16_eabi.lib</file>
         <name>copy_decompress_none.c.obj</name>
      </input_file>
      <input_file id="fl-dc">
         <path>D:\Backup\CCS\ccs\tools\compiler\ti-cgt-arm_20.2.1.LTS\lib\</path>
         <kind>archive</kind>
         <file>rtsv7M4_T_le_v4SPD16_eabi.lib</file>
         <name>copy_decompress_lzss.c.obj</name>
      </input_file>
      <input_file id="fl-dd">
         <path>D:\Backup\CCS\ccs\tools\compiler\ti-cgt-arm_20.2.1.LTS\lib\</path>
         <kind>archive</kind>
         <file>rtsv7M4_T_le_v4SPD16_eabi.lib</file>
         <name>errno.c.obj</name>
      </input_file>
      <input_file id="fl-de">
         <path>D:\Backup\CCS\ccs\tools\compiler\ti-cgt-arm_20.2.1.LTS\lib\</path>
         <kind>archive</kind>
         <file>rtsv7M4_T_le_v4SPD16_eabi.lib</file>
         <name>boot_cortex_m.c.obj</name>
      </input_file>
      <input_file id="fl-df">
         <path>D:\Backup\CCS\ccs\tools\compiler\ti-cgt-arm_20.2.1.LTS\lib\</path>
         <kind>archive</kind>
         <file>rtsv7M4_T_le_v4SPD16_eabi.lib</file>
         <name>memcpy_t2.asm.obj</name>
      </input_file>
      <input_file id="fl-e0">
         <path>D:\Backup\CCS\ccs\tools\compiler\ti-cgt-arm_20.2.1.LTS\lib\</path>
         <kind>archive</kind>
         <file>rtsv7M4_T_le_v4SPD16_eabi.lib</file>
         <name>autoinit.c.obj</name>
      </input_file>
      <input_file id="fl-e1">
         <path>D:\Backup\CCS\ccs\tools\compiler\ti-cgt-arm_20.2.1.LTS\lib\</path>
         <kind>archive</kind>
         <file>rtsv7M4_T_le_v4SPD16_eabi.lib</file>
         <name>pre_init.c.obj</name>
      </input_file>
      <input_file id="fl-e2">
         <path>D:\Backup\CCS\ccs\tools\compiler\ti-cgt-arm_20.2.1.LTS\lib\</path>
         <kind>archive</kind>
         <file>rtsv7M4_T_le_v4SPD16_eabi.lib</file>
         <name>cpy_tbl.c.obj</name>
      </input_file>
      <input_file id="fl-e3">
         <path>D:\Backup\CCS\ccs\tools\compiler\ti-cgt-arm_20.2.1.LTS\lib\</path>
         <kind>archive</kind>
         <file>rtsv7M4_T_le_v4SPD16_eabi.lib</file>
         <name>exit.c.obj</name>
      </input_file>
      <input_file id="fl-e4">
         <path>D:\Backup\CCS\ccs\tools\compiler\ti-cgt-arm_20.2.1.LTS\lib\</path>
         <kind>archive</kind>
         <file>rtsv7M4_T_le_v4SPD16_eabi.lib</file>
         <name>_lock.c.obj</name>
      </input_file>
      <input_file id="fl-e5">
         <path>D:\Backup\CCS\ccs\tools\compiler\ti-cgt-arm_20.2.1.LTS\lib\</path>
         <kind>archive</kind>
         <file>rtsv7M4_T_le_v4SPD16_eabi.lib</file>
         <name>args_main.c.obj</name>
      </input_file>
   </input_file_list>
   <object_component_list>
      <object_component id="oc-12">
         <name>.intvecs</name>
         <load_address>0x0</load_address>
         <run_address>0x0</run_address>
         <size>0x26c</size>
         <input_file_ref idref="fl-3"/>
      </object_component>
      <object_component id="oc-ae">
         <name>.text</name>
         <load_address>0x26c</load_address>
         <run_address>0x26c</run_address>
         <size>0x1458</size>
         <input_file_ref idref="fl-7"/>
      </object_component>
      <object_component id="oc-c7">
         <name>.text</name>
         <load_address>0x16c4</load_address>
         <run_address>0x16c4</run_address>
         <size>0x7ec</size>
         <input_file_ref idref="fl-4"/>
      </object_component>
      <object_component id="oc-1dd">
         <name>.text:log</name>
         <load_address>0x1eb0</load_address>
         <run_address>0x1eb0</run_address>
         <size>0x3c4</size>
         <input_file_ref idref="fl-ce"/>
      </object_component>
      <object_component id="oc-6c">
         <name>.text</name>
         <load_address>0x2274</load_address>
         <run_address>0x2274</run_address>
         <size>0x320</size>
         <input_file_ref idref="fl-2"/>
      </object_component>
      <object_component id="oc-d9">
         <name>.text</name>
         <load_address>0x2594</load_address>
         <run_address>0x2594</run_address>
         <size>0x2b8</size>
         <input_file_ref idref="fl-5"/>
      </object_component>
      <object_component id="oc-d3">
         <name>.text</name>
         <load_address>0x284c</load_address>
         <run_address>0x284c</run_address>
         <size>0x218</size>
         <input_file_ref idref="fl-8"/>
      </object_component>
      <object_component id="oc-39a">
         <name>.text:logf</name>
         <load_address>0x2a64</load_address>
         <run_address>0x2a64</run_address>
         <size>0x1f0</size>
         <input_file_ref idref="fl-cd"/>
      </object_component>
      <object_component id="oc-184">
         <name>.text</name>
         <load_address>0x2c54</load_address>
         <run_address>0x2c54</run_address>
         <size>0x1b6</size>
         <input_file_ref idref="fl-d0"/>
      </object_component>
      <object_component id="oc-2c4">
         <name>.text:CANMessageSet</name>
         <load_address>0x2e0c</load_address>
         <run_address>0x2e0c</run_address>
         <size>0x13c</size>
         <input_file_ref idref="fl-16"/>
      </object_component>
      <object_component id="oc-1c9">
         <name>.text</name>
         <load_address>0x2f48</load_address>
         <run_address>0x2f48</run_address>
         <size>0x136</size>
         <input_file_ref idref="fl-d2"/>
      </object_component>
      <object_component id="oc-15f">
         <name>.text:GPIOPadConfigSet</name>
         <load_address>0x307e</load_address>
         <run_address>0x307e</run_address>
         <size>0x130</size>
         <input_file_ref idref="fl-14"/>
      </object_component>
      <object_component id="oc-c1">
         <name>.text</name>
         <load_address>0x31b0</load_address>
         <run_address>0x31b0</run_address>
         <size>0x124</size>
         <input_file_ref idref="fl-6"/>
      </object_component>
      <object_component id="oc-cd">
         <name>.text</name>
         <load_address>0x32d4</load_address>
         <run_address>0x32d4</run_address>
         <size>0x118</size>
         <input_file_ref idref="fl-9"/>
      </object_component>
      <object_component id="oc-2b8">
         <name>.text:CANMessageGet</name>
         <load_address>0x33ec</load_address>
         <run_address>0x33ec</run_address>
         <size>0x110</size>
         <input_file_ref idref="fl-16"/>
      </object_component>
      <object_component id="oc-bb">
         <name>.text:SysCtlClockSet</name>
         <load_address>0x34fc</load_address>
         <run_address>0x34fc</run_address>
         <size>0x104</size>
         <input_file_ref idref="fl-11"/>
      </object_component>
      <object_component id="oc-17f">
         <name>.text</name>
         <load_address>0x3600</load_address>
         <run_address>0x3600</run_address>
         <size>0xfc</size>
         <input_file_ref idref="fl-d3"/>
      </object_component>
      <object_component id="oc-2d0">
         <name>.text:SysCtlClockGet</name>
         <load_address>0x36fc</load_address>
         <run_address>0x36fc</run_address>
         <size>0xc8</size>
         <input_file_ref idref="fl-11"/>
      </object_component>
      <object_component id="oc-3c">
         <name>.text</name>
         <load_address>0x37c4</load_address>
         <run_address>0x37c4</run_address>
         <size>0x9c</size>
         <input_file_ref idref="fl-df"/>
      </object_component>
      <object_component id="oc-36f">
         <name>.text:__aeabi_cdcmple</name>
         <load_address>0x3860</load_address>
         <run_address>0x3860</run_address>
         <size>0x86</size>
         <input_file_ref idref="fl-d1"/>
      </object_component>
      <object_component id="oc-96">
         <name>.text</name>
         <load_address>0x38e6</load_address>
         <run_address>0x38e6</run_address>
         <size>0x7a</size>
         <input_file_ref idref="fl-cf"/>
      </object_component>
      <object_component id="oc-221">
         <name>.text:ADCSequenceStepConfigure</name>
         <load_address>0x3960</load_address>
         <run_address>0x3960</run_address>
         <size>0x70</size>
         <input_file_ref idref="fl-17"/>
      </object_component>
      <object_component id="oc-189">
         <name>.text</name>
         <load_address>0x39d0</load_address>
         <run_address>0x39d0</run_address>
         <size>0x6e</size>
         <input_file_ref idref="fl-d5"/>
      </object_component>
      <object_component id="oc-2d6">
         <name>.text:CANBitRateSet</name>
         <load_address>0x3a40</load_address>
         <run_address>0x3a40</run_address>
         <size>0x68</size>
         <input_file_ref idref="fl-16"/>
      </object_component>
      <object_component id="oc-15">
         <name>.text:decompress:lzss:__TI_decompress_lzss</name>
         <load_address>0x3aa8</load_address>
         <run_address>0x3aa8</run_address>
         <size>0x68</size>
         <input_file_ref idref="fl-dc"/>
      </object_component>
      <object_component id="oc-34c">
         <name>.text:IntEnable</name>
         <load_address>0x3b10</load_address>
         <run_address>0x3b10</run_address>
         <size>0x60</size>
         <input_file_ref idref="fl-12"/>
      </object_component>
      <object_component id="oc-127">
         <name>.text:__TI_auto_init_nobinit:__TI_auto_init_nobinit</name>
         <load_address>0x3b70</load_address>
         <run_address>0x3b70</run_address>
         <size>0x60</size>
         <input_file_ref idref="fl-e0"/>
      </object_component>
      <object_component id="oc-261">
         <name>.text:TimerConfigure</name>
         <load_address>0x3bd0</load_address>
         <run_address>0x3bd0</run_address>
         <size>0x5c</size>
         <input_file_ref idref="fl-10"/>
      </object_component>
      <object_component id="oc-165">
         <name>.text:GPIOIntTypeSet</name>
         <load_address>0x3c2c</load_address>
         <run_address>0x3c2c</run_address>
         <size>0x56</size>
         <input_file_ref idref="fl-14"/>
      </object_component>
      <object_component id="oc-255">
         <name>.text:SysCtlPeripheralReset</name>
         <load_address>0x3c84</load_address>
         <run_address>0x3c84</run_address>
         <size>0x50</size>
         <input_file_ref idref="fl-11"/>
      </object_component>
      <object_component id="oc-3ad">
         <name>.text:_TimerIntNumberGet</name>
         <load_address>0x3cd4</load_address>
         <run_address>0x3cd4</run_address>
         <size>0x4c</size>
         <input_file_ref idref="fl-10"/>
      </object_component>
      <object_component id="oc-29a">
         <name>.text:GPIOPinConfigure</name>
         <load_address>0x3d20</load_address>
         <run_address>0x3d20</run_address>
         <size>0x48</size>
         <input_file_ref idref="fl-14"/>
      </object_component>
      <object_component id="oc-1ce">
         <name>.text</name>
         <load_address>0x3d68</load_address>
         <run_address>0x3d68</run_address>
         <size>0x48</size>
         <input_file_ref idref="fl-d4"/>
      </object_component>
      <object_component id="oc-1d3">
         <name>.text</name>
         <load_address>0x3db0</load_address>
         <run_address>0x3db0</run_address>
         <size>0x44</size>
         <input_file_ref idref="fl-d6"/>
      </object_component>
      <object_component id="oc-2ac">
         <name>.text:CANStatusGet</name>
         <load_address>0x3df4</load_address>
         <run_address>0x3df4</run_address>
         <size>0x40</size>
         <input_file_ref idref="fl-16"/>
      </object_component>
      <object_component id="oc-340">
         <name>.text:_GPIOIntNumberGet</name>
         <load_address>0x3e34</load_address>
         <run_address>0x3e34</run_address>
         <size>0x40</size>
         <input_file_ref idref="fl-14"/>
      </object_component>
      <object_component id="oc-2ca">
         <name>.text:CANInit</name>
         <load_address>0x3e74</load_address>
         <run_address>0x3e74</run_address>
         <size>0x3a</size>
         <input_file_ref idref="fl-16"/>
      </object_component>
      <object_component id="oc-17a">
         <name>.text</name>
         <load_address>0x3eae</load_address>
         <run_address>0x3eae</run_address>
         <size>0x38</size>
         <input_file_ref idref="fl-d7"/>
      </object_component>
      <object_component id="oc-346">
         <name>.text:IntRegister</name>
         <load_address>0x3ee8</load_address>
         <run_address>0x3ee8</run_address>
         <size>0x34</size>
         <input_file_ref idref="fl-12"/>
      </object_component>
      <object_component id="oc-24f">
         <name>.text:SysCtlPeripheralDisable</name>
         <load_address>0x3f1c</load_address>
         <run_address>0x3f1c</run_address>
         <size>0x34</size>
         <input_file_ref idref="fl-11"/>
      </object_component>
      <object_component id="oc-1f4">
         <name>.text:SysCtlPeripheralEnable</name>
         <load_address>0x3f50</load_address>
         <run_address>0x3f50</run_address>
         <size>0x34</size>
         <input_file_ref idref="fl-11"/>
      </object_component>
      <object_component id="oc-1fd">
         <name>.text:SysCtlPeripheralReady</name>
         <load_address>0x3f84</load_address>
         <run_address>0x3f84</run_address>
         <size>0x34</size>
         <input_file_ref idref="fl-11"/>
      </object_component>
      <object_component id="oc-5a">
         <name>.text:_c_int00_noargs:_c_int00_noargs</name>
         <load_address>0x3fb8</load_address>
         <run_address>0x3fb8</run_address>
         <size>0x34</size>
         <input_file_ref idref="fl-de"/>
      </object_component>
      <object_component id="oc-239">
         <name>.text:ADCIntStatus</name>
         <load_address>0x3fec</load_address>
         <run_address>0x3fec</run_address>
         <size>0x2e</size>
         <input_file_ref idref="fl-17"/>
      </object_component>
      <object_component id="oc-1c4">
         <name>.text</name>
         <load_address>0x401a</load_address>
         <run_address>0x401a</run_address>
         <size>0x2e</size>
         <input_file_ref idref="fl-d8"/>
      </object_component>
      <object_component id="oc-20f">
         <name>.text:ADCSequenceConfigure</name>
         <load_address>0x4048</load_address>
         <run_address>0x4048</run_address>
         <size>0x2c</size>
         <input_file_ref idref="fl-17"/>
      </object_component>
      <object_component id="oc-331">
         <name>.text:GPIODirModeSet</name>
         <load_address>0x4074</load_address>
         <run_address>0x4074</run_address>
         <size>0x2a</size>
         <input_file_ref idref="fl-14"/>
      </object_component>
      <object_component id="oc-3d3">
         <name>.text:_CANDataRegRead</name>
         <load_address>0x409e</load_address>
         <run_address>0x409e</run_address>
         <size>0x2a</size>
         <input_file_ref idref="fl-16"/>
      </object_component>
      <object_component id="oc-3db">
         <name>.text:_CANDataRegWrite</name>
         <load_address>0x40c8</load_address>
         <run_address>0x40c8</run_address>
         <size>0x24</size>
         <input_file_ref idref="fl-16"/>
      </object_component>
      <object_component id="oc-2be">
         <name>.text:CANIntClear</name>
         <load_address>0x40ec</load_address>
         <run_address>0x40ec</run_address>
         <size>0x22</size>
         <input_file_ref idref="fl-16"/>
      </object_component>
      <object_component id="oc-1d8">
         <name>.text</name>
         <load_address>0x410e</load_address>
         <run_address>0x410e</run_address>
         <size>0x20</size>
         <input_file_ref idref="fl-d9"/>
      </object_component>
      <object_component id="oc-23f">
         <name>.text:ADCSequenceDataGet</name>
         <load_address>0x412e</load_address>
         <run_address>0x412e</run_address>
         <size>0x1e</size>
         <input_file_ref idref="fl-17"/>
      </object_component>
      <object_component id="oc-2a6">
         <name>.text:CANIntStatus</name>
         <load_address>0x414c</load_address>
         <run_address>0x414c</run_address>
         <size>0x1e</size>
         <input_file_ref idref="fl-16"/>
      </object_component>
      <object_component id="oc-48">
         <name>.text:decompress:ZI:__TI_zero_init_nomemset:__TI_zero_init_nomemset</name>
         <load_address>0x416a</load_address>
         <run_address>0x416a</run_address>
         <size>0x1c</size>
         <input_file_ref idref="fl-da"/>
      </object_component>
      <object_component id="oc-16b">
         <name>.text:GPIOIntRegister</name>
         <load_address>0x4186</load_address>
         <run_address>0x4186</run_address>
         <size>0x18</size>
         <input_file_ref idref="fl-14"/>
      </object_component>
      <object_component id="oc-153">
         <name>.text:GPIOPinTypeGPIOOutput</name>
         <load_address>0x419e</load_address>
         <run_address>0x419e</run_address>
         <size>0x18</size>
         <input_file_ref idref="fl-14"/>
      </object_component>
      <object_component id="oc-26d">
         <name>.text:TimerIntRegister</name>
         <load_address>0x41b6</load_address>
         <run_address>0x41b6</run_address>
         <size>0x18</size>
         <input_file_ref idref="fl-10"/>
      </object_component>
      <object_component id="oc-233">
         <name>.text:ADCProcessorTrigger</name>
         <load_address>0x41ce</load_address>
         <run_address>0x41ce</run_address>
         <size>0x16</size>
         <input_file_ref idref="fl-17"/>
      </object_component>
      <object_component id="oc-25b">
         <name>.text:TimerDisable</name>
         <load_address>0x41e4</load_address>
         <run_address>0x41e4</run_address>
         <size>0x14</size>
         <input_file_ref idref="fl-10"/>
      </object_component>
      <object_component id="oc-21b">
         <name>.text:ADCHardwareOversampleConfigure</name>
         <load_address>0x41f8</load_address>
         <run_address>0x41f8</run_address>
         <size>0x12</size>
         <input_file_ref idref="fl-17"/>
      </object_component>
      <object_component id="oc-203">
         <name>.text:GPIOPinTypeADC</name>
         <load_address>0x420a</load_address>
         <run_address>0x420a</run_address>
         <size>0x12</size>
         <input_file_ref idref="fl-14"/>
      </object_component>
      <object_component id="oc-2a0">
         <name>.text:GPIOPinTypeCAN</name>
         <load_address>0x421c</load_address>
         <run_address>0x421c</run_address>
         <size>0x12</size>
         <input_file_ref idref="fl-14"/>
      </object_component>
      <object_component id="oc-159">
         <name>.text:GPIOPinTypeGPIOInput</name>
         <load_address>0x422e</load_address>
         <run_address>0x422e</run_address>
         <size>0x12</size>
         <input_file_ref idref="fl-14"/>
      </object_component>
      <object_component id="oc-267">
         <name>.text:TimerLoadSet</name>
         <load_address>0x4240</load_address>
         <run_address>0x4240</run_address>
         <size>0x12</size>
         <input_file_ref idref="fl-10"/>
      </object_component>
      <object_component id="oc-245">
         <name>.text:_Z3logf</name>
         <load_address>0x4252</load_address>
         <run_address>0x4252</run_address>
         <size>0x10</size>
         <input_file_ref idref="fl-4"/>
      </object_component>
      <object_component id="oc-209">
         <name>.text:ADCSequenceDisable</name>
         <load_address>0x4262</load_address>
         <run_address>0x4262</run_address>
         <size>0xe</size>
         <input_file_ref idref="fl-17"/>
      </object_component>
      <object_component id="oc-227">
         <name>.text:ADCSequenceEnable</name>
         <load_address>0x4270</load_address>
         <run_address>0x4270</run_address>
         <size>0xe</size>
         <input_file_ref idref="fl-17"/>
      </object_component>
      <object_component id="oc-1b2">
         <name>.text:GPIOIntStatus</name>
         <load_address>0x427e</load_address>
         <run_address>0x427e</run_address>
         <size>0xe</size>
         <input_file_ref idref="fl-14"/>
      </object_component>
      <object_component id="oc-27f">
         <name>.text:TimerEnable</name>
         <load_address>0x428c</load_address>
         <run_address>0x428c</run_address>
         <size>0xe</size>
         <input_file_ref idref="fl-10"/>
      </object_component>
      <object_component id="oc-1b">
         <name>.text:decompress:none:__TI_decompress_none</name>
         <load_address>0x429a</load_address>
         <run_address>0x429a</run_address>
         <size>0xe</size>
         <input_file_ref idref="fl-db"/>
      </object_component>
      <object_component id="oc-215">
         <name>.text:ADCReferenceSet</name>
         <load_address>0x42a8</load_address>
         <run_address>0x42a8</run_address>
         <size>0xc</size>
         <input_file_ref idref="fl-17"/>
      </object_component>
      <object_component id="oc-3b5">
         <name>.text:CPUcpsie</name>
         <load_address>0x42b4</load_address>
         <run_address>0x42b4</run_address>
         <size>0xc</size>
         <input_file_ref idref="fl-15"/>
      </object_component>
      <object_component id="oc-171">
         <name>.text:GPIOIntEnable</name>
         <load_address>0x42c0</load_address>
         <run_address>0x42c0</run_address>
         <size>0xc</size>
         <input_file_ref idref="fl-14"/>
      </object_component>
      <object_component id="oc-28">
         <name>.text</name>
         <load_address>0x42cc</load_address>
         <run_address>0x42cc</run_address>
         <size>0xc</size>
         <input_file_ref idref="fl-3"/>
      </object_component>
      <object_component id="oc-22d">
         <name>.text:ADCIntClear</name>
         <load_address>0x42d8</load_address>
         <run_address>0x42d8</run_address>
         <size>0xa</size>
         <input_file_ref idref="fl-17"/>
      </object_component>
      <object_component id="oc-2b2">
         <name>.text:CANEnable</name>
         <load_address>0x42e2</load_address>
         <run_address>0x42e2</run_address>
         <size>0xa</size>
         <input_file_ref idref="fl-16"/>
      </object_component>
      <object_component id="oc-279">
         <name>.text:IntMasterEnable</name>
         <load_address>0x42ec</load_address>
         <run_address>0x42ec</run_address>
         <size>0xa</size>
         <input_file_ref idref="fl-12"/>
      </object_component>
      <object_component id="oc-285">
         <name>.text:TimerIntStatus</name>
         <load_address>0x42f6</load_address>
         <run_address>0x42f6</run_address>
         <size>0xa</size>
         <input_file_ref idref="fl-10"/>
      </object_component>
      <object_component id="oc-2dc">
         <name>.text:CANIntEnable</name>
         <load_address>0x4300</load_address>
         <run_address>0x4300</run_address>
         <size>0x8</size>
         <input_file_ref idref="fl-16"/>
      </object_component>
      <object_component id="oc-1a6">
         <name>.text:I2CMasterBusBusy</name>
         <load_address>0x4308</load_address>
         <run_address>0x4308</run_address>
         <size>0x8</size>
         <input_file_ref idref="fl-13"/>
      </object_component>
      <object_component id="oc-1a0">
         <name>.text:I2CMasterBusy</name>
         <load_address>0x4310</load_address>
         <run_address>0x4310</run_address>
         <size>0x8</size>
         <input_file_ref idref="fl-13"/>
      </object_component>
      <object_component id="oc-18e">
         <name>.text:I2CMasterSlaveAddrSet</name>
         <load_address>0x4318</load_address>
         <run_address>0x4318</run_address>
         <size>0x8</size>
         <input_file_ref idref="fl-13"/>
      </object_component>
      <object_component id="oc-273">
         <name>.text:TimerIntEnable</name>
         <load_address>0x4320</load_address>
         <run_address>0x4320</run_address>
         <size>0x8</size>
         <input_file_ref idref="fl-10"/>
      </object_component>
      <object_component id="oc-369">
         <name>.text:__aeabi_errno_addr</name>
         <load_address>0x4328</load_address>
         <run_address>0x4328</run_address>
         <size>0x8</size>
         <input_file_ref idref="fl-dd"/>
      </object_component>
      <object_component id="oc-1b8">
         <name>.text:GPIOIntClear</name>
         <load_address>0x4330</load_address>
         <run_address>0x4330</run_address>
         <size>0x6</size>
         <input_file_ref idref="fl-14"/>
      </object_component>
      <object_component id="oc-1be">
         <name>.text:GPIOPinRead</name>
         <load_address>0x4336</load_address>
         <run_address>0x4336</run_address>
         <size>0x6</size>
         <input_file_ref idref="fl-14"/>
      </object_component>
      <object_component id="oc-b4">
         <name>.text:GPIOPinWrite</name>
         <load_address>0x433c</load_address>
         <run_address>0x433c</run_address>
         <size>0x6</size>
         <input_file_ref idref="fl-14"/>
      </object_component>
      <object_component id="oc-ba">
         <name>.text:SysCtlDelay</name>
         <load_address>0x4342</load_address>
         <run_address>0x4342</run_address>
         <size>0x6</size>
         <input_file_ref idref="fl-11"/>
      </object_component>
      <object_component id="oc-19a">
         <name>.text:I2CMasterControl</name>
         <load_address>0x4348</load_address>
         <run_address>0x4348</run_address>
         <size>0x4</size>
         <input_file_ref idref="fl-13"/>
      </object_component>
      <object_component id="oc-1ac">
         <name>.text:I2CMasterDataGet</name>
         <load_address>0x434c</load_address>
         <run_address>0x434c</run_address>
         <size>0x4</size>
         <input_file_ref idref="fl-13"/>
      </object_component>
      <object_component id="oc-194">
         <name>.text:I2CMasterDataPut</name>
         <load_address>0x4350</load_address>
         <run_address>0x4350</run_address>
         <size>0x4</size>
         <input_file_ref idref="fl-13"/>
      </object_component>
      <object_component id="oc-28b">
         <name>.text:TimerIntClear</name>
         <load_address>0x4354</load_address>
         <run_address>0x4354</run_address>
         <size>0x4</size>
         <input_file_ref idref="fl-10"/>
      </object_component>
      <object_component id="oc-9c">
         <name>.text:_system_pre_init</name>
         <load_address>0x4358</load_address>
         <run_address>0x4358</run_address>
         <size>0x4</size>
         <input_file_ref idref="fl-e1"/>
      </object_component>
      <object_component id="oc-115">
         <name>.text:abort:abort</name>
         <load_address>0x435c</load_address>
         <run_address>0x435c</run_address>
         <size>0x4</size>
         <input_file_ref idref="fl-e3"/>
      </object_component>
      <object_component id="oc-410">
         <name>.const:g_ppui32GPIOIntMapBlizzard</name>
         <load_address>0x4360</load_address>
         <run_address>0x4360</run_address>
         <size>0xc0</size>
         <input_file_ref idref="fl-14"/>
      </object_component>
      <object_component id="oc-413">
         <name>.const:g_ppui32GPIOIntMapSnowflake</name>
         <load_address>0x4420</load_address>
         <run_address>0x4420</run_address>
         <size>0xc0</size>
         <input_file_ref idref="fl-14"/>
      </object_component>
      <object_component id="oc-3c5">
         <name>.const:g_pui32GPIOBaseAddrs</name>
         <load_address>0x44e0</load_address>
         <run_address>0x44e0</run_address>
         <size>0x90</size>
         <input_file_ref idref="fl-14"/>
      </object_component>
      <object_component id="oc-41c">
         <name>.const</name>
         <load_address>0x4570</load_address>
         <run_address>0x4570</run_address>
         <size>0x70</size>
         <input_file_ref idref="fl-12"/>
      </object_component>
      <object_component id="oc-3e3">
         <name>.const:g_pui32Xtals</name>
         <load_address>0x45e0</load_address>
         <run_address>0x45e0</run_address>
         <size>0x6c</size>
         <input_file_ref idref="fl-11"/>
      </object_component>
      <object_component id="oc-437">
         <name>.const:g_ppui32TimerIntMap</name>
         <load_address>0x464c</load_address>
         <run_address>0x464c</run_address>
         <size>0x60</size>
         <input_file_ref idref="fl-10"/>
      </object_component>
      <object_component id="oc-43a">
         <name>.const:g_ppui32TimerIntMapSnowflake</name>
         <load_address>0x46ac</load_address>
         <run_address>0x46ac</run_address>
         <size>0x40</size>
         <input_file_ref idref="fl-10"/>
      </object_component>
      <object_component id="oc-3e7">
         <name>.const</name>
         <load_address>0x46ec</load_address>
         <run_address>0x46ec</run_address>
         <size>0x20</size>
         <input_file_ref idref="fl-16"/>
      </object_component>
      <object_component id="oc-498">
         <name>__TI_handler_table</name>
         <load_address>0x4710</load_address>
         <run_address>0x4710</run_address>
         <size>0xc</size>
      </object_component>
      <object_component id="oc-49c">
         <name>.cinit..bss.load</name>
         <load_address>0x4720</load_address>
         <run_address>0x4720</run_address>
         <size>0x8</size>
      </object_component>
      <object_component id="oc-49a">
         <name>.cinit..vtable.load</name>
         <load_address>0x4728</load_address>
         <run_address>0x4728</run_address>
         <size>0x8</size>
      </object_component>
      <object_component id="oc-49b">
         <name>.cinit..data.load</name>
         <load_address>0x4730</load_address>
         <run_address>0x4730</run_address>
         <size>0x7</size>
      </object_component>
      <object_component id="oc-499">
         <name>__TI_cinit_table</name>
         <load_address>0x4738</load_address>
         <run_address>0x4738</run_address>
         <size>0x18</size>
      </object_component>
      <object_component id="oc-24">
         <name>.init_array</name>
         <load_address>0x470c</load_address>
         <run_address>0x470c</run_address>
         <size>0x4</size>
         <input_file_ref idref="fl-2"/>
      </object_component>
      <object_component id="oc-49d">
         <name>SHT$$INIT_ARRAY$$Limit</name>
         <load_address>0x4710</load_address>
         <run_address>0x4710</run_address>
         <size>0x0</size>
      </object_component>
      <object_component id="oc-417">
         <name>.vtable</name>
         <uninitialized>true</uninitialized>
         <run_address>0x20000000</run_address>
         <size>0x26c</size>
         <input_file_ref idref="fl-12"/>
      </object_component>
      <object_component id="oc-177">
         <name>.data</name>
         <load_address>0x20000b5c</load_address>
         <run_address>0x20000b5c</run_address>
         <size>0x4</size>
         <input_file_ref idref="fl-7"/>
      </object_component>
      <object_component id="oc-291">
         <name>.data</name>
         <load_address>0x20000b60</load_address>
         <run_address>0x20000b60</run_address>
         <size>0x4</size>
         <input_file_ref idref="fl-9"/>
      </object_component>
      <object_component id="oc-422">
         <name>.data</name>
         <load_address>0x20000b64</load_address>
         <run_address>0x20000b64</run_address>
         <size>0x4</size>
         <input_file_ref idref="fl-dd"/>
      </object_component>
      <object_component id="oc-df">
         <name>.bss:BMS</name>
         <uninitialized>true</uninitialized>
         <run_address>0x20000a70</run_address>
         <size>0xb4</size>
         <input_file_ref idref="fl-2"/>
      </object_component>
      <object_component id="oc-e2">
         <name>.common:Registers</name>
         <uninitialized>true</uninitialized>
         <run_address>0x20000b24</run_address>
         <size>0x38</size>
      </object_component>
      <object_component id="oc-25">
         <name>.stack</name>
         <uninitialized>true</uninitialized>
         <run_address>0x20000270</run_address>
         <size>0x4</size>
         <input_file_ref idref="fl-de"/>
      </object_component>
      <object_component id="oc-49f">
         <name>.stack</name>
         <uninitialized>true</uninitialized>
         <run_address>0x20000270</run_address>
         <size>0x0</size>
      </object_component>
      <object_component id="oc-e3">
         <name>.debug_info</name>
         <load_address>0x0</load_address>
         <run_address>0x0</run_address>
         <size>0x2bdb</size>
         <input_file_ref idref="fl-2"/>
      </object_component>
      <object_component id="oc-e0">
         <name>.debug_info</name>
         <load_address>0x2bdb</load_address>
         <run_address>0x2bdb</run_address>
         <size>0xe6</size>
         <input_file_ref idref="fl-2"/>
      </object_component>
      <object_component id="oc-6d">
         <name>.debug_info</name>
         <load_address>0x2cc1</load_address>
         <run_address>0x2cc1</run_address>
         <size>0xdd2</size>
         <input_file_ref idref="fl-2"/>
      </object_component>
      <object_component id="oc-1e4">
         <name>.debug_info</name>
         <load_address>0x3a93</load_address>
         <run_address>0x3a93</run_address>
         <size>0x27f6</size>
         <input_file_ref idref="fl-2"/>
      </object_component>
      <object_component id="oc-f1">
         <name>.debug_info</name>
         <load_address>0x6289</load_address>
         <run_address>0x6289</run_address>
         <size>0x34b</size>
         <input_file_ref idref="fl-2"/>
      </object_component>
      <object_component id="oc-ec">
         <name>.debug_info</name>
         <load_address>0x65d4</load_address>
         <run_address>0x65d4</run_address>
         <size>0x2ed</size>
         <input_file_ref idref="fl-2"/>
      </object_component>
      <object_component id="oc-2ee">
         <name>.debug_info</name>
         <load_address>0x68c1</load_address>
         <run_address>0x68c1</run_address>
         <size>0x2f3</size>
         <input_file_ref idref="fl-2"/>
      </object_component>
      <object_component id="oc-fb">
         <name>.debug_info</name>
         <load_address>0x6bb4</load_address>
         <run_address>0x6bb4</run_address>
         <size>0xf7</size>
         <input_file_ref idref="fl-2"/>
      </object_component>
      <object_component id="oc-2f3">
         <name>.debug_info</name>
         <load_address>0x6cab</load_address>
         <run_address>0x6cab</run_address>
         <size>0x151c</size>
         <input_file_ref idref="fl-2"/>
      </object_component>
      <object_component id="oc-e7">
         <name>.debug_info</name>
         <load_address>0x81c7</load_address>
         <run_address>0x81c7</run_address>
         <size>0x8b</size>
         <input_file_ref idref="fl-2"/>
      </object_component>
      <object_component id="oc-2f8">
         <name>.debug_info</name>
         <load_address>0x8252</load_address>
         <run_address>0x8252</run_address>
         <size>0xa0a</size>
         <input_file_ref idref="fl-2"/>
      </object_component>
      <object_component id="oc-307">
         <name>.debug_info</name>
         <load_address>0x8c5c</load_address>
         <run_address>0x8c5c</run_address>
         <size>0x2d6</size>
         <input_file_ref idref="fl-2"/>
      </object_component>
      <object_component id="oc-f6">
         <name>.debug_info</name>
         <load_address>0x8f32</load_address>
         <run_address>0x8f32</run_address>
         <size>0xbb</size>
         <input_file_ref idref="fl-2"/>
      </object_component>
      <object_component id="oc-302">
         <name>.debug_info</name>
         <load_address>0x8fed</load_address>
         <run_address>0x8fed</run_address>
         <size>0x2a1</size>
         <input_file_ref idref="fl-2"/>
      </object_component>
      <object_component id="oc-2fd">
         <name>.debug_info</name>
         <load_address>0x928e</load_address>
         <run_address>0x928e</run_address>
         <size>0xfe</size>
         <input_file_ref idref="fl-2"/>
      </object_component>
      <object_component id="oc-30c">
         <name>.debug_info</name>
         <load_address>0x938c</load_address>
         <run_address>0x938c</run_address>
         <size>0x22b</size>
         <input_file_ref idref="fl-2"/>
      </object_component>
      <object_component id="oc-30">
         <name>.debug_info</name>
         <load_address>0x95b7</load_address>
         <run_address>0x95b7</run_address>
         <size>0x2cb</size>
         <input_file_ref idref="fl-3"/>
      </object_component>
      <object_component id="oc-13">
         <name>.debug_info</name>
         <load_address>0x9882</load_address>
         <run_address>0x9882</run_address>
         <size>0x10a</size>
         <input_file_ref idref="fl-3"/>
      </object_component>
      <object_component id="oc-2a">
         <name>.debug_info</name>
         <load_address>0x998c</load_address>
         <run_address>0x998c</run_address>
         <size>0x286</size>
         <input_file_ref idref="fl-3"/>
      </object_component>
      <object_component id="oc-77">
         <name>.debug_info</name>
         <load_address>0x9c12</load_address>
         <run_address>0x9c12</run_address>
         <size>0x26b</size>
         <input_file_ref idref="fl-3"/>
      </object_component>
      <object_component id="oc-37">
         <name>.debug_info</name>
         <load_address>0x9e7d</load_address>
         <run_address>0x9e7d</run_address>
         <size>0x84</size>
         <input_file_ref idref="fl-3"/>
      </object_component>
      <object_component id="oc-100">
         <name>.debug_info</name>
         <load_address>0x9f01</load_address>
         <run_address>0x9f01</run_address>
         <size>0x2a4</size>
         <input_file_ref idref="fl-3"/>
      </object_component>
      <object_component id="oc-7c">
         <name>.debug_info</name>
         <load_address>0xa1a5</load_address>
         <run_address>0xa1a5</run_address>
         <size>0xbb</size>
         <input_file_ref idref="fl-3"/>
      </object_component>
      <object_component id="oc-24d">
         <name>.debug_info</name>
         <load_address>0xa260</load_address>
         <run_address>0xa260</run_address>
         <size>0x16fc</size>
         <input_file_ref idref="fl-4"/>
      </object_component>
      <object_component id="oc-246">
         <name>.debug_info</name>
         <load_address>0xb95c</load_address>
         <run_address>0xb95c</run_address>
         <size>0x1e3</size>
         <input_file_ref idref="fl-4"/>
      </object_component>
      <object_component id="oc-c9">
         <name>.debug_info</name>
         <load_address>0xbb3f</load_address>
         <run_address>0xbb3f</run_address>
         <size>0x149c</size>
         <input_file_ref idref="fl-4"/>
      </object_component>
      <object_component id="oc-3a2">
         <name>.debug_info</name>
         <load_address>0xcfdb</load_address>
         <run_address>0xcfdb</run_address>
         <size>0x16e0</size>
         <input_file_ref idref="fl-4"/>
      </object_component>
      <object_component id="oc-2e8">
         <name>.debug_info</name>
         <load_address>0xe6bb</load_address>
         <run_address>0xe6bb</run_address>
         <size>0x6ff</size>
         <input_file_ref idref="fl-5"/>
      </object_component>
      <object_component id="oc-da">
         <name>.debug_info</name>
         <load_address>0xedba</load_address>
         <run_address>0xedba</run_address>
         <size>0xa9e</size>
         <input_file_ref idref="fl-5"/>
      </object_component>
      <object_component id="oc-2e3">
         <name>.debug_info</name>
         <load_address>0xf858</load_address>
         <run_address>0xf858</run_address>
         <size>0x2e3</size>
         <input_file_ref idref="fl-5"/>
      </object_component>
      <object_component id="oc-1fb">
         <name>.debug_info</name>
         <load_address>0xfb3b</load_address>
         <run_address>0xfb3b</run_address>
         <size>0x127c</size>
         <input_file_ref idref="fl-6"/>
      </object_component>
      <object_component id="oc-c2">
         <name>.debug_info</name>
         <load_address>0x10db7</load_address>
         <run_address>0x10db7</run_address>
         <size>0x69c</size>
         <input_file_ref idref="fl-6"/>
      </object_component>
      <object_component id="oc-1e9">
         <name>.debug_info</name>
         <load_address>0x11453</load_address>
         <run_address>0x11453</run_address>
         <size>0x242c</size>
         <input_file_ref idref="fl-7"/>
      </object_component>
      <object_component id="oc-178">
         <name>.debug_info</name>
         <load_address>0x1387f</load_address>
         <run_address>0x1387f</run_address>
         <size>0x11c</size>
         <input_file_ref idref="fl-7"/>
      </object_component>
      <object_component id="oc-af">
         <name>.debug_info</name>
         <load_address>0x1399b</load_address>
         <run_address>0x1399b</run_address>
         <size>0x3b16</size>
         <input_file_ref idref="fl-7"/>
      </object_component>
      <object_component id="oc-37c">
         <name>.debug_info</name>
         <load_address>0x174b1</load_address>
         <run_address>0x174b1</run_address>
         <size>0x16e0</size>
         <input_file_ref idref="fl-7"/>
      </object_component>
      <object_component id="oc-298">
         <name>.debug_info</name>
         <load_address>0x18b91</load_address>
         <run_address>0x18b91</run_address>
         <size>0x2263</size>
         <input_file_ref idref="fl-8"/>
      </object_component>
      <object_component id="oc-d4">
         <name>.debug_info</name>
         <load_address>0x1adf4</load_address>
         <run_address>0x1adf4</run_address>
         <size>0x3c3</size>
         <input_file_ref idref="fl-8"/>
      </object_component>
      <object_component id="oc-295">
         <name>.debug_info</name>
         <load_address>0x1b1b7</load_address>
         <run_address>0x1b1b7</run_address>
         <size>0x13bf</size>
         <input_file_ref idref="fl-9"/>
      </object_component>
      <object_component id="oc-292">
         <name>.debug_info</name>
         <load_address>0x1c576</load_address>
         <run_address>0x1c576</run_address>
         <size>0xf1</size>
         <input_file_ref idref="fl-9"/>
      </object_component>
      <object_component id="oc-cf">
         <name>.debug_info</name>
         <load_address>0x1c667</load_address>
         <run_address>0x1c667</run_address>
         <size>0x536</size>
         <input_file_ref idref="fl-9"/>
      </object_component>
      <object_component id="oc-3aa">
         <name>.debug_info</name>
         <load_address>0x1cb9d</load_address>
         <run_address>0x1cb9d</run_address>
         <size>0x1cf</size>
         <input_file_ref idref="fl-10"/>
      </object_component>
      <object_component id="oc-438">
         <name>.debug_info</name>
         <load_address>0x1cd6c</load_address>
         <run_address>0x1cd6c</run_address>
         <size>0x10c</size>
         <input_file_ref idref="fl-10"/>
      </object_component>
      <object_component id="oc-43b">
         <name>.debug_info</name>
         <load_address>0x1ce78</load_address>
         <run_address>0x1ce78</run_address>
         <size>0x11e</size>
         <input_file_ref idref="fl-10"/>
      </object_component>
      <object_component id="oc-269">
         <name>.debug_info</name>
         <load_address>0x1cf96</load_address>
         <run_address>0x1cf96</run_address>
         <size>0x21e</size>
         <input_file_ref idref="fl-10"/>
      </object_component>
      <object_component id="oc-3af">
         <name>.debug_info</name>
         <load_address>0x1d1b4</load_address>
         <run_address>0x1d1b4</run_address>
         <size>0x2dd</size>
         <input_file_ref idref="fl-10"/>
      </object_component>
      <object_component id="oc-287">
         <name>.debug_info</name>
         <load_address>0x1d491</load_address>
         <run_address>0x1d491</run_address>
         <size>0x1e8</size>
         <input_file_ref idref="fl-10"/>
      </object_component>
      <object_component id="oc-26f">
         <name>.debug_info</name>
         <load_address>0x1d679</load_address>
         <run_address>0x1d679</run_address>
         <size>0x214</size>
         <input_file_ref idref="fl-10"/>
      </object_component>
      <object_component id="oc-275">
         <name>.debug_info</name>
         <load_address>0x1d88d</load_address>
         <run_address>0x1d88d</run_address>
         <size>0x1f8</size>
         <input_file_ref idref="fl-10"/>
      </object_component>
      <object_component id="oc-28d">
         <name>.debug_info</name>
         <load_address>0x1da85</load_address>
         <run_address>0x1da85</run_address>
         <size>0x1f6</size>
         <input_file_ref idref="fl-10"/>
      </object_component>
      <object_component id="oc-281">
         <name>.debug_info</name>
         <load_address>0x1dc7b</load_address>
         <run_address>0x1dc7b</run_address>
         <size>0x1e3</size>
         <input_file_ref idref="fl-10"/>
      </object_component>
      <object_component id="oc-25d">
         <name>.debug_info</name>
         <load_address>0x1de5e</load_address>
         <run_address>0x1de5e</run_address>
         <size>0x1e5</size>
         <input_file_ref idref="fl-10"/>
      </object_component>
      <object_component id="oc-263">
         <name>.debug_info</name>
         <load_address>0x1e043</load_address>
         <run_address>0x1e043</run_address>
         <size>0x1f0</size>
         <input_file_ref idref="fl-10"/>
      </object_component>
      <object_component id="oc-33a">
         <name>.debug_info</name>
         <load_address>0x1e233</load_address>
         <run_address>0x1e233</run_address>
         <size>0x90</size>
         <input_file_ref idref="fl-10"/>
      </object_component>
      <object_component id="oc-1ec">
         <name>.debug_info</name>
         <load_address>0x1e2c3</load_address>
         <run_address>0x1e2c3</run_address>
         <size>0x18b</size>
         <input_file_ref idref="fl-10"/>
      </object_component>
      <object_component id="oc-1f3">
         <name>.debug_info</name>
         <load_address>0x1e44e</load_address>
         <run_address>0x1e44e</run_address>
         <size>0x226</size>
         <input_file_ref idref="fl-11"/>
      </object_component>
      <object_component id="oc-3e4">
         <name>.debug_info</name>
         <load_address>0x1e674</load_address>
         <run_address>0x1e674</run_address>
         <size>0xff</size>
         <input_file_ref idref="fl-11"/>
      </object_component>
      <object_component id="oc-258">
         <name>.debug_info</name>
         <load_address>0x1e773</load_address>
         <run_address>0x1e773</run_address>
         <size>0x281</size>
         <input_file_ref idref="fl-11"/>
      </object_component>
      <object_component id="oc-200">
         <name>.debug_info</name>
         <load_address>0x1e9f4</load_address>
         <run_address>0x1e9f4</run_address>
         <size>0x1e3</size>
         <input_file_ref idref="fl-11"/>
      </object_component>
      <object_component id="oc-1f7">
         <name>.debug_info</name>
         <load_address>0x1ebd7</load_address>
         <run_address>0x1ebd7</run_address>
         <size>0x1e1</size>
         <input_file_ref idref="fl-11"/>
      </object_component>
      <object_component id="oc-252">
         <name>.debug_info</name>
         <load_address>0x1edb8</load_address>
         <run_address>0x1edb8</run_address>
         <size>0x1e3</size>
         <input_file_ref idref="fl-11"/>
      </object_component>
      <object_component id="oc-be">
         <name>.debug_info</name>
         <load_address>0x1ef9b</load_address>
         <run_address>0x1ef9b</run_address>
         <size>0x2d4</size>
         <input_file_ref idref="fl-11"/>
      </object_component>
      <object_component id="oc-2d3">
         <name>.debug_info</name>
         <load_address>0x1f26f</load_address>
         <run_address>0x1f26f</run_address>
         <size>0x202</size>
         <input_file_ref idref="fl-11"/>
      </object_component>
      <object_component id="oc-385">
         <name>.debug_info</name>
         <load_address>0x1f471</load_address>
         <run_address>0x1f471</run_address>
         <size>0x5f</size>
         <input_file_ref idref="fl-11"/>
      </object_component>
      <object_component id="oc-41b">
         <name>.debug_info</name>
         <load_address>0x1f4d0</load_address>
         <run_address>0x1f4d0</run_address>
         <size>0x1ba</size>
         <input_file_ref idref="fl-12"/>
      </object_component>
      <object_component id="oc-41d">
         <name>.debug_info</name>
         <load_address>0x1f68a</load_address>
         <run_address>0x1f68a</run_address>
         <size>0x1c2</size>
         <input_file_ref idref="fl-12"/>
      </object_component>
      <object_component id="oc-418">
         <name>.debug_info</name>
         <load_address>0x1f84c</load_address>
         <run_address>0x1f84c</run_address>
         <size>0x109</size>
         <input_file_ref idref="fl-12"/>
      </object_component>
      <object_component id="oc-348">
         <name>.debug_info</name>
         <load_address>0x1f955</load_address>
         <run_address>0x1f955</run_address>
         <size>0x2b0</size>
         <input_file_ref idref="fl-12"/>
      </object_component>
      <object_component id="oc-27c">
         <name>.debug_info</name>
         <load_address>0x1fc05</load_address>
         <run_address>0x1fc05</run_address>
         <size>0x1a2</size>
         <input_file_ref idref="fl-12"/>
      </object_component>
      <object_component id="oc-34d">
         <name>.debug_info</name>
         <load_address>0x1fda7</load_address>
         <run_address>0x1fda7</run_address>
         <size>0x1cc</size>
         <input_file_ref idref="fl-12"/>
      </object_component>
      <object_component id="oc-35b">
         <name>.debug_info</name>
         <load_address>0x1ff73</load_address>
         <run_address>0x1ff73</run_address>
         <size>0x1d8</size>
         <input_file_ref idref="fl-13"/>
      </object_component>
      <object_component id="oc-190">
         <name>.debug_info</name>
         <load_address>0x2014b</load_address>
         <run_address>0x2014b</run_address>
         <size>0x232</size>
         <input_file_ref idref="fl-13"/>
      </object_component>
      <object_component id="oc-196">
         <name>.debug_info</name>
         <load_address>0x2037d</load_address>
         <run_address>0x2037d</run_address>
         <size>0x1e2</size>
         <input_file_ref idref="fl-13"/>
      </object_component>
      <object_component id="oc-1ae">
         <name>.debug_info</name>
         <load_address>0x2055f</load_address>
         <run_address>0x2055f</run_address>
         <size>0x1b8</size>
         <input_file_ref idref="fl-13"/>
      </object_component>
      <object_component id="oc-19c">
         <name>.debug_info</name>
         <load_address>0x20717</load_address>
         <run_address>0x20717</run_address>
         <size>0x1e2</size>
         <input_file_ref idref="fl-13"/>
      </object_component>
      <object_component id="oc-1a2">
         <name>.debug_info</name>
         <load_address>0x208f9</load_address>
         <run_address>0x208f9</run_address>
         <size>0x1b2</size>
         <input_file_ref idref="fl-13"/>
      </object_component>
      <object_component id="oc-1a8">
         <name>.debug_info</name>
         <load_address>0x20aab</load_address>
         <run_address>0x20aab</run_address>
         <size>0x1b8</size>
         <input_file_ref idref="fl-13"/>
      </object_component>
      <object_component id="oc-1f1">
         <name>.debug_info</name>
         <load_address>0x20c63</load_address>
         <run_address>0x20c63</run_address>
         <size>0x1d7</size>
         <input_file_ref idref="fl-14"/>
      </object_component>
      <object_component id="oc-411">
         <name>.debug_info</name>
         <load_address>0x20e3a</load_address>
         <run_address>0x20e3a</run_address>
         <size>0x119</size>
         <input_file_ref idref="fl-14"/>
      </object_component>
      <object_component id="oc-414">
         <name>.debug_info</name>
         <load_address>0x20f53</load_address>
         <run_address>0x20f53</run_address>
         <size>0x11b</size>
         <input_file_ref idref="fl-14"/>
      </object_component>
      <object_component id="oc-3c6">
         <name>.debug_info</name>
         <load_address>0x2106e</load_address>
         <run_address>0x2106e</run_address>
         <size>0x10d</size>
         <input_file_ref idref="fl-14"/>
      </object_component>
      <object_component id="oc-b5">
         <name>.debug_info</name>
         <load_address>0x2117b</load_address>
         <run_address>0x2117b</run_address>
         <size>0x207</size>
         <input_file_ref idref="fl-14"/>
      </object_component>
      <object_component id="oc-332">
         <name>.debug_info</name>
         <load_address>0x21382</load_address>
         <run_address>0x21382</run_address>
         <size>0x217</size>
         <input_file_ref idref="fl-14"/>
      </object_component>
      <object_component id="oc-160">
         <name>.debug_info</name>
         <load_address>0x21599</load_address>
         <run_address>0x21599</run_address>
         <size>0x312</size>
         <input_file_ref idref="fl-14"/>
      </object_component>
      <object_component id="oc-154">
         <name>.debug_info</name>
         <load_address>0x218ab</load_address>
         <run_address>0x218ab</run_address>
         <size>0x1eb</size>
         <input_file_ref idref="fl-14"/>
      </object_component>
      <object_component id="oc-15a">
         <name>.debug_info</name>
         <load_address>0x21a96</load_address>
         <run_address>0x21a96</run_address>
         <size>0x1e9</size>
         <input_file_ref idref="fl-14"/>
      </object_component>
      <object_component id="oc-2a1">
         <name>.debug_info</name>
         <load_address>0x21c7f</load_address>
         <run_address>0x21c7f</run_address>
         <size>0x1dd</size>
         <input_file_ref idref="fl-14"/>
      </object_component>
      <object_component id="oc-204">
         <name>.debug_info</name>
         <load_address>0x21e5c</load_address>
         <run_address>0x21e5c</run_address>
         <size>0x1dd</size>
         <input_file_ref idref="fl-14"/>
      </object_component>
      <object_component id="oc-1bf">
         <name>.debug_info</name>
         <load_address>0x22039</load_address>
         <run_address>0x22039</run_address>
         <size>0x1df</size>
         <input_file_ref idref="fl-14"/>
      </object_component>
      <object_component id="oc-29b">
         <name>.debug_info</name>
         <load_address>0x22218</load_address>
         <run_address>0x22218</run_address>
         <size>0x1e4</size>
         <input_file_ref idref="fl-14"/>
      </object_component>
      <object_component id="oc-341">
         <name>.debug_info</name>
         <load_address>0x223fc</load_address>
         <run_address>0x223fc</run_address>
         <size>0x26f</size>
         <input_file_ref idref="fl-14"/>
      </object_component>
      <object_component id="oc-166">
         <name>.debug_info</name>
         <load_address>0x2266b</load_address>
         <run_address>0x2266b</run_address>
         <size>0x21f</size>
         <input_file_ref idref="fl-14"/>
      </object_component>
      <object_component id="oc-1b3">
         <name>.debug_info</name>
         <load_address>0x2288a</load_address>
         <run_address>0x2288a</run_address>
         <size>0x1e3</size>
         <input_file_ref idref="fl-14"/>
      </object_component>
      <object_component id="oc-16c">
         <name>.debug_info</name>
         <load_address>0x22a6d</load_address>
         <run_address>0x22a6d</run_address>
         <size>0x1f9</size>
         <input_file_ref idref="fl-14"/>
      </object_component>
      <object_component id="oc-172">
         <name>.debug_info</name>
         <load_address>0x22c66</load_address>
         <run_address>0x22c66</run_address>
         <size>0x1f3</size>
         <input_file_ref idref="fl-14"/>
      </object_component>
      <object_component id="oc-1b9">
         <name>.debug_info</name>
         <load_address>0x22e59</load_address>
         <run_address>0x22e59</run_address>
         <size>0x1f1</size>
         <input_file_ref idref="fl-14"/>
      </object_component>
      <object_component id="oc-3b8">
         <name>.debug_info</name>
         <load_address>0x2304a</load_address>
         <run_address>0x2304a</run_address>
         <size>0x176</size>
         <input_file_ref idref="fl-15"/>
      </object_component>
      <object_component id="oc-3d0">
         <name>.debug_info</name>
         <load_address>0x231c0</load_address>
         <run_address>0x231c0</run_address>
         <size>0x1c9</size>
         <input_file_ref idref="fl-16"/>
      </object_component>
      <object_component id="oc-3e8">
         <name>.debug_info</name>
         <load_address>0x23389</load_address>
         <run_address>0x23389</run_address>
         <size>0x108</size>
         <input_file_ref idref="fl-16"/>
      </object_component>
      <object_component id="oc-2ad">
         <name>.debug_info</name>
         <load_address>0x23491</load_address>
         <run_address>0x23491</run_address>
         <size>0x1ea</size>
         <input_file_ref idref="fl-16"/>
      </object_component>
      <object_component id="oc-3dc">
         <name>.debug_info</name>
         <load_address>0x2367b</load_address>
         <run_address>0x2367b</run_address>
         <size>0x2d6</size>
         <input_file_ref idref="fl-16"/>
      </object_component>
      <object_component id="oc-2c5">
         <name>.debug_info</name>
         <load_address>0x23951</load_address>
         <run_address>0x23951</run_address>
         <size>0x3e3</size>
         <input_file_ref idref="fl-16"/>
      </object_component>
      <object_component id="oc-3d5">
         <name>.debug_info</name>
         <load_address>0x23d34</load_address>
         <run_address>0x23d34</run_address>
         <size>0x2d1</size>
         <input_file_ref idref="fl-16"/>
      </object_component>
      <object_component id="oc-2ba">
         <name>.debug_info</name>
         <load_address>0x24005</load_address>
         <run_address>0x24005</run_address>
         <size>0x458</size>
         <input_file_ref idref="fl-16"/>
      </object_component>
      <object_component id="oc-2a8">
         <name>.debug_info</name>
         <load_address>0x2445d</load_address>
         <run_address>0x2445d</run_address>
         <size>0x1f0</size>
         <input_file_ref idref="fl-16"/>
      </object_component>
      <object_component id="oc-2dd">
         <name>.debug_info</name>
         <load_address>0x2464d</load_address>
         <run_address>0x2464d</run_address>
         <size>0x1ee</size>
         <input_file_ref idref="fl-16"/>
      </object_component>
      <object_component id="oc-2c0">
         <name>.debug_info</name>
         <load_address>0x2483b</load_address>
         <run_address>0x2483b</run_address>
         <size>0x2f6</size>
         <input_file_ref idref="fl-16"/>
      </object_component>
      <object_component id="oc-2cb">
         <name>.debug_info</name>
         <load_address>0x24b31</load_address>
         <run_address>0x24b31</run_address>
         <size>0x374</size>
         <input_file_ref idref="fl-16"/>
      </object_component>
      <object_component id="oc-2b3">
         <name>.debug_info</name>
         <load_address>0x24ea5</load_address>
         <run_address>0x24ea5</run_address>
         <size>0x1a6</size>
         <input_file_ref idref="fl-16"/>
      </object_component>
      <object_component id="oc-2d7">
         <name>.debug_info</name>
         <load_address>0x2504b</load_address>
         <run_address>0x2504b</run_address>
         <size>0x3e8</size>
         <input_file_ref idref="fl-16"/>
      </object_component>
      <object_component id="oc-3cb">
         <name>.debug_info</name>
         <load_address>0x25433</load_address>
         <run_address>0x25433</run_address>
         <size>0x1b3</size>
         <input_file_ref idref="fl-16"/>
      </object_component>
      <object_component id="oc-390">
         <name>.debug_info</name>
         <load_address>0x255e6</load_address>
         <run_address>0x255e6</run_address>
         <size>0x1a3</size>
         <input_file_ref idref="fl-17"/>
      </object_component>
      <object_component id="oc-222">
         <name>.debug_info</name>
         <load_address>0x25789</load_address>
         <run_address>0x25789</run_address>
         <size>0x297</size>
         <input_file_ref idref="fl-17"/>
      </object_component>
      <object_component id="oc-228">
         <name>.debug_info</name>
         <load_address>0x25a20</load_address>
         <run_address>0x25a20</run_address>
         <size>0x204</size>
         <input_file_ref idref="fl-17"/>
      </object_component>
      <object_component id="oc-20a">
         <name>.debug_info</name>
         <load_address>0x25c24</load_address>
         <run_address>0x25c24</run_address>
         <size>0x206</size>
         <input_file_ref idref="fl-17"/>
      </object_component>
      <object_component id="oc-240">
         <name>.debug_info</name>
         <load_address>0x25e2a</load_address>
         <run_address>0x25e2a</run_address>
         <size>0x2fb</size>
         <input_file_ref idref="fl-17"/>
      </object_component>
      <object_component id="oc-210">
         <name>.debug_info</name>
         <load_address>0x26125</load_address>
         <run_address>0x26125</run_address>
         <size>0x28a</size>
         <input_file_ref idref="fl-17"/>
      </object_component>
      <object_component id="oc-216">
         <name>.debug_info</name>
         <load_address>0x263af</load_address>
         <run_address>0x263af</run_address>
         <size>0x1e0</size>
         <input_file_ref idref="fl-17"/>
      </object_component>
      <object_component id="oc-234">
         <name>.debug_info</name>
         <load_address>0x2658f</load_address>
         <run_address>0x2658f</run_address>
         <size>0x208</size>
         <input_file_ref idref="fl-17"/>
      </object_component>
      <object_component id="oc-23a">
         <name>.debug_info</name>
         <load_address>0x26797</load_address>
         <run_address>0x26797</run_address>
         <size>0x245</size>
         <input_file_ref idref="fl-17"/>
      </object_component>
      <object_component id="oc-22e">
         <name>.debug_info</name>
         <load_address>0x269dc</load_address>
         <run_address>0x269dc</run_address>
         <size>0x1f8</size>
         <input_file_ref idref="fl-17"/>
      </object_component>
      <object_component id="oc-21c">
         <name>.debug_info</name>
         <load_address>0x26bd4</load_address>
         <run_address>0x26bd4</run_address>
         <size>0x2b4</size>
         <input_file_ref idref="fl-17"/>
      </object_component>
      <object_component id="oc-39b">
         <name>.debug_info</name>
         <load_address>0x26e88</load_address>
         <run_address>0x26e88</run_address>
         <size>0x215</size>
         <input_file_ref idref="fl-cd"/>
      </object_component>
      <object_component id="oc-466">
         <name>.debug_info</name>
         <load_address>0x2709d</load_address>
         <run_address>0x2709d</run_address>
         <size>0x39</size>
         <input_file_ref idref="fl-cd"/>
      </object_component>
      <object_component id="oc-430">
         <name>.debug_info</name>
         <load_address>0x270d6</load_address>
         <run_address>0x270d6</run_address>
         <size>0x2c</size>
         <input_file_ref idref="fl-cd"/>
      </object_component>
      <object_component id="oc-1e0">
         <name>.debug_info</name>
         <load_address>0x27102</load_address>
         <run_address>0x27102</run_address>
         <size>0x5d6</size>
         <input_file_ref idref="fl-ce"/>
      </object_component>
      <object_component id="oc-428">
         <name>.debug_info</name>
         <load_address>0x276d8</load_address>
         <run_address>0x276d8</run_address>
         <size>0x46</size>
         <input_file_ref idref="fl-ce"/>
      </object_component>
      <object_component id="oc-375">
         <name>.debug_info</name>
         <load_address>0x2771e</load_address>
         <run_address>0x2771e</run_address>
         <size>0x39</size>
         <input_file_ref idref="fl-ce"/>
      </object_component>
      <object_component id="oc-97">
         <name>.debug_info</name>
         <load_address>0x27757</load_address>
         <run_address>0x27757</run_address>
         <size>0x147</size>
         <input_file_ref idref="fl-cf"/>
      </object_component>
      <object_component id="oc-187">
         <name>.debug_info</name>
         <load_address>0x2789e</load_address>
         <run_address>0x2789e</run_address>
         <size>0x14c</size>
         <input_file_ref idref="fl-d0"/>
      </object_component>
      <object_component id="oc-370">
         <name>.debug_info</name>
         <load_address>0x279ea</load_address>
         <run_address>0x279ea</run_address>
         <size>0x128</size>
         <input_file_ref idref="fl-d1"/>
      </object_component>
      <object_component id="oc-1cb">
         <name>.debug_info</name>
         <load_address>0x27b12</load_address>
         <run_address>0x27b12</run_address>
         <size>0x13a</size>
         <input_file_ref idref="fl-d2"/>
      </object_component>
      <object_component id="oc-180">
         <name>.debug_info</name>
         <load_address>0x27c4c</load_address>
         <run_address>0x27c4c</run_address>
         <size>0x13a</size>
         <input_file_ref idref="fl-d3"/>
      </object_component>
      <object_component id="oc-1cf">
         <name>.debug_info</name>
         <load_address>0x27d86</load_address>
         <run_address>0x27d86</run_address>
         <size>0x12e</size>
         <input_file_ref idref="fl-d4"/>
      </object_component>
      <object_component id="oc-18a">
         <name>.debug_info</name>
         <load_address>0x27eb4</load_address>
         <run_address>0x27eb4</run_address>
         <size>0x13e</size>
         <input_file_ref idref="fl-d5"/>
      </object_component>
      <object_component id="oc-1d4">
         <name>.debug_info</name>
         <load_address>0x27ff2</load_address>
         <run_address>0x27ff2</run_address>
         <size>0x139</size>
         <input_file_ref idref="fl-d6"/>
      </object_component>
      <object_component id="oc-17c">
         <name>.debug_info</name>
         <load_address>0x2812b</load_address>
         <run_address>0x2812b</run_address>
         <size>0x12c</size>
         <input_file_ref idref="fl-d7"/>
      </object_component>
      <object_component id="oc-1c7">
         <name>.debug_info</name>
         <load_address>0x28257</load_address>
         <run_address>0x28257</run_address>
         <size>0x12c</size>
         <input_file_ref idref="fl-d8"/>
      </object_component>
      <object_component id="oc-1d9">
         <name>.debug_info</name>
         <load_address>0x28383</load_address>
         <run_address>0x28383</run_address>
         <size>0x12e</size>
         <input_file_ref idref="fl-d9"/>
      </object_component>
      <object_component id="oc-95">
         <name>.debug_info</name>
         <load_address>0x284b1</load_address>
         <run_address>0x284b1</run_address>
         <size>0x2d4</size>
         <input_file_ref idref="fl-da"/>
      </object_component>
      <object_component id="oc-49">
         <name>.debug_info</name>
         <load_address>0x28785</load_address>
         <run_address>0x28785</run_address>
         <size>0x1d2</size>
         <input_file_ref idref="fl-da"/>
      </object_component>
      <object_component id="oc-90">
         <name>.debug_info</name>
         <load_address>0x28957</load_address>
         <run_address>0x28957</run_address>
         <size>0x46</size>
         <input_file_ref idref="fl-da"/>
      </object_component>
      <object_component id="oc-10c">
         <name>.debug_info</name>
         <load_address>0x2899d</load_address>
         <run_address>0x2899d</run_address>
         <size>0x2c</size>
         <input_file_ref idref="fl-da"/>
      </object_component>
      <object_component id="oc-47">
         <name>.debug_info</name>
         <load_address>0x289c9</load_address>
         <run_address>0x289c9</run_address>
         <size>0x2a8</size>
         <input_file_ref idref="fl-db"/>
      </object_component>
      <object_component id="oc-1e">
         <name>.debug_info</name>
         <load_address>0x28c71</load_address>
         <run_address>0x28c71</run_address>
         <size>0x1ea</size>
         <input_file_ref idref="fl-db"/>
      </object_component>
      <object_component id="oc-42">
         <name>.debug_info</name>
         <load_address>0x28e5b</load_address>
         <run_address>0x28e5b</run_address>
         <size>0x46</size>
         <input_file_ref idref="fl-db"/>
      </object_component>
      <object_component id="oc-88">
         <name>.debug_info</name>
         <load_address>0x28ea1</load_address>
         <run_address>0x28ea1</run_address>
         <size>0x2c</size>
         <input_file_ref idref="fl-db"/>
      </object_component>
      <object_component id="oc-86">
         <name>.debug_info</name>
         <load_address>0x28ecd</load_address>
         <run_address>0x28ecd</run_address>
         <size>0x29e</size>
         <input_file_ref idref="fl-dc"/>
      </object_component>
      <object_component id="oc-16">
         <name>.debug_info</name>
         <load_address>0x2916b</load_address>
         <run_address>0x2916b</run_address>
         <size>0x250</size>
         <input_file_ref idref="fl-dc"/>
      </object_component>
      <object_component id="oc-32">
         <name>.debug_info</name>
         <load_address>0x293bb</load_address>
         <run_address>0x293bb</run_address>
         <size>0x60</size>
         <input_file_ref idref="fl-dc"/>
      </object_component>
      <object_component id="oc-105">
         <name>.debug_info</name>
         <load_address>0x2941b</load_address>
         <run_address>0x2941b</run_address>
         <size>0x46</size>
         <input_file_ref idref="fl-dc"/>
      </object_component>
      <object_component id="oc-81">
         <name>.debug_info</name>
         <load_address>0x29461</load_address>
         <run_address>0x29461</run_address>
         <size>0x39</size>
         <input_file_ref idref="fl-dc"/>
      </object_component>
      <object_component id="oc-426">
         <name>.debug_info</name>
         <load_address>0x2949a</load_address>
         <run_address>0x2949a</run_address>
         <size>0x289</size>
         <input_file_ref idref="fl-dd"/>
      </object_component>
      <object_component id="oc-423">
         <name>.debug_info</name>
         <load_address>0x29723</load_address>
         <run_address>0x29723</run_address>
         <size>0x10e</size>
         <input_file_ref idref="fl-dd"/>
      </object_component>
      <object_component id="oc-36c">
         <name>.debug_info</name>
         <load_address>0x29831</load_address>
         <run_address>0x29831</run_address>
         <size>0x14e</size>
         <input_file_ref idref="fl-dd"/>
      </object_component>
      <object_component id="oc-26">
         <name>.debug_info</name>
         <load_address>0x2997f</load_address>
         <run_address>0x2997f</run_address>
         <size>0x10b</size>
         <input_file_ref idref="fl-de"/>
      </object_component>
      <object_component id="oc-5b">
         <name>.debug_info</name>
         <load_address>0x29a8a</load_address>
         <run_address>0x29a8a</run_address>
         <size>0x1a9</size>
         <input_file_ref idref="fl-de"/>
      </object_component>
      <object_component id="oc-3f">
         <name>.debug_info</name>
         <load_address>0x29c33</load_address>
[...]
         <name>_ZN7bq769x09updateDSGEP15_Register_Group</name>
         <value>0xe87</value>
         <object_component_ref idref="oc-ae"/>
      </symbol>
      <symbol id="sm-289">
         <name>_ZN7bq769x017getMinCellVoltageEv</name>
         <value>0xc2f</value>
         <object_component_ref idref="oc-ae"/>
      </symbol>
      <symbol id="sm-28a">
         <name>_ZN7bq769x016I2CWriteRegisterEjh</name>
         <value>0x10b3</value>
         <object_component_ref idref="oc-ae"/>
      </symbol>
      <symbol id="sm-28b">
         <name>_ZN7bq769x021setShuntResistorValueEf</name>
         <value>0x501</value>
         <object_component_ref idref="oc-ae"/>
      </symbol>
      <symbol id="sm-28c">
         <name>_ZN7bq769x013updateCurrentEP15_Register_Groupb</name>
         <value>0x131d</value>
         <object_component_ref idref="oc-ae"/>
      </symbol>
      <symbol id="sm-28d">
         <name>_ZN7bq769x06updateEP15_Register_Group</name>
         <value>0xe59</value>
         <object_component_ref idref="oc-ae"/>
      </symbol>
      <symbol id="sm-28e">
         <name>_ZN7bq769x018disableDischargingEv</name>
         <value>0x103f</value>
         <object_component_ref idref="oc-ae"/>
      </symbol>
      <symbol id="sm-28f">
         <name>_ZN7bq769x012getADCOffsetEv</name>
         <value>0x10a5</value>
         <object_component_ref idref="oc-ae"/>
      </symbol>
      <symbol id="sm-290">
         <name>_ZN7bq769x09updateCHGEP15_Register_Group</name>
         <value>0xead</value>
         <object_component_ref idref="oc-ae"/>
      </symbol>
      <symbol id="sm-291">
         <name>_ZN7bq769x020setTemperatureLimitsEiiii</name>
         <value>0x527</value>
         <object_component_ref idref="oc-ae"/>
      </symbol>
      <symbol id="sm-292">
         <name>_ZN7bq769x014enableChargingEP15_Register_Group</name>
         <value>0xef7</value>
         <object_component_ref idref="oc-ae"/>
      </symbol>
      <symbol id="sm-293">
         <name>_ZN7bq769x015instancePointerE</name>
         <value>0x20000b5c</value>
         <object_component_ref idref="oc-177"/>
      </symbol>
      <symbol id="sm-294">
         <name>_ZN7bq769x010getADCGainEv</name>
         <value>0x1097</value>
         <object_component_ref idref="oc-ae"/>
      </symbol>
      <symbol id="sm-295">
         <name>_ZN7bq769x014getCellVoltageEh</name>
         <value>0xc05</value>
         <object_component_ref idref="oc-ae"/>
      </symbol>
      <symbol id="sm-296">
         <name>_ZN7bq769x034setShortCircuitDischargeProtectionEP15_Register_Groupli</name>
         <value>0x57d</value>
         <object_component_ref idref="oc-ae"/>
      </symbol>
      <symbol id="sm-297">
         <name>_ZN7bq769x04InitEP15_Register_Group</name>
         <value>0x327</value>
         <object_component_ref idref="oc-ae"/>
      </symbol>
      <symbol id="sm-2a7">
         <name>_ZN3CANC2Ev</name>
         <value>0x284d</value>
         <object_component_ref idref="oc-d3"/>
      </symbol>
      <symbol id="sm-2a8">
         <name>_ZN3CANC1Ev</name>
         <value>0x284d</value>
         <object_component_ref idref="oc-d3"/>
      </symbol>
      <symbol id="sm-2a9">
         <name>_ZN3CAN12sendVoltagesEPj</name>
         <value>0x29b5</value>
         <object_component_ref idref="oc-d3"/>
      </symbol>
      <symbol id="sm-2aa">
         <name>_ZN3CAN15sendTemperatureEPh</name>
         <value>0x28ef</value>
         <object_component_ref idref="oc-d3"/>
      </symbol>
      <symbol id="sm-2cb">
         <name>_Z29TimerBMSUpdatesInterruptBeginPFvvE</name>
         <value>0x32d5</value>
         <object_component_ref idref="oc-cd"/>
      </symbol>
      <symbol id="sm-2cc">
         <name>_Z5Delayj</name>
         <value>0x33ad</value>
         <object_component_ref idref="oc-cd"/>
      </symbol>
      <symbol id="sm-2cd">
         <name>millis</name>
         <value>0x20000b60</value>
         <object_component_ref idref="oc-291"/>
      </symbol>
      <symbol id="sm-2ce">
         <name>_Z10SysTickIntv</name>
         <value>0x3331</value>
         <object_component_ref idref="oc-cd"/>
      </symbol>
      <symbol id="sm-2cf">
         <name>_Z24TimerDelayInterruptBeginv</name>
         <value>0x3353</value>
         <object_component_ref idref="oc-cd"/>
      </symbol>
      <symbol id="sm-349">
         <name>TimerLoadSet</name>
         <value>0x4241</value>
         <object_component_ref idref="oc-267"/>
      </symbol>
      <symbol id="sm-34a">
         <name>TimerDisable</name>
         <value>0x41e5</value>
         <object_component_ref idref="oc-25b"/>
      </symbol>
      <symbol id="sm-34b">
         <name>TimerIntRegister</name>
         <value>0x41b7</value>
         <object_component_ref idref="oc-26d"/>
      </symbol>
      <symbol id="sm-34c">
         <name>TimerEnable</name>
         <value>0x428d</value>
         <object_component_ref idref="oc-27f"/>
      </symbol>
      <symbol id="sm-34d">
         <name>TimerIntStatus</name>
         <value>0x42f7</value>
         <object_component_ref idref="oc-285"/>
      </symbol>
      <symbol id="sm-34e">
         <name>TimerIntEnable</name>
         <value>0x4321</value>
         <object_component_ref idref="oc-273"/>
      </symbol>
      <symbol id="sm-34f">
         <name>TimerConfigure</name>
         <value>0x3bd1</value>
         <object_component_ref idref="oc-261"/>
      </symbol>
      <symbol id="sm-350">
         <name>TimerIntClear</name>
         <value>0x4355</value>
         <object_component_ref idref="oc-28b"/>
      </symbol>
      <symbol id="sm-3c2">
         <name>SysCtlClockSet</name>
         <value>0x34fd</value>
         <object_component_ref idref="oc-bb"/>
      </symbol>
      <symbol id="sm-3c3">
         <name>SysCtlDelay</name>
         <value>0x4343</value>
         <object_component_ref idref="oc-ba"/>
      </symbol>
      <symbol id="sm-3c4">
         <name>SysCtlPeripheralEnable</name>
         <value>0x3f51</value>
         <object_component_ref idref="oc-1f4"/>
      </symbol>
      <symbol id="sm-3c5">
         <name>SysCtlClockGet</name>
         <value>0x36fd</value>
         <object_component_ref idref="oc-2d0"/>
      </symbol>
      <symbol id="sm-3c6">
         <name>SysCtlPeripheralDisable</name>
         <value>0x3f1d</value>
         <object_component_ref idref="oc-24f"/>
      </symbol>
      <symbol id="sm-3c7">
         <name>SysCtlPeripheralReady</name>
         <value>0x3f85</value>
         <object_component_ref idref="oc-1fd"/>
      </symbol>
      <symbol id="sm-3c8">
         <name>SysCtlPeripheralReset</name>
         <value>0x3c85</value>
         <object_component_ref idref="oc-255"/>
      </symbol>
      <symbol id="sm-40a">
         <name>IntEnable</name>
         <value>0x3b11</value>
         <object_component_ref idref="oc-34c"/>
      </symbol>
      <symbol id="sm-40b">
         <name>IntRegister</name>
         <value>0x3ee9</value>
         <object_component_ref idref="oc-346"/>
      </symbol>
      <symbol id="sm-40c">
         <name>g_pfnRAMVectors</name>
         <value>0x20000000</value>
         <object_component_ref idref="oc-417"/>
      </symbol>
      <symbol id="sm-40d">
         <name>IntMasterEnable</name>
         <value>0x42ed</value>
         <object_component_ref idref="oc-279"/>
      </symbol>
      <symbol id="sm-442">
         <name>I2CMasterBusBusy</name>
         <value>0x4309</value>
         <object_component_ref idref="oc-1a6"/>
      </symbol>
      <symbol id="sm-443">
         <name>I2CMasterDataPut</name>
         <value>0x4351</value>
         <object_component_ref idref="oc-194"/>
      </symbol>
      <symbol id="sm-444">
         <name>I2CMasterSlaveAddrSet</name>
         <value>0x4319</value>
         <object_component_ref idref="oc-18e"/>
      </symbol>
      <symbol id="sm-445">
         <name>I2CMasterDataGet</name>
         <value>0x434d</value>
         <object_component_ref idref="oc-1ac"/>
      </symbol>
      <symbol id="sm-446">
         <name>I2CMasterControl</name>
         <value>0x4349</value>
         <object_component_ref idref="oc-19a"/>
      </symbol>
      <symbol id="sm-447">
         <name>I2CMasterBusy</name>
         <value>0x4311</value>
         <object_component_ref idref="oc-1a0"/>
      </symbol>
      <symbol id="sm-4f2">
         <name>GPIOIntRegister</name>
         <value>0x4187</value>
         <object_component_ref idref="oc-16b"/>
      </symbol>
      <symbol id="sm-4f3">
         <name>GPIOPinConfigure</name>
         <value>0x3d21</value>
         <object_component_ref idref="oc-29a"/>
      </symbol>
      <symbol id="sm-4f4">
         <name>GPIOIntEnable</name>
         <value>0x42c1</value>
         <object_component_ref idref="oc-171"/>
      </symbol>
      <symbol id="sm-4f5">
         <name>GPIOIntTypeSet</name>
         <value>0x3c2d</value>
         <object_component_ref idref="oc-165"/>
      </symbol>
      <symbol id="sm-4f6">
         <name>GPIOPinTypeADC</name>
         <value>0x420b</value>
         <object_component_ref idref="oc-203"/>
      </symbol>
      <symbol id="sm-4f7">
         <name>GPIOPinTypeGPIOInput</name>
         <value>0x422f</value>
         <object_component_ref idref="oc-159"/>
      </symbol>
      <symbol id="sm-4f8">
         <name>GPIOIntClear</name>
         <value>0x4331</value>
         <object_component_ref idref="oc-1b8"/>
      </symbol>
      <symbol id="sm-4f9">
         <name>GPIOIntStatus</name>
         <value>0x427f</value>
         <object_component_ref idref="oc-1b2"/>
      </symbol>
      <symbol id="sm-4fa">
         <name>GPIOPinTypeGPIOOutput</name>
         <value>0x419f</value>
         <object_component_ref idref="oc-153"/>
      </symbol>
      <symbol id="sm-4fb">
         <name>GPIOPinRead</name>
         <value>0x4337</value>
         <object_component_ref idref="oc-1be"/>
      </symbol>
      <symbol id="sm-4fc">
         <name>GPIODirModeSet</name>
         <value>0x4075</value>
         <object_component_ref idref="oc-331"/>
      </symbol>
      <symbol id="sm-4fd">
         <name>GPIOPinWrite</name>
         <value>0x433d</value>
         <object_component_ref idref="oc-b4"/>
      </symbol>
      <symbol id="sm-4fe">
         <name>GPIOPadConfigSet</name>
         <value>0x307f</value>
         <object_component_ref idref="oc-15f"/>
      </symbol>
      <symbol id="sm-4ff">
         <name>GPIOPinTypeCAN</name>
         <value>0x421d</value>
         <object_component_ref idref="oc-2a0"/>
      </symbol>
      <symbol id="sm-509">
         <name>CPUcpsie</name>
         <value>0x42b5</value>
         <object_component_ref idref="oc-3b5"/>
      </symbol>
      <symbol id="sm-5d1">
         <name>CANMessageGet</name>
         <value>0x33ed</value>
         <object_component_ref idref="oc-2b8"/>
      </symbol>
      <symbol id="sm-5d2">
         <name>CANBitRateSet</name>
         <value>0x3a41</value>
         <object_component_ref idref="oc-2d6"/>
      </symbol>
      <symbol id="sm-5d3">
         <name>CANEnable</name>
         <value>0x42e3</value>
         <object_component_ref idref="oc-2b2"/>
      </symbol>
      <symbol id="sm-5d4">
         <name>CANStatusGet</name>
         <value>0x3df5</value>
         <object_component_ref idref="oc-2ac"/>
      </symbol>
      <symbol id="sm-5d5">
         <name>CANMessageSet</name>
         <value>0x2e0d</value>
         <object_component_ref idref="oc-2c4"/>
      </symbol>
      <symbol id="sm-5d6">
         <name>CANIntClear</name>
         <value>0x40ed</value>
         <object_component_ref idref="oc-2be"/>
      </symbol>
      <symbol id="sm-5d7">
         <name>CANIntStatus</name>
         <value>0x414d</value>
         <object_component_ref idref="oc-2a6"/>
      </symbol>
      <symbol id="sm-5d8">
         <name>CANInit</name>
         <value>0x3e75</value>
         <object_component_ref idref="oc-2ca"/>
      </symbol>
      <symbol id="sm-5d9">
         <name>CANIntEnable</name>
         <value>0x4301</value>
         <object_component_ref idref="oc-2dc"/>
      </symbol>
      <symbol id="sm-641">
         <name>ADCProcessorTrigger</name>
         <value>0x41cf</value>
         <object_component_ref idref="oc-233"/>
      </symbol>
      <symbol id="sm-642">
         <name>ADCSequenceEnable</name>
         <value>0x4271</value>
         <object_component_ref idref="oc-227"/>
      </symbol>
      <symbol id="sm-643">
         <name>ADCSequenceConfigure</name>
         <value>0x4049</value>
         <object_component_ref idref="oc-20f"/>
      </symbol>
      <symbol id="sm-644">
         <name>ADCReferenceSet</name>
         <value>0x42a9</value>
         <object_component_ref idref="oc-215"/>
      </symbol>
      <symbol id="sm-645">
         <name>ADCSequenceStepConfigure</name>
         <value>0x3961</value>
         <object_component_ref idref="oc-221"/>
      </symbol>
      <symbol id="sm-646">
         <name>ADCIntClear</name>
         <value>0x42d9</value>
         <object_component_ref idref="oc-22d"/>
      </symbol>
      <symbol id="sm-647">
         <name>ADCHardwareOversampleConfigure</name>
         <value>0x41f9</value>
         <object_component_ref idref="oc-21b"/>
      </symbol>
      <symbol id="sm-648">
         <name>ADCIntStatus</name>
         <value>0x3fed</value>
         <object_component_ref idref="oc-239"/>
      </symbol>
      <symbol id="sm-649">
         <name>ADCSequenceDisable</name>
         <value>0x4263</value>
         <object_component_ref idref="oc-209"/>
      </symbol>
      <symbol id="sm-64a">
         <name>ADCSequenceDataGet</name>
         <value>0x412f</value>
         <object_component_ref idref="oc-23f"/>
      </symbol>
      <symbol id="sm-67a">
         <name>logf</name>
         <value>0x2a65</value>
         <object_component_ref idref="oc-39a"/>
      </symbol>
      <symbol id="sm-6b6">
         <name>log</name>
         <value>0x1eb1</value>
         <object_component_ref idref="oc-1dd"/>
      </symbol>
      <symbol id="sm-6b7">
         <name>logl</name>
         <value>0x1eb1</value>
         <object_component_ref idref="oc-1dd"/>
      </symbol>
      <symbol id="sm-6c6">
         <name>__aeabi_memset</name>
         <value>0x38e9</value>
         <object_component_ref idref="oc-96"/>
      </symbol>
      <symbol id="sm-6c7">
         <name>memset</name>
         <value>0x38ef</value>
         <object_component_ref idref="oc-96"/>
      </symbol>
      <symbol id="sm-6c8">
         <name>__aeabi_memset8</name>
         <value>0x38e9</value>
         <object_component_ref idref="oc-96"/>
      </symbol>
      <symbol id="sm-6c9">
         <name>__aeabi_memset4</name>
         <value>0x38e9</value>
         <object_component_ref idref="oc-96"/>
      </symbol>
      <symbol id="sm-6ca">
         <name>__aeabi_memclr8</name>
         <value>0x38e7</value>
         <object_component_ref idref="oc-96"/>
      </symbol>
      <symbol id="sm-6cb">
         <name>__aeabi_memclr4</name>
         <value>0x38e7</value>
         <object_component_ref idref="oc-96"/>
      </symbol>
      <symbol id="sm-6cc">
         <name>__aeabi_memclr</name>
         <value>0x38e7</value>
         <object_component_ref idref="oc-96"/>
      </symbol>
      <symbol id="sm-6e3">
         <name>__aeabi_dsub</name>
         <value>0x2c55</value>
         <object_component_ref idref="oc-184"/>
      </symbol>
      <symbol id="sm-6e4">
         <name>__aeabi_dadd</name>
         <value>0x2c5f</value>
         <object_component_ref idref="oc-184"/>
      </symbol>
      <symbol id="sm-6f6">
         <name>__aeabi_cdcmpeq</name>
         <value>0x3861</value>
         <object_component_ref idref="oc-36f"/>
      </symbol>
      <symbol id="sm-6f7">
         <name>__aeabi_cdcmple</name>
         <value>0x3861</value>
         <object_component_ref idref="oc-36f"/>
      </symbol>
      <symbol id="sm-70b">
         <name>__aeabi_ddiv</name>
         <value>0x2f49</value>
         <object_component_ref idref="oc-1c9"/>
      </symbol>
      <symbol id="sm-716">
         <name>__aeabi_dmul</name>
         <value>0x3601</value>
         <object_component_ref idref="oc-17f"/>
      </symbol>
      <symbol id="sm-720">
         <name>__aeabi_d2iz</name>
         <value>0x3d69</value>
         <object_component_ref idref="oc-1ce"/>
      </symbol>
      <symbol id="sm-72c">
         <name>__aeabi_d2f</name>
         <value>0x39d1</value>
         <object_component_ref idref="oc-189"/>
      </symbol>
      <symbol id="sm-736">
         <name>__aeabi_d2uiz</name>
         <value>0x3db1</value>
         <object_component_ref idref="oc-1d3"/>
      </symbol>
      <symbol id="sm-741">
         <name>__aeabi_f2d</name>
         <value>0x3eaf</value>
         <object_component_ref idref="oc-17a"/>
      </symbol>
      <symbol id="sm-74b">
         <name>__aeabi_i2d</name>
         <value>0x401b</value>
         <object_component_ref idref="oc-1c4"/>
      </symbol>
      <symbol id="sm-755">
         <name>__aeabi_ui2d</name>
         <value>0x410f</value>
         <object_component_ref idref="oc-1d8"/>
      </symbol>
      <symbol id="sm-76e">
         <name>__TI_zero_init_nomemset</name>
         <value>0x416b</value>
         <object_component_ref idref="oc-48"/>
      </symbol>
      <symbol id="sm-785">
         <name>__TI_decompress_none</name>
         <value>0x429b</value>
         <object_component_ref idref="oc-1b"/>
      </symbol>
      <symbol id="sm-7a8">
         <name>__TI_decompress_lzss</name>
         <value>0x3aa9</value>
         <object_component_ref idref="oc-15"/>
      </symbol>
      <symbol id="sm-7be">
         <name>__aeabi_errno_addr</name>
         <value>0x4329</value>
         <object_component_ref idref="oc-369"/>
      </symbol>
      <symbol id="sm-7bf">
         <name>errno</name>
         <value>0x20000b64</value>
         <object_component_ref idref="oc-422"/>
      </symbol>
      <symbol id="sm-7d2">
         <name>__stack</name>
         <value>0x20000270</value>
         <object_component_ref idref="oc-25"/>
      </symbol>
      <symbol id="sm-7d3">
         <name>_c_int00_noargs</name>
         <value>0x3fb9</value>
         <object_component_ref idref="oc-5a"/>
      </symbol>
      <symbol id="sm-7ee">
         <name>memcpy</name>
         <value>0x37c5</value>
         <object_component_ref idref="oc-3c"/>
      </symbol>
      <symbol id="sm-7ef">
         <name>__aeabi_memcpy</name>
         <value>0x37c5</value>
         <object_component_ref idref="oc-3c"/>
      </symbol>
      <symbol id="sm-7f0">
         <name>__aeabi_memcpy8</name>
         <value>0x37c5</value>
         <object_component_ref idref="oc-3c"/>
      </symbol>
      <symbol id="sm-7f1">
         <name>__aeabi_memcpy4</name>
         <value>0x37c5</value>
         <object_component_ref idref="oc-3c"/>
      </symbol>
      <symbol id="sm-81e">
         <name>__TI_auto_init_nobinit</name>
         <value>0x3b71</value>
         <object_component_ref idref="oc-127"/>
      </symbol>
      <symbol id="sm-828">
         <name>_system_pre_init</name>
         <value>0x4359</value>
         <object_component_ref idref="oc-9c"/>
      </symbol>
      <symbol id="sm-834">
         <name>C$$EXIT</name>
         <value>0x435d</value>
         <object_component_ref idref="oc-115"/>
      </symbol>
      <symbol id="sm-835">
         <name>abort</name>
         <value>0x435d</value>
         <object_component_ref idref="oc-115"/>
      </symbol>
      <symbol id="sm-838">
         <name>__TI_static_base__</name>
         <value>0x0</value>
      </symbol>
      <symbol id="sm-83b">
         <name>__mpu_init</name>
         <value>0x0</value>
      </symbol>
      <symbol id="sm-83c">
         <name>_system_post_cinit</name>
         <value>0x0</value>
      </symbol>
   </symbol_table>
   <title>Link successful</title>
</link_info>
