******************************************************************************
                  TI ARM Linker PC v20.2.1                     
******************************************************************************
>> Linked Sat Aug  7 21:24:22 2021

OUTPUT FILE NAME:   <KIT21_LVBMS_Code.out>
ENTRY POINT SYMBOL: "_c_int00_noargs"  address: 00003fb9


MEMORY CONFIGURATION

         name            origin    length      used     unused   attr    fill
----------------------  --------  ---------  --------  --------  ----  --------
  FLASH                 00000000   00040000  00004750  0003b8b0  R  X
  SRAM                  20000000   00008000  00000b64  0000749c  RW X


SEGMENT ALLOCATION MAP

run origin  load origin   length   init length attrs members
----------  ----------- ---------- ----------- ----- -------
00000000    00000000    00004750   00004750    r-x
  00000000    00000000    0000026c   0000026c    r-- .intvecs
  0000026c    0000026c    000040f4   000040f4    r-x .text
  00004360    00004360    000003ac   000003ac    r-- .const
  0000470c    0000470c    00000004   00000004    r-- .init_array
  00004710    00004710    00000040   00000040    r-- .cinit
20000000    20000000    00000b68   00000000    rw-
  20000000    20000000    0000026c   00000000    rw- .vtable
  20000270    20000270    00000800   00000000    rw- .stack
  20000a70    20000a70    000000ec   00000000    rw- .bss
  20000b5c    20000b5c    0000000c   00000000    rw- .data


SECTION ALLOCATION MAP

 output                                  attributes/
section   page    origin      length       input sections
--------  ----  ----------  ----------   ----------------
.intvecs   0    00000000    0000026c     
                  00000000    0000026c     tm4c123gh6pm_startup_ccs.obj (.intvecs)

.text      0    0000026c    000040f4     
                  0000026c    00001458     I2C.obj (.text)
                  000016c4    000007ec     ADC.obj (.text)
                  00001eb0    000003c4     rtsv7M4_T_le_v4SPD16_eabi.lib : e_log.c.obj (.text:log)
                  00002274    00000320     main.obj (.text)
                  00002594    000002b8     CANDriver.obj (.text)
                  0000284c    00000218     TestCAN.obj (.text)
                  00002a64    000001f0     rtsv7M4_T_le_v4SPD16_eabi.lib : e_logf.c.obj (.text:logf)
                  00002c54    000001b6                                   : fd_add_t2.asm.obj (.text)
                  00002e0a    00000002     --HOLE-- [fill = 0]
                  00002e0c    0000013c     driverlib.lib : can.obj (.text:CANMessageSet)
                  00002f48    00000136     rtsv7M4_T_le_v4SPD16_eabi.lib : fd_div_t2.asm.obj (.text)
                  0000307e    00000130     driverlib.lib : gpio.obj (.text:GPIOPadConfigSet)
                  000031ae    00000002     --HOLE-- [fill = 0]
                  000031b0    00000124     GPIO.obj (.text)
                  000032d4    00000118     Timer.obj (.text)
                  000033ec    00000110     driverlib.lib : can.obj (.text:CANMessageGet)
                  000034fc    00000104                   : sysctl.obj (.text:SysCtlClockSet)
                  00003600    000000fc     rtsv7M4_T_le_v4SPD16_eabi.lib : fd_mul_t2.asm.obj (.text)
                  000036fc    000000c8     driverlib.lib : sysctl.obj (.text:SysCtlClockGet)
                  000037c4    0000009c     rtsv7M4_T_le_v4SPD16_eabi.lib : memcpy_t2.asm.obj (.text)
                  00003860    00000086                                   : fd_cmp_t2.asm.obj (.text:__aeabi_cdcmple)
                  000038e6    0000007a                                   : memset_t2.asm.obj (.text)
                  00003960    00000070     driverlib.lib : adc.obj (.text:ADCSequenceStepConfigure)
                  000039d0    0000006e     rtsv7M4_T_le_v4SPD16_eabi.lib : fd_tos_t2.asm.obj (.text)
                  00003a3e    00000002     --HOLE-- [fill = 0]
                  00003a40    00000068     driverlib.lib : can.obj (.text:CANBitRateSet)
                  00003aa8    00000068     rtsv7M4_T_le_v4SPD16_eabi.lib : copy_decompress_lzss.c.obj (.text:decompress:lzss:__TI_decompress_lzss)
                  00003b10    00000060     driverlib.lib : interrupt.obj (.text:IntEnable)
                  00003b70    00000060     rtsv7M4_T_le_v4SPD16_eabi.lib : autoinit.c.obj (.text:__TI_auto_init_nobinit:__TI_auto_init_nobinit)
                  00003bd0    0000005c     driverlib.lib : timer.obj (.text:TimerConfigure)
                  00003c2c    00000056                   : gpio.obj (.text:GPIOIntTypeSet)
                  00003c82    00000002     --HOLE-- [fill = 0]
                  00003c84    00000050                   : sysctl.obj (.text:SysCtlPeripheralReset)
                  00003cd4    0000004c                   : timer.obj (.text:_TimerIntNumberGet)
                  00003d20    00000048                   : gpio.obj (.text:GPIOPinConfigure)
                  00003d68    00000048     rtsv7M4_T_le_v4SPD16_eabi.lib : fd_toi_t2.asm.obj (.text)
                  00003db0    00000044                                   : fd_tou_t2.asm.obj (.text)
                  00003df4    00000040     driverlib.lib : can.obj (.text:CANStatusGet)
                  00003e34    00000040                   : gpio.obj (.text:_GPIOIntNumberGet)
                  00003e74    0000003a                   : can.obj (.text:CANInit)
                  00003eae    00000038     rtsv7M4_T_le_v4SPD16_eabi.lib : fs_tod_t2.asm.obj (.text)
                  00003ee6    00000002     --HOLE-- [fill = 0]
                  00003ee8    00000034     driverlib.lib : interrupt.obj (.text:IntRegister)
                  00003f1c    00000034                   : sysctl.obj (.text:SysCtlPeripheralDisable)
                  00003f50    00000034                   : sysctl.obj (.text:SysCtlPeripheralEnable)
                  00003f84    00000034                   : sysctl.obj (.text:SysCtlPeripheralReady)
                  00003fb8    00000034     rtsv7M4_T_le_v4SPD16_eabi.lib : boot_cortex_m.c.obj (.text:_c_int00_noargs:_c_int00_noargs)
                  00003fec    0000002e     driverlib.lib : adc.obj (.text:ADCIntStatus)
                  0000401a    0000002e     rtsv7M4_T_le_v4SPD16_eabi.lib : i_tofd_t2.asm.obj (.text)
                  00004048    0000002c     driverlib.lib : adc.obj (.text:ADCSequenceConfigure)
                  00004074    0000002a                   : gpio.obj (.text:GPIODirModeSet)
                  0000409e    0000002a                   : can.obj (.text:_CANDataRegRead)
                  000040c8    00000024                   : can.obj (.text:_CANDataRegWrite)
                  000040ec    00000022                   : can.obj (.text:CANIntClear)
                  0000410e    00000020     rtsv7M4_T_le_v4SPD16_eabi.lib : u_tofd_t2.asm.obj (.text)
                  0000412e    0000001e     driverlib.lib : adc.obj (.text:ADCSequenceDataGet)
                  0000414c    0000001e                   : can.obj (.text:CANIntStatus)
                  0000416a    0000001c     rtsv7M4_T_le_v4SPD16_eabi.lib : copy_zero_init.c.obj (.text:decompress:ZI:__TI_zero_init_nomemset:__TI_zero_init_nomemset)
                  00004186    00000018     driverlib.lib : gpio.obj (.text:GPIOIntRegister)
                  0000419e    00000018                   : gpio.obj (.text:GPIOPinTypeGPIOOutput)
                  000041b6    00000018                   : timer.obj (.text:TimerIntRegister)
                  000041ce    00000016                   : adc.obj (.text:ADCProcessorTrigger)
                  000041e4    00000014                   : timer.obj (.text:TimerDisable)
                  000041f8    00000012                   : adc.obj (.text:ADCHardwareOversampleConfigure)
                  0000420a    00000012                   : gpio.obj (.text:GPIOPinTypeADC)
                  0000421c    00000012                   : gpio.obj (.text:GPIOPinTypeCAN)
                  0000422e    00000012                   : gpio.obj (.text:GPIOPinTypeGPIOInput)
                  00004240    00000012                   : timer.obj (.text:TimerLoadSet)
                  00004252    00000010     ADC.obj (.text:_Z3logf)
                  00004262    0000000e     driverlib.lib : adc.obj (.text:ADCSequenceDisable)
                  00004270    0000000e                   : adc.obj (.text:ADCSequenceEnable)
                  0000427e    0000000e                   : gpio.obj (.text:GPIOIntStatus)
                  0000428c    0000000e                   : timer.obj (.text:TimerEnable)
                  0000429a    0000000e     rtsv7M4_T_le_v4SPD16_eabi.lib : copy_decompress_none.c.obj (.text:decompress:none:__TI_decompress_none)
                  000042a8    0000000c     driverlib.lib : adc.obj (.text:ADCReferenceSet)
                  000042b4    0000000c                   : cpu.obj (.text:CPUcpsie)
                  000042c0    0000000c                   : gpio.obj (.text:GPIOIntEnable)
                  000042cc    0000000c     tm4c123gh6pm_startup_ccs.obj (.text)
                  000042d8    0000000a     driverlib.lib : adc.obj (.text:ADCIntClear)
                  000042e2    0000000a                   : can.obj (.text:CANEnable)
                  000042ec    0000000a                   : interrupt.obj (.text:IntMasterEnable)
                  000042f6    0000000a                   : timer.obj (.text:TimerIntStatus)
                  00004300    00000008                   : can.obj (.text:CANIntEnable)
                  00004308    00000008                   : i2c.obj (.text:I2CMasterBusBusy)
                  00004310    00000008                   : i2c.obj (.text:I2CMasterBusy)
                  00004318    00000008                   : i2c.obj (.text:I2CMasterSlaveAddrSet)
                  00004320    00000008                   : timer.obj (.text:TimerIntEnable)
                  00004328    00000008     rtsv7M4_T_le_v4SPD16_eabi.lib : errno.c.obj (.text:__aeabi_errno_addr)
                  00004330    00000006     driverlib.lib : gpio.obj (.text:GPIOIntClear)
                  00004336    00000006                   : gpio.obj (.text:GPIOPinRead)
                  0000433c    00000006                   : gpio.obj (.text:GPIOPinWrite)
                  00004342    00000006                   : sysctl.obj (.text:SysCtlDelay)
                  00004348    00000004                   : i2c.obj (.text:I2CMasterControl)
                  0000434c    00000004                   : i2c.obj (.text:I2CMasterDataGet)
                  00004350    00000004                   : i2c.obj (.text:I2CMasterDataPut)
                  00004354    00000004                   : timer.obj (.text:TimerIntClear)
                  00004358    00000004     rtsv7M4_T_le_v4SPD16_eabi.lib : pre_init.c.obj (.text:_system_pre_init)
                  0000435c    00000004                                   : exit.c.obj (.text:abort:abort)

.const     0    00004360    000003ac     
                  00004360    000000c0     driverlib.lib : gpio.obj (.const:g_ppui32GPIOIntMapBlizzard)
                  00004420    000000c0                   : gpio.obj (.const:g_ppui32GPIOIntMapSnowflake)
                  000044e0    00000090                   : gpio.obj (.const:g_pui32GPIOBaseAddrs)
                  00004570    00000070                   : interrupt.obj (.const)
                  000045e0    0000006c                   : sysctl.obj (.const:g_pui32Xtals)
                  0000464c    00000060                   : timer.obj (.const:g_ppui32TimerIntMap)
                  000046ac    00000040                   : timer.obj (.const:g_ppui32TimerIntMapSnowflake)
                  000046ec    00000020                   : can.obj (.const)

.cinit     0    00004710    00000040     
                  00004710    0000000c     (__TI_handler_table)
                  0000471c    00000004     --HOLE-- [fill = 0]
                  00004720    00000008     (.cinit..bss.load) [load image, compression = zero_init]
                  00004728    00000008     (.cinit..vtable.load) [load image, compression = zero_init]
                  00004730    00000007     (.cinit..data.load) [load image, compression = lzss]
                  00004737    00000001     --HOLE-- [fill = 0]
                  00004738    00000018     (__TI_cinit_table)

.init_array 
*          0    0000470c    00000004     
                  0000470c    00000004     main.obj (.init_array)

.vtable    0    20000000    0000026c     UNINITIALIZED
                  20000000    0000026c     driverlib.lib : interrupt.obj (.vtable)

.bss       0    20000a70    000000ec     UNINITIALIZED
                  20000a70    000000b4     main.obj (.bss:BMS)
                  20000b24    00000038     (.common:Registers)

.data      0    20000b5c    0000000c     UNINITIALIZED
                  20000b5c    00000004     I2C.obj (.data)
                  20000b60    00000004     Timer.obj (.data)
                  20000b64    00000004     rtsv7M4_T_le_v4SPD16_eabi.lib : errno.c.obj (.data)

.stack     0    20000270    00000800     UNINITIALIZED
                  20000270    00000004     rtsv7M4_T_le_v4SPD16_eabi.lib : boot_cortex_m.c.obj (.stack)
                  20000274    000007fc     --HOLE--

__llvm_prf_cnts 
*          0    20000000    00000000     UNINITIALIZED

MODULE SUMMARY

       Module                         code    ro data   rw data
       ------                         ----    -------   -------
    .\
       main.obj                       800     4         236    
       tm4c123gh6pm_startup_ccs.obj   12      620       0      
    +--+------------------------------+-------+---------+---------+
       Total:                         812     624       236    
                                                               
    .\src\
       I2C.obj                        5208    0         4      
       ADC.obj                        2044    0         0      
       CANDriver.obj                  696     0         0      
       TestCAN.obj                    536     0         0      
       GPIO.obj                       292     0         0      
       Timer.obj                      280     0         4      
    +--+------------------------------+-------+---------+---------+
       Total:                         9056    0         8      
                                                               
    ../driverlib.lib
       gpio.obj                       714     528       0      
       can.obj                        974     32        0      
       interrupt.obj                  158     112       620    
       sysctl.obj                     702     108       0      
       timer.obj                      266     160       0      
       adc.obj                        322     0         0      
       i2c.obj                        36      0         0      
       cpu.obj                        12      0         0      
    +--+------------------------------+-------+---------+---------+
       Total:                         3184    940       620    
                                                               
    D:\Backup\CCS\ccs\tools\compiler\ti-cgt-arm_20.2.1.LTS\lib\rtsv7M4_T_le_v4SPD16_eabi.lib
       e_log.c.obj                    964     0         0      
       e_logf.c.obj                   496     0         0      
       fd_add_t2.asm.obj              438     0         0      
       fd_div_t2.asm.obj              310     0         0      
       fd_mul_t2.asm.obj              252     0         0      
       memcpy_t2.asm.obj              156     0         0      
       fd_cmp_t2.asm.obj              134     0         0      
       memset_t2.asm.obj              122     0         0      
       fd_tos_t2.asm.obj              110     0         0      
       copy_decompress_lzss.c.obj     104     0         0      
       autoinit.c.obj                 96      0         0      
       fd_toi_t2.asm.obj              72      0         0      
       fd_tou_t2.asm.obj              68      0         0      
       fs_tod_t2.asm.obj              56      0         0      
       boot_cortex_m.c.obj            52      0         0      
       i_tofd_t2.asm.obj              46      0         0      
       u_tofd_t2.asm.obj              32      0         0      
       copy_zero_init.c.obj           28      0         0      
       copy_decompress_none.c.obj     14      0         0      
       errno.c.obj                    8       0         4      
       exit.c.obj                     4       0         0      
       pre_init.c.obj                 4       0         0      
    +--+------------------------------+-------+---------+---------+
       Total:                         3566    0         4      
                                                               
       Stack:                         0       0         2048   
       Linker Generated:              0       59        0      
    +--+------------------------------+-------+---------+---------+
       Grand Total:                   16618   1623      2916   


LINKER GENERATED COPY TABLES

__TI_cinit_table @ 00004738 records: 3, size/record: 8, table size: 24
	.bss: load addr=00004720, load size=00000008 bytes, run addr=20000a70, run size=000000ec bytes, compression=zero_init
	.vtable: load addr=00004728, load size=00000008 bytes, run addr=20000000, run size=0000026c bytes, compression=zero_init
	.data: load addr=00004730, load size=00000007 bytes, run addr=20000b5c, run size=0000000c bytes, compression=lzss


LINKER GENERATED HANDLER TABLE

__TI_handler_table @ 00004710 records: 3, size/record: 4, table size: 12
	index: 0, handler: __TI_zero_init
	index: 1, handler: __TI_decompress_lzss
	index: 2, handler: __TI_decompress_none


GLOBAL SYMBOLS: SORTED ALPHABETICALLY BY Name 

address   name                                                                
-------   ----                                                                
000041f9  ADCHardwareOversampleConfigure                                      
000042d9  ADCIntClear                                                         
00003fed  ADCIntStatus                                                        
000041cf  ADCProcessorTrigger                                                 
000042a9  ADCReferenceSet                                                     
00004049  ADCSequenceConfigure                                                
0000412f  ADCSequenceDataGet                                                  
00004263  ADCSequenceDisable                                                  
00004271  ADCSequenceEnable                                                   
00003961  ADCSequenceStepConfigure                                            
20000a70  BMS                                                                 
0000435d  C$$EXIT                                                             
00003a41  CANBitRateSet                                                       
000042e3  CANEnable                                                           
00003e75  CANInit                                                             
000040ed  CANIntClear                                                         
00004301  CANIntEnable                                                        
0000414d  CANIntStatus                                                        
000033ed  CANMessageGet                                                       
00002e0d  CANMessageSet                                                       
00003df5  CANStatusGet                                                        
000042b5  CPUcpsie                                                            
00004075  GPIODirModeSet                                                      
00004331  GPIOIntClear                                                        
000042c1  GPIOIntEnable                                                       
00004187  GPIOIntRegister                                                     
0000427f  GPIOIntStatus                                                       
00003c2d  GPIOIntTypeSet                                                      
0000307f  GPIOPadConfigSet                                                    
00003d21  GPIOPinConfigure                                                    
00004337  GPIOPinRead                                                         
0000420b  GPIOPinTypeADC                                                      
0000421d  GPIOPinTypeCAN                                                      
0000422f  GPIOPinTypeGPIOInput                                                
0000419f  GPIOPinTypeGPIOOutput                                               
0000433d  GPIOPinWrite                                                        
00004309  I2CMasterBusBusy                                                    
00004311  I2CMasterBusy                                                       
00004349  I2CMasterControl                                                    
0000434d  I2CMasterDataGet                                                    
00004351  I2CMasterDataPut                                                    
00004319  I2CMasterSlaveAddrSet                                               
00003b11  IntEnable                                                           
000042ed  IntMasterEnable                                                     
00003ee9  IntRegister                                                         
20000b24  Registers                                                           
000042cd  ResetISR                                                            
0000470c  SHT$$INIT_ARRAY$$Base                                               
00004710  SHT$$INIT_ARRAY$$Limit                                              
000036fd  SysCtlClockGet                                                      
000034fd  SysCtlClockSet                                                      
00004343  SysCtlDelay                                                         
00003f1d  SysCtlPeripheralDisable                                             
00003f51  SysCtlPeripheralEnable                                              
00003f85  SysCtlPeripheralReady                                               
00003c85  SysCtlPeripheralReset                                               
00003bd1  TimerConfigure                                                      
000041e5  TimerDisable                                                        
0000428d  TimerEnable                                                         
00004355  TimerIntClear                                                       
00004321  TimerIntEnable                                                      
000041b7  TimerIntRegister                                                    
000042f7  TimerIntStatus                                                      
00004241  TimerLoadSet                                                        
00003331  _Z10SysTickIntv                                                     
00002275  _Z15GlobalBMSUpdatev                                                
000022a1  _Z18GlobalBMSUpdateCHGv                                             
000022cd  _Z18GlobalBMSUpdateDSGv                                             
00003353  _Z24TimerDelayInterruptBeginv                                       
000032d5  _Z29TimerBMSUpdatesInterruptBeginPFvvE                              
00004253  _Z3logf                                                             
000033ad  _Z5Delayj                                                           
00001acd  _ZN3ADC11readVoltageEv                                              
0000191d  _ZN3ADC13readStackTempEv                                            
00001df1  _ZN3ADC14convertVoltageEjfif                                        
00001a11  _ZN3ADC14readMosfetTempEv                                           
00001d07  _ZN3ADC17convertTempIndegCEjfffiff                                  
00001cdf  _ZN3ADC20getMosfetTemperatureEv                                     
00001cf3  _ZN3ADC21getVoltageMeasurementEv                                    
00001ccd  _ZN3ADC26getBatteryStackTemperatureEv                               
000016d1  _ZN3ADC4InitEv                                                      
000016c5  _ZN3ADCC1Ev                                                         
000016c5  _ZN3ADCC2Ev                                                         
000029b5  _ZN3CAN12sendVoltagesEPj                                            
000028ef  _ZN3CAN15sendTemperatureEPh                                         
0000284d  _ZN3CANC1Ev                                                         
0000284d  _ZN3CANC2Ev                                                         
00003239  _ZN4GPIO16chargePumpEnableEv                                        
00003253  _ZN4GPIO17packMonitorEnableEv                                       
000031bd  _ZN4GPIO4InitEv                                                     
00003267  _ZN4GPIO8LEDBlinkEjj                                                
00003203  _ZN4GPIO9pinEnableEjjb                                              
000031b1  _ZN4GPIOC1Ev                                                        
000031b1  _ZN4GPIOC2Ev                                                        
00001097  _ZN7bq769x010getADCGainEv                                           
00000cd3  _ZN7bq769x011checkStatusEP15_Register_Group                         
000010a5  _ZN7bq769x012getADCOffsetEv                                         
0000131d  _ZN7bq769x013updateCurrentEP15_Register_Groupb                      
00000ef7  _ZN7bq769x014enableChargingEP15_Register_Group                      
00000c05  _ZN7bq769x014getCellVoltageEh                                       
000011d9  _ZN7bq769x014updateVoltagesEv                                       
00001109  _ZN7bq769x015I2CReadRegisterEj                                      
00000f6d  _ZN7bq769x015disableChargingEv                                      
20000b5c  _ZN7bq769x015instancePointerE                                       
000010b3  _ZN7bq769x016I2CWriteRegisterEjh                                    
00000fa5  _ZN7bq769x017enableDischargingEP15_Register_Group                   
00000be9  _ZN7bq769x017getBatteryCurrentEv                                    
00000bf7  _ZN7bq769x017getBatteryVoltageEv                                    
00000c45  _ZN7bq769x017getMaxCellVoltageEv                                    
00000c2f  _ZN7bq769x017getMinCellVoltageEv                                    
0000103f  _ZN7bq769x018disableDischargingEv                                   
00000c5b  _ZN7bq769x018getTemperatureDegCEh                                   
00000c9f  _ZN7bq769x018getTemperatureDegFEh                                   
00001415  _ZN7bq769x018updateTemperaturesEv                                   
00001061  _ZN7bq769x019enableAutoBalancingEv                                  
00001073  _ZN7bq769x020disableAutoBalancingEv                                 
00000c21  _ZN7bq769x020getCellVoltageBufferEv                                 
00000527  _ZN7bq769x020setTemperatureLimitsEiiii                              
00001085  _ZN7bq769x021setAlertInterruptFlagEv                                
00000501  _ZN7bq769x021setShuntResistorValueEf                                
00000ba3  _ZN7bq769x022setBalancingThresholdsEiih                             
00000515  _ZN7bq769x022setThermistorBetaValueEi                               
00000bd5  _ZN7bq769x023setIdleCurrentThresholdEi                              
00001541  _ZN7bq769x023updateBalancingSwitchesEP15_Register_Group             
00000ac3  _ZN7bq769x028setCellOvervoltageProtectionEP15_Register_Groupii      
000009db  _ZN7bq769x029setCellUndervoltageProtectionEP15_Register_Groupii     
00000721  _ZN7bq769x033setOvercurrentDischargeProtectionEP15_Register_Groupli 
0000057d  _ZN7bq769x034setShortCircuitDischargeProtectionEP15_Register_Groupli
00000327  _ZN7bq769x04InitEP15_Register_Group                                 
00000e59  _ZN7bq769x06updateEP15_Register_Group                               
00001163  _ZN7bq769x08alertISREv                                              
00000ed3  _ZN7bq769x08shutdownEv                                              
00000ead  _ZN7bq769x09updateCHGEP15_Register_Group                            
00000e87  _ZN7bq769x09updateDSGEP15_Register_Group                            
0000026d  _ZN7bq769x0C1Ehi                                                    
0000026d  _ZN7bq769x0C2Ehi                                                    
00002749  _ZN9CANDriver10getMessageEj                                         
00002773  _ZN9CANDriver14sendCANMessageEP13tCANMsgObjectj                     
000026d5  _ZN9CANDriver21checkStatusInterruptsEv                              
00002739  _ZN9CANDriver23getMessageInterruptMaskEv                            
000025a1  _ZN9CANDriver4initE6CAN0Rx6CAN0Txj                                  
00002691  _ZN9CANDriver4initE6CAN1Rx6CAN1Txj                                  
00002793  _ZN9CANDriver9enableCanEj                                           
00002595  _ZN9CANDriverC1Ev                                                   
00002595  _ZN9CANDriverC2Ev                                                   
20000a70  __STACK_END                                                         
00000800  __STACK_SIZE                                                        
20000470  __STACK_TOP                                                         
00004738  __TI_CINIT_Base                                                     
00004750  __TI_CINIT_Limit                                                    
00004710  __TI_Handler_Table_Base                                             
0000471c  __TI_Handler_Table_Limit                                            
00003b71  __TI_auto_init_nobinit                                              
00003aa9  __TI_decompress_lzss                                                
0000429b  __TI_decompress_none                                                
ffffffff  __TI_pprof_out_hndl                                                 
ffffffff  __TI_prof_data_size                                                 
ffffffff  __TI_prof_data_start                                                
00000000  __TI_static_base__                                                  
0000416b  __TI_zero_init_nomemset                                             
00003861  __aeabi_cdcmpeq                                                     
00003861  __aeabi_cdcmple                                                     
000039d1  __aeabi_d2f                                                         
00003d69  __aeabi_d2iz                                                        
00003db1  __aeabi_d2uiz                                                       
00002c5f  __aeabi_dadd                                                        
00002f49  __aeabi_ddiv                                                        
00003601  __aeabi_dmul                                                        
00002c55  __aeabi_dsub                                                        
00004329  __aeabi_errno_addr                                                  
00003eaf  __aeabi_f2d                                                         
0000401b  __aeabi_i2d                                                         
000038e7  __aeabi_memclr                                                      
000038e7  __aeabi_memclr4                                                     
000038e7  __aeabi_memclr8                                                     
000037c5  __aeabi_memcpy                                                      
000037c5  __aeabi_memcpy4                                                     
000037c5  __aeabi_memcpy8                                                     
000038e9  __aeabi_memset                                                      
000038e9  __aeabi_memset4                                                     
000038e9  __aeabi_memset8                                                     
0000410f  __aeabi_ui2d                                                        
ffffffff  __binit__                                                           
ffffffff  __c_args__                                                          
UNDEFED   __mpu_init                                                          
20000270  __stack                                                             
20000000  __start___llvm_prf_cnts                                             
00002565  __sti___8_main_cpp_BMS                                              
20000000  __stop___llvm_prf_cnts                                              
00003fb9  _c_int00_noargs                                                     
UNDEFED   _system_post_cinit                                                  
00004359  _system_pre_init                                                    
0000435d  abort                                                               
ffffffff  binit                                                               
20000b64  errno                                                               
20000000  g_pfnRAMVectors                                                     
00000000  g_pfnVectors                                                        
00001eb1  log                                                                 
00002a65  logf                                                                
00001eb1  logl                                                                
000022f9  main                                                                
000037c5  memcpy                                                              
000038ef  memset                                                              
20000b60  millis                                                              


GLOBAL SYMBOLS: SORTED BY Symbol Address 

address   name                                                                
-------   ----                                                                
00000000  __TI_static_base__                                                  
00000000  g_pfnVectors                                                        
0000026d  _ZN7bq769x0C1Ehi                                                    
0000026d  _ZN7bq769x0C2Ehi                                                    
00000327  _ZN7bq769x04InitEP15_Register_Group                                 
00000501  _ZN7bq769x021setShuntResistorValueEf                                
00000515  _ZN7bq769x022setThermistorBetaValueEi                               
00000527  _ZN7bq769x020setTemperatureLimitsEiiii                              
0000057d  _ZN7bq769x034setShortCircuitDischargeProtectionEP15_Register_Groupli
00000721  _ZN7bq769x033setOvercurrentDischargeProtectionEP15_Register_Groupli 
00000800  __STACK_SIZE                                                        
000009db  _ZN7bq769x029setCellUndervoltageProtectionEP15_Register_Groupii     
00000ac3  _ZN7bq769x028setCellOvervoltageProtectionEP15_Register_Groupii      
00000ba3  _ZN7bq769x022setBalancingThresholdsEiih                             
00000bd5  _ZN7bq769x023setIdleCurrentThresholdEi                              
00000be9  _ZN7bq769x017getBatteryCurrentEv                                    
00000bf7  _ZN7bq769x017getBatteryVoltageEv                                    
00000c05  _ZN7bq769x014getCellVoltageEh                                       
00000c21  _ZN7bq769x020getCellVoltageBufferEv                                 
00000c2f  _ZN7bq769x017getMinCellVoltageEv                                    
00000c45  _ZN7bq769x017getMaxCellVoltageEv                                    
00000c5b  _ZN7bq769x018getTemperatureDegCEh                                   
00000c9f  _ZN7bq769x018getTemperatureDegFEh                                   
00000cd3  _ZN7bq769x011checkStatusEP15_Register_Group                         
00000e59  _ZN7bq769x06updateEP15_Register_Group                               
00000e87  _ZN7bq769x09updateDSGEP15_Register_Group                            
00000ead  _ZN7bq769x09updateCHGEP15_Register_Group                            
00000ed3  _ZN7bq769x08shutdownEv                                              
00000ef7  _ZN7bq769x014enableChargingEP15_Register_Group                      
00000f6d  _ZN7bq769x015disableChargingEv                                      
00000fa5  _ZN7bq769x017enableDischargingEP15_Register_Group                   
0000103f  _ZN7bq769x018disableDischargingEv                                   
00001061  _ZN7bq769x019enableAutoBalancingEv                                  
00001073  _ZN7bq769x020disableAutoBalancingEv                                 
00001085  _ZN7bq769x021setAlertInterruptFlagEv                                
00001097  _ZN7bq769x010getADCGainEv                                           
000010a5  _ZN7bq769x012getADCOffsetEv                                         
000010b3  _ZN7bq769x016I2CWriteRegisterEjh                                    
00001109  _ZN7bq769x015I2CReadRegisterEj                                      
00001163  _ZN7bq769x08alertISREv                                              
000011d9  _ZN7bq769x014updateVoltagesEv                                       
0000131d  _ZN7bq769x013updateCurrentEP15_Register_Groupb                      
00001415  _ZN7bq769x018updateTemperaturesEv                                   
00001541  _ZN7bq769x023updateBalancingSwitchesEP15_Register_Group             
000016c5  _ZN3ADCC1Ev                                                         
000016c5  _ZN3ADCC2Ev                                                         
000016d1  _ZN3ADC4InitEv                                                      
0000191d  _ZN3ADC13readStackTempEv                                            
00001a11  _ZN3ADC14readMosfetTempEv                                           
00001acd  _ZN3ADC11readVoltageEv                                              
00001ccd  _ZN3ADC26getBatteryStackTemperatureEv                               
00001cdf  _ZN3ADC20getMosfetTemperatureEv                                     
00001cf3  _ZN3ADC21getVoltageMeasurementEv                                    
00001d07  _ZN3ADC17convertTempIndegCEjfffiff                                  
00001df1  _ZN3ADC14convertVoltageEjfif                                        
00001eb1  log                                                                 
00001eb1  logl                                                                
00002275  _Z15GlobalBMSUpdatev                                                
000022a1  _Z18GlobalBMSUpdateCHGv                                             
000022cd  _Z18GlobalBMSUpdateDSGv                                             
000022f9  main                                                                
00002565  __sti___8_main_cpp_BMS                                              
00002595  _ZN9CANDriverC1Ev                                                   
00002595  _ZN9CANDriverC2Ev                                                   
000025a1  _ZN9CANDriver4initE6CAN0Rx6CAN0Txj                                  
00002691  _ZN9CANDriver4initE6CAN1Rx6CAN1Txj                                  
000026d5  _ZN9CANDriver21checkStatusInterruptsEv                              
00002739  _ZN9CANDriver23getMessageInterruptMaskEv                            
00002749  _ZN9CANDriver10getMessageEj                                         
00002773  _ZN9CANDriver14sendCANMessageEP13tCANMsgObjectj                     
00002793  _ZN9CANDriver9enableCanEj                                           
0000284d  _ZN3CANC1Ev                                                         
0000284d  _ZN3CANC2Ev                                                         
000028ef  _ZN3CAN15sendTemperatureEPh                                         
000029b5  _ZN3CAN12sendVoltagesEPj                                            
00002a65  logf                                                                
00002c55  __aeabi_dsub                                                        
00002c5f  __aeabi_dadd                                                        
00002e0d  CANMessageSet                                                       
00002f49  __aeabi_ddiv                                                        
0000307f  GPIOPadConfigSet                                                    
000031b1  _ZN4GPIOC1Ev                                                        
000031b1  _ZN4GPIOC2Ev                                                        
000031bd  _ZN4GPIO4InitEv                                                     
00003203  _ZN4GPIO9pinEnableEjjb                                              
00003239  _ZN4GPIO16chargePumpEnableEv                                        
00003253  _ZN4GPIO17packMonitorEnableEv                                       
00003267  _ZN4GPIO8LEDBlinkEjj                                                
000032d5  _Z29TimerBMSUpdatesInterruptBeginPFvvE                              
00003331  _Z10SysTickIntv                                                     
00003353  _Z24TimerDelayInterruptBeginv                                       
000033ad  _Z5Delayj                                                           
000033ed  CANMessageGet                                                       
000034fd  SysCtlClockSet                                                      
00003601  __aeabi_dmul                                                        
000036fd  SysCtlClockGet                                                      
000037c5  __aeabi_memcpy                                                      
000037c5  __aeabi_memcpy4                                                     
000037c5  __aeabi_memcpy8                                                     
000037c5  memcpy                                                              
00003861  __aeabi_cdcmpeq                                                     
00003861  __aeabi_cdcmple                                                     
000038e7  __aeabi_memclr                                                      
000038e7  __aeabi_memclr4                                                     
000038e7  __aeabi_memclr8                                                     
000038e9  __aeabi_memset                                                      
000038e9  __aeabi_memset4                                                     
000038e9  __aeabi_memset8                                                     
000038ef  memset                                                              
00003961  ADCSequenceStepConfigure                                            
000039d1  __aeabi_d2f                                                         
00003a41  CANBitRateSet                                                       
00003aa9  __TI_decompress_lzss                                                
00003b11  IntEnable                                                           
00003b71  __TI_auto_init_nobinit                                              
00003bd1  TimerConfigure                                                      
00003c2d  GPIOIntTypeSet                                                      
00003c85  SysCtlPeripheralReset                                               
00003d21  GPIOPinConfigure                                                    
00003d69  __aeabi_d2iz                                                        
00003db1  __aeabi_d2uiz                                                       
00003df5  CANStatusGet                                                        
00003e75  CANInit                                                             
00003eaf  __aeabi_f2d                                                         
00003ee9  IntRegister                                                         
00003f1d  SysCtlPeripheralDisable                                             
00003f51  SysCtlPeripheralEnable                                              
00003f85  SysCtlPeripheralReady                                               
00003fb9  _c_int00_noargs                                                     
00003fed  ADCIntStatus                                                        
0000401b  __aeabi_i2d                                                         
00004049  ADCSequenceConfigure                                                
00004075  GPIODirModeSet                                                      
000040ed  CANIntClear                                                         
0000410f  __aeabi_ui2d                                                        
0000412f  ADCSequenceDataGet                                                  
0000414d  CANIntStatus                                                        
0000416b  __TI_zero_init_nomemset                                             
00004187  GPIOIntRegister                                                     
0000419f  GPIOPinTypeGPIOOutput                                               
000041b7  TimerIntRegister                                                    
000041cf  ADCProcessorTrigger                                                 
000041e5  TimerDisable                                                        
000041f9  ADCHardwareOversampleConfigure                                      
0000420b  GPIOPinTypeADC                                                      
0000421d  GPIOPinTypeCAN                                                      
0000422f  GPIOPinTypeGPIOInput                                                
00004241  TimerLoadSet                                                        
00004253  _Z3logf                                                             
00004263  ADCSequenceDisable                                                  
00004271  ADCSequenceEnable                                                   
0000427f  GPIOIntStatus                                                       
0000428d  TimerEnable                                                         
0000429b  __TI_decompress_none                                                
000042a9  ADCReferenceSet                                                     
000042b5  CPUcpsie                                                            
000042c1  GPIOIntEnable                                                       
000042cd  ResetISR                                                            
000042d9  ADCIntClear                                                         
000042e3  CANEnable                                                           
000042ed  IntMasterEnable                                                     
000042f7  TimerIntStatus                                                      
00004301  CANIntEnable                                                        
00004309  I2CMasterBusBusy                                                    
00004311  I2CMasterBusy                                                       
00004319  I2CMasterSlaveAddrSet                                               
00004321  TimerIntEnable                                                      
00004329  __aeabi_errno_addr                                                  
00004331  GPIOIntClear                                                        
00004337  GPIOPinRead                                                         
0000433d  GPIOPinWrite                                                        
00004343  SysCtlDelay                                                         
00004349  I2CMasterControl                                                    
0000434d  I2CMasterDataGet                                                    
00004351  I2CMasterDataPut                                                    
00004355  TimerIntClear                                                       
00004359  _system_pre_init                                                    
0000435d  C$$EXIT                                                             
0000435d  abort                                                               
0000470c  SHT$$INIT_ARRAY$$Base                                               
00004710  SHT$$INIT_ARRAY$$Limit                                              
00004710  __TI_Handler_Table_Base                                             
0000471c  __TI_Handler_Table_Limit                                            
00004738  __TI_CINIT_Base                                                     
00004750  __TI_CINIT_Limit                                                    
20000000  __start___llvm_prf_cnts                                             
20000000  __stop___llvm_prf_cnts                                              
20000000  g_pfnRAMVectors                                                     
20000270  __stack                                                             
20000470  __STACK_TOP                                                         
20000a70  BMS                                                                 
20000a70  __STACK_END                                                         
20000b24  Registers                                                           
20000b5c  _ZN7bq769x015instancePointerE                                       
20000b60  millis                                                              
20000b64  errno                                                               
ffffffff  __TI_pprof_out_hndl                                                 
ffffffff  __TI_prof_data_size                                                 
ffffffff  __TI_prof_data_start                                                
ffffffff  __binit__                                                           
ffffffff  __c_args__                                                          
ffffffff  binit                                                               
UNDEFED   __mpu_init                                                          
UNDEFED   _system_post_cinit                                                  

[204 symbols]
